Archive member included because of file (symbol)

c:/isystem/winidea9/gcc/arm/bin/../lib/gcc/arm-none-eabi/4.9.3/../../../../arm-none-eabi/lib/cortex-m7\libc.a(lib_a-assert.o)
                              C:\SAMV7x\SAMV71x\app\Project_1_Task_Scheduler\SAMV71_Xplained_Ultra\Debug\pmc.o (__assert_func)
c:/isystem/winidea9/gcc/arm/bin/../lib/gcc/arm-none-eabi/4.9.3/../../../../arm-none-eabi/lib/cortex-m7\libc.a(lib_a-fiprintf.o)
                              c:/isystem/winidea9/gcc/arm/bin/../lib/gcc/arm-none-eabi/4.9.3/../../../../arm-none-eabi/lib/cortex-m7\libc.a(lib_a-assert.o) (fiprintf)
c:/isystem/winidea9/gcc/arm/bin/../lib/gcc/arm-none-eabi/4.9.3/../../../../arm-none-eabi/lib/cortex-m7\libc.a(lib_a-impure.o)
                              C:\SAMV7x\SAMV71x\app\Project_1_Task_Scheduler\SAMV71_Xplained_Ultra\Debug\dbg_console.o (_impure_ptr)
c:/isystem/winidea9/gcc/arm/bin/../lib/gcc/arm-none-eabi/4.9.3/../../../../arm-none-eabi/lib/cortex-m7\libc.a(lib_a-printf.o)
                              C:\SAMV7x\SAMV71x\app\Project_1_Task_Scheduler\SAMV71_Xplained_Ultra\Debug\syscalls.o (printf)
c:/isystem/winidea9/gcc/arm/bin/../lib/gcc/arm-none-eabi/4.9.3/../../../../arm-none-eabi/lib/cortex-m7\libc.a(lib_a-putchar.o)
                              C:\SAMV7x\SAMV71x\app\Project_1_Task_Scheduler\SAMV71_Xplained_Ultra\Debug\dbg_console.o (putchar)
c:/isystem/winidea9/gcc/arm/bin/../lib/gcc/arm-none-eabi/4.9.3/../../../../arm-none-eabi/lib/cortex-m7\libc.a(lib_a-setvbuf.o)
                              C:\SAMV7x\SAMV71x\app\Project_1_Task_Scheduler\SAMV71_Xplained_Ultra\Debug\dbg_console.o (setvbuf)
c:/isystem/winidea9/gcc/arm/bin/../lib/gcc/arm-none-eabi/4.9.3/../../../../arm-none-eabi/lib/cortex-m7\libc.a(lib_a-vfiprintf.o)
                              c:/isystem/winidea9/gcc/arm/bin/../lib/gcc/arm-none-eabi/4.9.3/../../../../arm-none-eabi/lib/cortex-m7\libc.a(lib_a-fiprintf.o) (_vfiprintf_r)
c:/isystem/winidea9/gcc/arm/bin/../lib/gcc/arm-none-eabi/4.9.3/../../../../arm-none-eabi/lib/cortex-m7\libc.a(lib_a-vfprintf.o)
                              c:/isystem/winidea9/gcc/arm/bin/../lib/gcc/arm-none-eabi/4.9.3/../../../../arm-none-eabi/lib/cortex-m7\libc.a(lib_a-printf.o) (_vfprintf_r)
c:/isystem/winidea9/gcc/arm/bin/../lib/gcc/arm-none-eabi/4.9.3/../../../../arm-none-eabi/lib/cortex-m7\libc.a(lib_a-wsetup.o)
                              c:/isystem/winidea9/gcc/arm/bin/../lib/gcc/arm-none-eabi/4.9.3/../../../../arm-none-eabi/lib/cortex-m7\libc.a(lib_a-vfiprintf.o) (__swsetup_r)
c:/isystem/winidea9/gcc/arm/bin/../lib/gcc/arm-none-eabi/4.9.3/../../../../arm-none-eabi/lib/cortex-m7\libc.a(lib_a-abort.o)
                              c:/isystem/winidea9/gcc/arm/bin/../lib/gcc/arm-none-eabi/4.9.3/../../../../arm-none-eabi/lib/cortex-m7\libc.a(lib_a-assert.o) (abort)
c:/isystem/winidea9/gcc/arm/bin/../lib/gcc/arm-none-eabi/4.9.3/../../../../arm-none-eabi/lib/cortex-m7\libc.a(lib_a-dtoa.o)
                              c:/isystem/winidea9/gcc/arm/bin/../lib/gcc/arm-none-eabi/4.9.3/../../../../arm-none-eabi/lib/cortex-m7\libc.a(lib_a-vfprintf.o) (_dtoa_r)
c:/isystem/winidea9/gcc/arm/bin/../lib/gcc/arm-none-eabi/4.9.3/../../../../arm-none-eabi/lib/cortex-m7\libc.a(lib_a-fflush.o)
                              c:/isystem/winidea9/gcc/arm/bin/../lib/gcc/arm-none-eabi/4.9.3/../../../../arm-none-eabi/lib/cortex-m7\libc.a(lib_a-setvbuf.o) (_fflush_r)
c:/isystem/winidea9/gcc/arm/bin/../lib/gcc/arm-none-eabi/4.9.3/../../../../arm-none-eabi/lib/cortex-m7\libc.a(lib_a-findfp.o)
                              c:/isystem/winidea9/gcc/arm/bin/../lib/gcc/arm-none-eabi/4.9.3/../../../../arm-none-eabi/lib/cortex-m7\libc.a(lib_a-setvbuf.o) (_cleanup_r)
c:/isystem/winidea9/gcc/arm/bin/../lib/gcc/arm-none-eabi/4.9.3/../../../../arm-none-eabi/lib/cortex-m7\libc.a(lib_a-fputwc.o)
                              c:/isystem/winidea9/gcc/arm/bin/../lib/gcc/arm-none-eabi/4.9.3/../../../../arm-none-eabi/lib/cortex-m7\libc.a(lib_a-vfiprintf.o) (_fputwc_r)
c:/isystem/winidea9/gcc/arm/bin/../lib/gcc/arm-none-eabi/4.9.3/../../../../arm-none-eabi/lib/cortex-m7\libc.a(lib_a-freer.o)
                              c:/isystem/winidea9/gcc/arm/bin/../lib/gcc/arm-none-eabi/4.9.3/../../../../arm-none-eabi/lib/cortex-m7\libc.a(lib_a-setvbuf.o) (_free_r)
c:/isystem/winidea9/gcc/arm/bin/../lib/gcc/arm-none-eabi/4.9.3/../../../../arm-none-eabi/lib/cortex-m7\libc.a(lib_a-fvwrite.o)
                              c:/isystem/winidea9/gcc/arm/bin/../lib/gcc/arm-none-eabi/4.9.3/../../../../arm-none-eabi/lib/cortex-m7\libc.a(lib_a-vfiprintf.o) (__sfvwrite_r)
c:/isystem/winidea9/gcc/arm/bin/../lib/gcc/arm-none-eabi/4.9.3/../../../../arm-none-eabi/lib/cortex-m7\libc.a(lib_a-fwalk.o)
                              c:/isystem/winidea9/gcc/arm/bin/../lib/gcc/arm-none-eabi/4.9.3/../../../../arm-none-eabi/lib/cortex-m7\libc.a(lib_a-findfp.o) (_fwalk)
c:/isystem/winidea9/gcc/arm/bin/../lib/gcc/arm-none-eabi/4.9.3/../../../../arm-none-eabi/lib/cortex-m7\libc.a(lib_a-locale.o)
[...]
Memory Configuration

Name             Origin             Length             Attributes
rom              0x00400000         0x00200000         xr
ram              0x20400000         0x00060000         xrw
sdram            0x70000000         0x00200000         xrw
*default*        0x00000000         0xffffffff

Linker script and memory map

LOAD C:\SAMV7x\SAMV71x\app\Project_1_Task_Scheduler\SAMV71_Xplained_Ultra\Debug\main.o
LOAD C:\SAMV7x\SAMV71x\app\Project_1_Task_Scheduler\SAMV71_Xplained_Ultra\Debug\system_sam.o
LOAD C:\SAMV7x\SAMV71x\app\Project_1_Task_Scheduler\SAMV71_Xplained_Ultra\Debug\syscalls.o
LOAD C:\SAMV7x\SAMV71x\app\Project_1_Task_Scheduler\SAMV71_Xplained_Ultra\Debug\app_scheduler.o
LOAD C:\SAMV7x\SAMV71x\app\Project_1_Task_Scheduler\SAMV71_Xplained_Ultra\Debug\app_tasks.o
LOAD C:\SAMV7x\SAMV71x\app\Project_1_Task_Scheduler\SAMV71_Xplained_Ultra\Debug\startup_sam.o
LOAD C:\SAMV7x\SAMV71x\app\Project_1_Task_Scheduler\SAMV71_Xplained_Ultra\Debug\board_lowlevel.o
LOAD C:\SAMV7x\SAMV71x\app\Project_1_Task_Scheduler\SAMV71_Xplained_Ultra\Debug\dbg_console.o
LOAD C:\SAMV7x\SAMV71x\app\Project_1_Task_Scheduler\SAMV71_Xplained_Ultra\Debug\led.o
LOAD C:\SAMV7x\SAMV71x\app\Project_1_Task_Scheduler\SAMV71_Xplained_Ultra\Debug\pmc.o
LOAD C:\SAMV7x\SAMV71x\app\Project_1_Task_Scheduler\SAMV71_Xplained_Ultra\Debug\pio.o
LOAD C:\SAMV7x\SAMV71x\app\Project_1_Task_Scheduler\SAMV71_Xplained_Ultra\Debug\mpu.o
LOAD C:\SAMV7x\SAMV71x\app\Project_1_Task_Scheduler\SAMV71_Xplained_Ultra\Debug\exceptions.o
LOAD C:\SAMV7x\SAMV71x\app\Project_1_Task_Scheduler\SAMV71_Xplained_Ultra\Debug\systick.o
LOAD C:\SAMV7x\SAMV71x\app\Project_1_Task_Scheduler\SAMV71_Xplained_Ultra\Debug\pio_it.o
LOAD C:\SAMV7x\SAMV71x\app\Project_1_Task_Scheduler\SAMV71_Xplained_Ultra\Debug\wdt.o
LOAD C:\SAMV7x\SAMV71x\app\Project_1_Task_Scheduler\SAMV71_Xplained_Ultra\Debug\led_ctrl.o
                0x00002000                STACK_SIZE = DEFINED (STACK_SIZE)?STACK_SIZE:0x2000
                0x00001000                HEAP_SIZE = DEFINED (HEAP_SIZE)?HEAP_SIZE:0x1000

.text           0x00400000     0x9398
                0x00400000                . = ALIGN (0x4)
                0x00400000                _sfixed = .
 *(.vectors .vectors.*)
 .vectors       0x00400000      0x140 C:\SAMV7x\SAMV71x\app\Project_1_Task_Scheduler\SAMV71_Xplained_Ultra\Debug\startup_sam.o
                0x00400000                exception_table
 *(.text .text.* .gnu.linkonce.t.*)
 .text          0x00400140       0x64 C:\SAMV7x\SAMV71x\app\Project_1_Task_Scheduler\SAMV71_Xplained_Ultra\Debug\main.o
                0x00400174                main
 .text          0x004001a4      0x378 C:\SAMV7x\SAMV71x\app\Project_1_Task_Scheduler\SAMV71_Xplained_Ultra\Debug\system_sam.o
                0x004001a4                SystemInit
                0x004002b0                SystemCoreClockUpdate
                0x00400418                system_init_flash
                0x004004ac                sysclk_enable_usb
                0x004004e8                sysclk_disable_usb
 .text          0x0040051c      0x164 C:\SAMV7x\SAMV71x\app\Project_1_Task_Scheduler\SAMV71_Xplained_Ultra\Debug\syscalls.o
                0x0040051c                _sbrk
                0x0040055c                link
                0x00400578                _close
                0x00400590                _fstat
                0x004005b0                _isatty
                0x004005c8                _lseek
                0x004005e4                _read
                0x00400600                _write
                0x0040063c                _exit
                0x00400654                _kill
                0x0040066c                _getpid
 .text          0x00400680      0x400 C:\SAMV7x\SAMV71x\app\Project_1_Task_Scheduler\SAMV71_Xplained_Ultra\Debug\app_scheduler.o
                0x004006f0                _ConfigureButtons
                0x00400728                vfnScheduler_Init
                0x00400790                vfnScheduler_Start
                0x004007b8                vfnScheduler_Stop
                0x004007d0                vfnScheduler_TaskStart
                0x0040080c                vfnScheduler_TaskActivate
                0x00400830                vfnSchedulePoint
                0x004008a4                vfnTask_Scheduler
                0x004009a4                vfnScheduler_Callback
 .text          0x00400a80       0x48 C:\SAMV7x\SAMV71x\app\Project_1_Task_Scheduler\SAMV71_Xplained_Ultra\Debug\app_tasks.o
                0x00400a80                TASKS_LIST_1MS
                0x00400a8c                TASKS_LIST_2MS_A
                0x00400a98                TASKS_LIST_2MS_B
                0x00400aa4                TASKS_LIST_10MS
                0x00400ab0                TASKS_LIST_50MS
                0x00400abc                TASKS_LIST_100MS
 .text          0x00400ac8       0xe0 C:\SAMV7x\SAMV71x\app\Project_1_Task_Scheduler\SAMV71_Xplained_Ultra\Debug\startup_sam.o
                0x00400b08                Reset_Handler
                0x00400ba0                DebugMon_Handler
                0x00400ba0                UART3_Handler
                0x00400ba0                UART2_Handler
                0x00400ba0                TRNG_Handler
                0x00400ba0                TC2_Handler
                0x00400ba0                AFEC1_Handler
                0x00400ba0                PendSV_Handler
                0x00400ba0                TC7_Handler
                0x00400ba0                QSPI_Handler
                0x00400ba0                ISI_Handler
                0x00400ba0                TC9_Handler
                0x00400ba0                RSWDT_Handler
                0x00400ba0                MCAN1_Handler
                0x00400ba0                USART0_Handler
                0x00400ba0                RTT_Handler
                0x00400ba0                USBHS_Handler
                0x00400ba0                CCF_Handler
                0x00400ba0                RTC_Handler
                0x00400ba0                TC6_Handler
                0x00400ba0                WDT_Handler
                0x00400ba0                TC4_Handler
                0x00400ba0                TC1_Handler
                0x00400ba0                HSMCI_Handler
                0x00400ba0                UART1_Handler
                0x00400ba0                DACC_Handler
                0x00400ba0                TC3_Handler
                0x00400ba0                Dummy_Handler
                0x00400ba0                TWIHS1_Handler
                0x00400ba0                XDMAC_Handler
                0x00400ba0                UART4_Handler
                0x00400ba0                PWM1_Handler
                0x00400ba0                USART1_Handler
                0x00400ba0                PWM0_Handler
                0x00400ba0                AFEC0_Handler
                0x00400ba0                CCW_Handler
                0x00400ba0                TC11_Handler
                0x00400ba0                SSC_Handler
                0x00400ba0                ACC_Handler
                0x00400ba0                PMC_Handler
                0x00400ba0                GMAC_Handler
                0x00400ba0                SUPC_Handler
                0x00400ba0                SVC_Handler
                0x00400ba0                TC8_Handler
                0x00400ba0                GMACQ2_Handler
                0x00400ba0                EFC_Handler
                0x00400ba0                USART2_Handler
                0x00400ba0                SDRAMC_Handler
                0x00400ba0                SPI1_Handler
                0x00400ba0                MCAN0_Handler
                0x00400ba0                TC10_Handler
                0x00400ba0                TWIHS2_Handler
                0x00400ba0                MLB_Handler
                0x00400ba0                UART0_Handler
                0x00400ba0                GMACQ1_Handler
                0x00400ba0                MCAN1_Line1_Handler
                0x00400ba0                FPU_Handler
                0x00400ba0                RSTC_Handler
                0x00400ba0                TC0_Handler
                0x00400ba0                MCAN0_Line1_Handler
                0x00400ba0                TC5_Handler
                0x00400ba0                AES_Handler
                0x00400ba0                ICM_Handler
                0x00400ba0                TWIHS0_Handler
                0x00400ba0                SPI0_Handler
 .text          0x00400ba8      0x19c C:\SAMV7x\SAMV71x\app\Project_1_Task_Scheduler\SAMV71_Xplained_Ultra\Debug\board_lowlevel.o
                0x00400ba8                _SetupMemoryRegion
                0x00400d34                LowLevelInit
 .text          0x00400d44      0x56c C:\SAMV7x\SAMV71x\app\Project_1_Task_Scheduler\SAMV71_Xplained_Ultra\Debug\dbg_console.o
                0x00400d44                DBG_Configure
                0x00400df4                DBG_PutChar
                0x00400e48                DBG_GetChar
                0x00400e8c                DBG_IsRxReady
                0x00400ec4                DBG_DumpFrame
                0x00400f08                DBG_DumpMemory
                0x0040106c                DBG_GetInteger
                0x0040113c                DBG_GetIntegerMinMax
                0x0040119c                DBG_GetHexa32
                0x00401244                puts
                0x00401270                gets
 .text          0x004012b0      0x168 C:\SAMV7x\SAMV71x\app\Project_1_Task_Scheduler\SAMV71_Xplained_Ultra\Debug\led.o
                0x004012b0                LED_Configure
                0x004012e8                LED_Set
                0x0040134c                LED_Clear
                0x004013b0                LED_Toggle
 .text          0x00401418      0x76c C:\SAMV7x\SAMV71x\app\Project_1_Task_Scheduler\SAMV71_Xplained_Ultra\Debug\pmc.o
                0x004014ec                PMC_EnablePeripheral
                0x0040157c                PMC_DisablePeripheral
                0x0040160c                PMC_EnableAllPeripherals
                0x0040164c                PMC_DisableAllPeripherals
                0x00401688                PMC_IsPeriphEnabled
                0x004016e4                PMC_EnableExtOsc
                0x00401760                PMC_DisableExtOsc
                0x0040179c                PMC_SelectExtOsc
                0x00401808                PMC_SelectExtBypassOsc
                0x00401874                PMC_EnableIntRC4_8_12MHz
                0x00401900                PMC_DisableIntRC4_8_12MHz
                0x00401944                PMC_SetPllaClock
                0x0040199c                PMC_SetMckSelection
                0x004019e0                PMC_DisableAllClocks
                0x00401a30                PMC_ConfigureMckWithPlla
                0x00401a68                PMC_EnableXT32KFME
                0x00401a94                PMC_ConfigurePCK0
                0x00401ae4                PMC_ConfigurePCK1
                0x00401b34                PMC_ConfigurePCK2
 .text          0x00401b84      0x540 C:\SAMV7x\SAMV71x\app\Project_1_Task_Scheduler\SAMV71_Xplained_Ultra\Debug\pio.o
                0x00401df4                PIO_Configure
                0x00401f58                PIO_Set
                0x00401f74                PIO_Clear
                0x00401f90                PIO_Get
                0x00401fd8                PIO_GetOutputDataStatus
                0x00402004                PIO_SetDebounceFilter
                0x00402040                PIO_EnableWriteProtect
                0x00402064                PIO_DisableWriteProtect
                0x00402088                PIO_GetWriteProtectViolationInfo
                0x004020a8                PIO_SetPinType
 .text          0x004020c4       0xf0 C:\SAMV7x\SAMV71x\app\Project_1_Task_Scheduler\SAMV71_Xplained_Ultra\Debug\mpu.o
                0x004020c4                MPU_Enable
                0x004020e0                MPU_SetRegionNum
                0x004020fc                MPU_DisableRegion
                0x00402118                MPU_SetRegion
                0x0040213c                MPU_CalMPURegionSize
                0x0040217c                MPU_UpdateRegions
 .text          0x004021b4       0xe8 C:\SAMV7x\SAMV71x\app\Project_1_Task_Scheduler\SAMV71_Xplained_Ultra\Debug\exceptions.o
                0x004021b4                NMI_Handler
                0x0040223c                HardFault_Handler
                0x00402250                MemManage_Handler
                0x00402268                BusFault_Handler
                0x00402284                UsageFault_Handler
 .text          0x0040229c       0xe8 C:\SAMV7x\SAMV71x\app\Project_1_Task_Scheduler\SAMV71_Xplained_Ultra\Debug\systick.o
                0x00402334                sysTick_init
                0x0040236c                SysTick_Handler
 .text          0x00402384      0x4ac C:\SAMV7x\SAMV71x\app\Project_1_Task_Scheduler\SAMV71_Xplained_Ultra\Debug\pio_it.o
                0x00402470                PioInterruptHandler
                0x00402520                PIOA_Handler
                0x00402534                PIOB_Handler
                0x00402548                PIOC_Handler
                0x0040255c                PIOD_Handler
                0x00402570                PIOE_Handler
                0x00402584                PIO_InitializeInterrupts
                0x0040268c                PIO_ConfigureIt
                0x00402768                PIO_EnableIt
                0x004027f8                PIO_DisableIt
 .text          0x00402830       0xa8 C:\SAMV7x\SAMV71x\app\Project_1_Task_Scheduler\SAMV71_Xplained_Ultra\Debug\wdt.o
                0x00402830                WDT_Enable
                0x0040284c                WDT_Disable
                0x00402868                WDT_Restart
                0x00402884                WDT_GetStatus
                0x004028a0                WDT_GetPeriod
 .text          0x004028d8       0x8c C:\SAMV7x\SAMV71x\app\Project_1_Task_Scheduler\SAMV71_Xplained_Ultra\Debug\led_ctrl.o
                0x004028d8                vfnLedCtrl_Configure
                0x004028ec                vfnLedCtrl_BlinkingPattern
 .text.__assert_func
                0x00402964       0x3c c:/isystem/winidea9/gcc/arm/bin/../lib/gcc/arm-none-eabi/4.9.3/../../../../arm-none-eabi/lib/cortex-m7\libc.a(lib_a-assert.o)
                0x00402964                __assert_func
 .text.fiprintf
                0x004029a0       0x28 c:/isystem/winidea9/gcc/arm/bin/../lib/gcc/arm-none-eabi/4.9.3/../../../../arm-none-eabi/lib/cortex-m7\libc.a(lib_a-fiprintf.o)
                0x004029a0                fiprintf
 .text.printf   0x004029c8       0x28 c:/isystem/winidea9/gcc/arm/bin/../lib/gcc/arm-none-eabi/4.9.3/../../../../arm-none-eabi/lib/cortex-m7\libc.a(lib_a-printf.o)
                0x004029c8                printf
 .text.putchar  0x004029f0       0x10 c:/isystem/winidea9/gcc/arm/bin/../lib/gcc/arm-none-eabi/4.9.3/../../../../arm-none-eabi/lib/cortex-m7\libc.a(lib_a-putchar.o)
                0x004029f0                putchar
 .text.setvbuf  0x00402a00       0xfc c:/isystem/winidea9/gcc/arm/bin/../lib/gcc/arm-none-eabi/4.9.3/../../../../arm-none-eabi/lib/cortex-m7\libc.a(lib_a-setvbuf.o)
                0x00402a00                setvbuf
 .text.__sprint_r.part.0
                0x00402afc       0x78 c:/isystem/winidea9/gcc/arm/bin/../lib/gcc/arm-none-eabi/4.9.3/../../../../arm-none-eabi/lib/cortex-m7\libc.a(lib_a-vfiprintf.o)
 .text.__sprint_r
                0x00402b74       0x18 c:/isystem/winidea9/gcc/arm/bin/../lib/gcc/arm-none-eabi/4.9.3/../../../../arm-none-eabi/lib/cortex-m7\libc.a(lib_a-vfiprintf.o)
                0x00402b74                __sprint_r
 .text._vfiprintf_r
                0x00402b8c      0xbf4 c:/isystem/winidea9/gcc/arm/bin/../lib/gcc/arm-none-eabi/4.9.3/../../../../arm-none-eabi/lib/cortex-m7\libc.a(lib_a-vfiprintf.o)
                0x00402b8c                _vfiprintf_r
 .text.__sbprintf
                0x00403780       0x80 c:/isystem/winidea9/gcc/arm/bin/../lib/gcc/arm-none-eabi/4.9.3/../../../../arm-none-eabi/lib/cortex-m7\libc.a(lib_a-vfiprintf.o)
 .text._vfprintf_r
                0x00403800     0x1554 c:/isystem/winidea9/gcc/arm/bin/../lib/gcc/arm-none-eabi/4.9.3/../../../../arm-none-eabi/lib/cortex-m7\libc.a(lib_a-vfprintf.o)
                0x00403800                _vfprintf_r
 .text.__sbprintf
                0x00404d54       0x80 c:/isystem/winidea9/gcc/arm/bin/../lib/gcc/arm-none-eabi/4.9.3/../../../../arm-none-eabi/lib/cortex-m7\libc.a(lib_a-vfprintf.o)
 .text.__swsetup_r
                0x00404dd4       0xc4 c:/isystem/winidea9/gcc/arm/bin/../lib/gcc/arm-none-eabi/4.9.3/../../../../arm-none-eabi/lib/cortex-m7\libc.a(lib_a-wsetup.o)
                0x00404dd4                __swsetup_r
 .text.abort    0x00404e98       0x10 c:/isystem/winidea9/gcc/arm/bin/../lib/gcc/arm-none-eabi/4.9.3/../../../../arm-none-eabi/lib/cortex-m7\libc.a(lib_a-abort.o)
                0x00404e98                abort
 .text.quorem   0x00404ea8      0x140 c:/isystem/winidea9/gcc/arm/bin/../lib/gcc/arm-none-eabi/4.9.3/../../../../arm-none-eabi/lib/cortex-m7\libc.a(lib_a-dtoa.o)
 .text._dtoa_r  0x00404fe8      0xee8 c:/isystem/winidea9/gcc/arm/bin/../lib/gcc/arm-none-eabi/4.9.3/../../../../arm-none-eabi/lib/cortex-m7\libc.a(lib_a-dtoa.o)
                0x00404fe8                _dtoa_r
 .text.__sflush_r
                0x00405ed0      0x148 c:/isystem/winidea9/gcc/arm/bin/../lib/gcc/arm-none-eabi/4.9.3/../../../../arm-none-eabi/lib/cortex-m7\libc.a(lib_a-fflush.o)
                0x00405ed0                __sflush_r
 .text._fflush_r
                0x00406018       0x2c c:/isystem/winidea9/gcc/arm/bin/../lib/gcc/arm-none-eabi/4.9.3/../../../../arm-none-eabi/lib/cortex-m7\libc.a(lib_a-fflush.o)
                0x00406018                _fflush_r
 .text._cleanup_r
                0x00406044        0xc c:/isystem/winidea9/gcc/arm/bin/../lib/gcc/arm-none-eabi/4.9.3/../../../../arm-none-eabi/lib/cortex-m7\libc.a(lib_a-findfp.o)
                0x00406044                _cleanup_r
 .text.__sinit.part.1
                0x00406050       0xfc c:/isystem/winidea9/gcc/arm/bin/../lib/gcc/arm-none-eabi/4.9.3/../../../../arm-none-eabi/lib/cortex-m7\libc.a(lib_a-findfp.o)
 .text.__sinit  0x0040614c        0xc c:/isystem/winidea9/gcc/arm/bin/../lib/gcc/arm-none-eabi/4.9.3/../../../../arm-none-eabi/lib/cortex-m7\libc.a(lib_a-findfp.o)
                0x0040614c                __sinit
 .text.__sfp_lock_acquire
                0x00406158        0x4 c:/isystem/winidea9/gcc/arm/bin/../lib/gcc/arm-none-eabi/4.9.3/../../../../arm-none-eabi/lib/cortex-m7\libc.a(lib_a-findfp.o)
                0x00406158                __sfp_lock_acquire
 .text.__sfp_lock_release
                0x0040615c        0x4 c:/isystem/winidea9/gcc/arm/bin/../lib/gcc/arm-none-eabi/4.9.3/../../../../arm-none-eabi/lib/cortex-m7\libc.a(lib_a-findfp.o)
                0x0040615c                __sfp_lock_release
 .text.__fputwc
                0x00406160       0xb0 c:/isystem/winidea9/gcc/arm/bin/../lib/gcc/arm-none-eabi/4.9.3/../../../../arm-none-eabi/lib/cortex-m7\libc.a(lib_a-fputwc.o)
                0x00406160                __fputwc
 .text._fputwc_r
                0x00406210       0x24 c:/isystem/winidea9/gcc/arm/bin/../lib/gcc/arm-none-eabi/4.9.3/../../../../arm-none-eabi/lib/cortex-m7\libc.a(lib_a-fputwc.o)
                0x00406210                _fputwc_r
 .text._malloc_trim_r
                0x00406234       0x9c c:/isystem/winidea9/gcc/arm/bin/../lib/gcc/arm-none-eabi/4.9.3/../../../../arm-none-eabi/lib/cortex-m7\libc.a(lib_a-freer.o)
                0x00406234                _malloc_trim_r
 .text._free_r  0x004062d0      0x1b0 c:/isystem/winidea9/gcc/arm/bin/../lib/gcc/arm-none-eabi/4.9.3/../../../../arm-none-eabi/lib/cortex-m7\libc.a(lib_a-freer.o)
                0x004062d0                _free_r
 .text.__sfvwrite_r
                0x00406480      0x324 c:/isystem/winidea9/gcc/arm/bin/../lib/gcc/arm-none-eabi/4.9.3/../../../../arm-none-eabi/lib/cortex-m7\libc.a(lib_a-fvwrite.o)
                0x00406480                __sfvwrite_r
 .text._fwalk_reent
                0x004067a4       0x50 c:/isystem/winidea9/gcc/arm/bin/../lib/gcc/arm-none-eabi/4.9.3/../../../../arm-none-eabi/lib/cortex-m7\libc.a(lib_a-fwalk.o)
                0x004067a4                _fwalk_reent
 .text.__locale_charset
                0x004067f4        0x8 c:/isystem/winidea9/gcc/arm/bin/../lib/gcc/arm-none-eabi/4.9.3/../../../../arm-none-eabi/lib/cortex-m7\libc.a(lib_a-locale.o)
                0x004067f4                __locale_charset
 .text.__locale_mb_cur_max
                0x004067fc        0xc c:/isystem/winidea9/gcc/arm/bin/../lib/gcc/arm-none-eabi/4.9.3/../../../../arm-none-eabi/lib/cortex-m7\libc.a(lib_a-locale.o)
                0x004067fc                __locale_mb_cur_max
 .text._localeconv_r
                0x00406808        0x8 c:/isystem/winidea9/gcc/arm/bin/../lib/gcc/arm-none-eabi/4.9.3/../../../../arm-none-eabi/lib/cortex-m7\libc.a(lib_a-locale.o)
                0x00406808                _localeconv_r
 .text.__smakebuf_r
                0x00406810       0xe4 c:/isystem/winidea9/gcc/arm/bin/../lib/gcc/arm-none-eabi/4.9.3/../../../../arm-none-eabi/lib/cortex-m7\libc.a(lib_a-makebuf.o)
                0x00406810                __smakebuf_r
 .text.malloc   0x004068f4       0x10 c:/isystem/winidea9/gcc/arm/bin/../lib/gcc/arm-none-eabi/4.9.3/../../../../arm-none-eabi/lib/cortex-m7\libc.a(lib_a-malloc.o)
                0x004068f4                malloc
 .text._malloc_r
                0x00406904      0x558 c:/isystem/winidea9/gcc/arm/bin/../lib/gcc/arm-none-eabi/4.9.3/../../../../arm-none-eabi/lib/cortex-m7\libc.a(lib_a-mallocr.o)
                0x00406904                _malloc_r
 .text.memchr   0x00406e5c       0x90 c:/isystem/winidea9/gcc/arm/bin/../lib/gcc/arm-none-eabi/4.9.3/../../../../arm-none-eabi/lib/cortex-m7\libc.a(lib_a-memchr.o)
                0x00406e5c                memchr
 .text          0x00406eec      0x134 c:/isystem/winidea9/gcc/arm/bin/../lib/gcc/arm-none-eabi/4.9.3/../../../../arm-none-eabi/lib/cortex-m7\libc.a(lib_a-memcpy.o)
                0x00406eec                memcpy
 .text.memmove  0x00407020       0xc4 c:/isystem/winidea9/gcc/arm/bin/../lib/gcc/arm-none-eabi/4.9.3/../../../../arm-none-eabi/lib/cortex-m7\libc.a(lib_a-memmove.o)
                0x00407020                memmove
 .text.memset   0x004070e4       0xa0 c:/isystem/winidea9/gcc/arm/bin/../lib/gcc/arm-none-eabi/4.9.3/../../../../arm-none-eabi/lib/cortex-m7\libc.a(lib_a-memset.o)
                0x004070e4                memset
 .text.__malloc_lock
                0x00407184        0x4 c:/isystem/winidea9/gcc/arm/bin/../lib/gcc/arm-none-eabi/4.9.3/../../../../arm-none-eabi/lib/cortex-m7\libc.a(lib_a-mlock.o)
                0x00407184                __malloc_lock
 .text.__malloc_unlock
                0x00407188        0x4 c:/isystem/winidea9/gcc/arm/bin/../lib/gcc/arm-none-eabi/4.9.3/../../../../arm-none-eabi/lib/cortex-m7\libc.a(lib_a-mlock.o)
                0x00407188                __malloc_unlock
 .text._Balloc  0x0040718c       0x50 c:/isystem/winidea9/gcc/arm/bin/../lib/gcc/arm-none-eabi/4.9.3/../../../../arm-none-eabi/lib/cortex-m7\libc.a(lib_a-mprec.o)
                0x0040718c                _Balloc
 .text._Bfree   0x004071dc       0x14 c:/isystem/winidea9/gcc/arm/bin/../lib/gcc/arm-none-eabi/4.9.3/../../../../arm-none-eabi/lib/cortex-m7\libc.a(lib_a-mprec.o)
                0x004071dc                _Bfree
 .text.__multadd
                0x004071f0       0x84 c:/isystem/winidea9/gcc/arm/bin/../lib/gcc/arm-none-eabi/4.9.3/../../../../arm-none-eabi/lib/cortex-m7\libc.a(lib_a-mprec.o)
                0x004071f0                __multadd
 .text.__hi0bits
                0x00407274       0x44 c:/isystem/winidea9/gcc/arm/bin/../lib/gcc/arm-none-eabi/4.9.3/../../../../arm-none-eabi/lib/cortex-m7\libc.a(lib_a-mprec.o)
                0x00407274                __hi0bits
 .text.__lo0bits
                0x004072b8       0x64 c:/isystem/winidea9/gcc/arm/bin/../lib/gcc/arm-none-eabi/4.9.3/../../../../arm-none-eabi/lib/cortex-m7\libc.a(lib_a-mprec.o)
                0x004072b8                __lo0bits
 .text.__i2b    0x0040731c       0x14 c:/isystem/winidea9/gcc/arm/bin/../lib/gcc/arm-none-eabi/4.9.3/../../../../arm-none-eabi/lib/cortex-m7\libc.a(lib_a-mprec.o)
                0x0040731c                __i2b
 .text.__multiply
                0x00407330      0x144 c:/isystem/winidea9/gcc/arm/bin/../lib/gcc/arm-none-eabi/4.9.3/../../../../arm-none-eabi/lib/cortex-m7\libc.a(lib_a-mprec.o)
                0x00407330                __multiply
 .text.__pow5mult
                0x00407474       0xa0 c:/isystem/winidea9/gcc/arm/bin/../lib/gcc/arm-none-eabi/4.9.3/../../../../arm-none-eabi/lib/cortex-m7\libc.a(lib_a-mprec.o)
                0x00407474                __pow5mult
 .text.__lshift
                0x00407514       0xb4 c:/isystem/winidea9/gcc/arm/bin/../lib/gcc/arm-none-eabi/4.9.3/../../../../arm-none-eabi/lib/cortex-m7\libc.a(lib_a-mprec.o)
                0x00407514                __lshift
 .text.__mcmp   0x004075c8       0x48 c:/isystem/winidea9/gcc/arm/bin/../lib/gcc/arm-none-eabi/4.9.3/../../../../arm-none-eabi/lib/cortex-m7\libc.a(lib_a-mprec.o)
                0x004075c8                __mcmp
 .text.__mdiff  0x00407610       0xe4 c:/isystem/winidea9/gcc/arm/bin/../lib/gcc/arm-none-eabi/4.9.3/../../../../arm-none-eabi/lib/cortex-m7\libc.a(lib_a-mprec.o)
                0x00407610                __mdiff
 .text.__d2b    0x004076f4       0xb0 c:/isystem/winidea9/gcc/arm/bin/../lib/gcc/arm-none-eabi/4.9.3/../../../../arm-none-eabi/lib/cortex-m7\libc.a(lib_a-mprec.o)
                0x004076f4                __d2b
 .text._putc_r  0x004077a4       0x58 c:/isystem/winidea9/gcc/arm/bin/../lib/gcc/arm-none-eabi/4.9.3/../../../../arm-none-eabi/lib/cortex-m7\libc.a(lib_a-putc.o)
                0x004077a4                _putc_r
 .text._realloc_r
                0x004077fc      0x3f0 c:/isystem/winidea9/gcc/arm/bin/../lib/gcc/arm-none-eabi/4.9.3/../../../../arm-none-eabi/lib/cortex-m7\libc.a(lib_a-reallocr.o)
                0x004077fc                _realloc_r
 .text.__fpclassifyd
                0x00407bec       0x44 c:/isystem/winidea9/gcc/arm/bin/../lib/gcc/arm-none-eabi/4.9.3/../../../../arm-none-eabi/lib/cortex-m7\libc.a(lib_a-s_fpclassify.o)
                0x00407bec                __fpclassifyd
 .text._sbrk_r  0x00407c30       0x24 c:/isystem/winidea9/gcc/arm/bin/../lib/gcc/arm-none-eabi/4.9.3/../../../../arm-none-eabi/lib/cortex-m7\libc.a(lib_a-sbrkr.o)
                0x00407c30                _sbrk_r
 .text._raise_r
                0x00407c54       0x58 c:/isystem/winidea9/gcc/arm/bin/../lib/gcc/arm-none-eabi/4.9.3/../../../../arm-none-eabi/lib/cortex-m7\libc.a(lib_a-signal.o)
                0x00407c54                _raise_r
 .text.raise    0x00407cac       0x10 c:/isystem/winidea9/gcc/arm/bin/../lib/gcc/arm-none-eabi/4.9.3/../../../../arm-none-eabi/lib/cortex-m7\libc.a(lib_a-signal.o)
                0x00407cac                raise
 .text._kill_r  0x00407cbc       0x28 c:/isystem/winidea9/gcc/arm/bin/../lib/gcc/arm-none-eabi/4.9.3/../../../../arm-none-eabi/lib/cortex-m7\libc.a(lib_a-signalr.o)
                0x00407cbc                _kill_r
 .text._getpid_r
                0x00407ce4        0x4 c:/isystem/winidea9/gcc/arm/bin/../lib/gcc/arm-none-eabi/4.9.3/../../../../arm-none-eabi/lib/cortex-m7\libc.a(lib_a-signalr.o)
                0x00407ce4                _getpid_r
 .text.__sread  0x00407ce8       0x24 c:/isystem/winidea9/gcc/arm/bin/../lib/gcc/arm-none-eabi/4.9.3/../../../../arm-none-eabi/lib/cortex-m7\libc.a(lib_a-stdio.o)
                0x00407ce8                __sread
 .text.__swrite
                0x00407d0c       0x38 c:/isystem/winidea9/gcc/arm/bin/../lib/gcc/arm-none-eabi/4.9.3/../../../../arm-none-eabi/lib/cortex-m7\libc.a(lib_a-stdio.o)
                0x00407d0c                __swrite
 .text.__sseek  0x00407d44       0x24 c:/isystem/winidea9/gcc/arm/bin/../lib/gcc/arm-none-eabi/4.9.3/../../../../arm-none-eabi/lib/cortex-m7\libc.a(lib_a-stdio.o)
                0x00407d44                __sseek
 .text.__sclose
                0x00407d68        0x8 c:/isystem/winidea9/gcc/arm/bin/../lib/gcc/arm-none-eabi/4.9.3/../../../../arm-none-eabi/lib/cortex-m7\libc.a(lib_a-stdio.o)
                0x00407d68                __sclose
 .text.strlen   0x00407d70       0x5c c:/isystem/winidea9/gcc/arm/bin/../lib/gcc/arm-none-eabi/4.9.3/../../../../arm-none-eabi/lib/cortex-m7\libc.a(lib_a-strlen.o)
                0x00407d70                strlen
 .text.__swbuf_r
                0x00407dcc       0xa8 c:/isystem/winidea9/gcc/arm/bin/../lib/gcc/arm-none-eabi/4.9.3/../../../../arm-none-eabi/lib/cortex-m7\libc.a(lib_a-wbuf.o)
                0x00407dcc                __swbuf_r
 .text._wcrtomb_r
                0x00407e74       0x54 c:/isystem/winidea9/gcc/arm/bin/../lib/gcc/arm-none-eabi/4.9.3/../../../../arm-none-eabi/lib/cortex-m7\libc.a(lib_a-wcrtomb.o)
                0x00407e74                _wcrtomb_r
 .text.__ascii_wctomb
                0x00407ec8       0x18 c:/isystem/winidea9/gcc/arm/bin/../lib/gcc/arm-none-eabi/4.9.3/../../../../arm-none-eabi/lib/cortex-m7\libc.a(lib_a-wctomb_r.o)
                0x00407ec8                __ascii_wctomb
 .text._write_r
                0x00407ee0       0x28 c:/isystem/winidea9/gcc/arm/bin/../lib/gcc/arm-none-eabi/4.9.3/../../../../arm-none-eabi/lib/cortex-m7\libc.a(lib_a-writer.o)
                0x00407ee0                _write_r
 .text._calloc_r
                0x00407f08       0x60 c:/isystem/winidea9/gcc/arm/bin/../lib/gcc/arm-none-eabi/4.9.3/../../../../arm-none-eabi/lib/cortex-m7\libc.a(lib_a-callocr.o)
                0x00407f08                _calloc_r
 .text._close_r
                0x00407f68       0x24 c:/isystem/winidea9/gcc/arm/bin/../lib/gcc/arm-none-eabi/4.9.3/../../../../arm-none-eabi/lib/cortex-m7\libc.a(lib_a-closer.o)
                0x00407f68                _close_r
 .text._fclose_r
                0x00407f8c       0x84 c:/isystem/winidea9/gcc/arm/bin/../lib/gcc/arm-none-eabi/4.9.3/../../../../arm-none-eabi/lib/cortex-m7\libc.a(lib_a-fclose.o)
                0x00407f8c                _fclose_r
 .text._fstat_r
                0x00408010       0x28 c:/isystem/winidea9/gcc/arm/bin/../lib/gcc/arm-none-eabi/4.9.3/../../../../arm-none-eabi/lib/cortex-m7\libc.a(lib_a-fstatr.o)
                0x00408010                _fstat_r
 .text._isatty_r
                0x00408038       0x24 c:/isystem/winidea9/gcc/arm/bin/../lib/gcc/arm-none-eabi/4.9.3/../../../../arm-none-eabi/lib/cortex-m7\libc.a(lib_a-isattyr.o)
                0x00408038                _isatty_r
 .text._lseek_r
                0x0040805c       0x28 c:/isystem/winidea9/gcc/arm/bin/../lib/gcc/arm-none-eabi/4.9.3/../../../../arm-none-eabi/lib/cortex-m7\libc.a(lib_a-lseekr.o)
                0x0040805c                _lseek_r
 .text._read_r  0x00408084       0x28 c:/isystem/winidea9/gcc/arm/bin/../lib/gcc/arm-none-eabi/4.9.3/../../../../arm-none-eabi/lib/cortex-m7\libc.a(lib_a-readr.o)
                0x00408084                _read_r
 .text          0x004080ac      0x370 c:/isystem/winidea9/gcc/arm/bin/../lib/gcc/arm-none-eabi/4.9.3/cortex-m7\libgcc.a(_arm_addsubdf3.o)
                0x004080ac                __aeabi_drsub
                0x004080b4                __aeabi_dsub
                0x004080b4                __subdf3
                0x004080b8                __aeabi_dadd
                0x004080b8                __adddf3
                0x00408330                __floatunsidf
                0x00408330                __aeabi_ui2d
                0x00408350                __floatsidf
                0x00408350                __aeabi_i2d
                0x00408374                __aeabi_f2d
                0x00408374                __extendsfdf2
                0x004083b0                __floatundidf
                0x004083b0                __aeabi_ul2d
                0x004083c0                __floatdidf
                0x004083c0                __aeabi_l2d
 .text          0x0040841c      0x424 c:/isystem/winidea9/gcc/arm/bin/../lib/gcc/arm-none-eabi/4.9.3/cortex-m7\libgcc.a(_arm_muldivdf3.o)
                0x0040841c                __aeabi_dmul
                0x0040841c                __muldf3
                0x00408670                __divdf3
                0x00408670                __aeabi_ddiv
 .text          0x00408840      0x110 c:/isystem/winidea9/gcc/arm/bin/../lib/gcc/arm-none-eabi/4.9.3/cortex-m7\libgcc.a(_arm_cmpdf2.o)
                0x00408840                __gtdf2
                0x00408840                __gedf2
                0x00408848                __ltdf2
                0x00408848                __ledf2
                0x00408850                __nedf2
                0x00408850                __eqdf2
                0x00408850                __cmpdf2
                0x004088cc                __aeabi_cdrcmple
                0x004088dc                __aeabi_cdcmpeq
                0x004088dc                __aeabi_cdcmple
                0x004088ec                __aeabi_dcmpeq
                0x00408900                __aeabi_dcmplt
                0x00408914                __aeabi_dcmple
                0x00408928                __aeabi_dcmpge
                0x0040893c                __aeabi_dcmpgt
 .text          0x00408950       0x50 c:/isystem/winidea9/gcc/arm/bin/../lib/gcc/arm-none-eabi/4.9.3/cortex-m7\libgcc.a(_arm_fixdfsi.o)
                0x00408950                __aeabi_d2iz
                0x00408950                __fixdfsi
 .text          0x004089a0       0x30 c:/isystem/winidea9/gcc/arm/bin/../lib/gcc/arm-none-eabi/4.9.3/cortex-m7\libgcc.a(_aeabi_uldivmod.o)
                0x004089a0                __aeabi_uldivmod
 .text          0x004089d0       0x60 c:/isystem/winidea9/gcc/arm/bin/../lib/gcc/arm-none-eabi/4.9.3/cortex-m7\libgcc.a(bpabi.o)
                0x004089d0                __gnu_ldivmod_helper
                0x00408a00                __gnu_uldivmod_helper
 .text          0x00408a30        0x4 c:/isystem/winidea9/gcc/arm/bin/../lib/gcc/arm-none-eabi/4.9.3/cortex-m7\libgcc.a(_dvmd_tls.o)
                0x00408a30                __aeabi_idiv0
                0x00408a30                __aeabi_ldiv0
 .text          0x00408a34      0x284 c:/isystem/winidea9/gcc/arm/bin/../lib/gcc/arm-none-eabi/4.9.3/cortex-m7\libgcc.a(_divdi3.o)
                0x00408a34                __divdi3
 .text          0x00408cb8      0x248 c:/isystem/winidea9/gcc/arm/bin/../lib/gcc/arm-none-eabi/4.9.3/cortex-m7\libgcc.a(_udivdi3.o)
                0x00408cb8                __udivdi3
 *(.glue_7t)
 .glue_7t       0x00000000        0x0 linker stubs
 *(.glue_7)
 .glue_7        0x00000000        0x0 linker stubs
 *(.rodata .rodata* .gnu.linkonce.r.*)
 .rodata        0x00408f00       0x19 C:\SAMV7x\SAMV71x\app\Project_1_Task_Scheduler\SAMV71_Xplained_Ultra\Debug\syscalls.o
 *fill*         0x00408f19        0x3 
 .rodata        0x00408f1c        0xc C:\SAMV7x\SAMV71x\app\Project_1_Task_Scheduler\SAMV71_Xplained_Ultra\Debug\app_scheduler.o
 .rodata        0x00408f28       0xf7 C:\SAMV7x\SAMV71x\app\Project_1_Task_Scheduler\SAMV71_Xplained_Ultra\Debug\dbg_console.o
 *fill*         0x0040901f        0x1 
 .rodata        0x00409020       0x1c C:\SAMV7x\SAMV71x\app\Project_1_Task_Scheduler\SAMV71_Xplained_Ultra\Debug\led.o
 .rodata        0x0040903c       0x9c C:\SAMV7x\SAMV71x\app\Project_1_Task_Scheduler\SAMV71_Xplained_Ultra\Debug\pmc.o
 .rodata        0x004090d8       0xda C:\SAMV7x\SAMV71x\app\Project_1_Task_Scheduler\SAMV71_Xplained_Ultra\Debug\pio_it.o
 *fill*         0x004091b2        0x2 
 .rodata.str1.4
                0x004091b4       0x3f c:/isystem/winidea9/gcc/arm/bin/../lib/gcc/arm-none-eabi/4.9.3/../../../../arm-none-eabi/lib/cortex-m7\libc.a(lib_a-assert.o)
                                 0x43 (size before relaxing)
 *fill*         0x004091f3        0x1 
 .rodata.str1.4
                0x004091f4        0x2 c:/isystem/winidea9/gcc/arm/bin/../lib/gcc/arm-none-eabi/4.9.3/../../../../arm-none-eabi/lib/cortex-m7\libc.a(lib_a-impure.o)
 *fill*         0x004091f6        0x2 
 .rodata.zeroes.6869
                0x004091f8       0x10 c:/isystem/winidea9/gcc/arm/bin/../lib/gcc/arm-none-eabi/4.9.3/../../../../arm-none-eabi/lib/cortex-m7\libc.a(lib_a-vfiprintf.o)
 .rodata.str1.4
                0x00409208       0x2f c:/isystem/winidea9/gcc/arm/bin/../lib/gcc/arm-none-eabi/4.9.3/../../../../arm-none-eabi/lib/cortex-m7\libc.a(lib_a-vfiprintf.o)
 *fill*         0x00409237        0x1 
 .rodata.blanks.6868
                0x00409238       0x10 c:/isystem/winidea9/gcc/arm/bin/../lib/gcc/arm-none-eabi/4.9.3/../../../../arm-none-eabi/lib/cortex-m7\libc.a(lib_a-vfiprintf.o)
 .rodata.zeroes.6926
                0x00409248       0x10 c:/isystem/winidea9/gcc/arm/bin/../lib/gcc/arm-none-eabi/4.9.3/../../../../arm-none-eabi/lib/cortex-m7\libc.a(lib_a-vfprintf.o)
 .rodata.str1.4
                0x00409258       0x12 c:/isystem/winidea9/gcc/arm/bin/../lib/gcc/arm-none-eabi/4.9.3/../../../../arm-none-eabi/lib/cortex-m7\libc.a(lib_a-vfprintf.o)
                                 0x42 (size before relaxing)
 *fill*         0x0040926a        0x2 
 .rodata.blanks.6925
                0x0040926c       0x10 c:/isystem/winidea9/gcc/arm/bin/../lib/gcc/arm-none-eabi/4.9.3/../../../../arm-none-eabi/lib/cortex-m7\libc.a(lib_a-vfprintf.o)
 .rodata.str1.4
                0x0040927c       0x10 c:/isystem/winidea9/gcc/arm/bin/../lib/gcc/arm-none-eabi/4.9.3/../../../../arm-none-eabi/lib/cortex-m7\libc.a(lib_a-dtoa.o)
                                 0x12 (size before relaxing)
 .rodata.str1.4
                0x0040928c        0xc c:/isystem/winidea9/gcc/arm/bin/../lib/gcc/arm-none-eabi/4.9.3/../../../../arm-none-eabi/lib/cortex-m7\libc.a(lib_a-locale.o)
                                 0x12 (size before relaxing)
 .rodata.__mprec_tens
                0x00409298       0xc8 c:/isystem/winidea9/gcc/arm/bin/../lib/gcc/arm-none-eabi/4.9.3/../../../../arm-none-eabi/lib/cortex-m7\libc.a(lib_a-mprec.o)
                0x00409298                __mprec_tens
 .rodata.p05.5302
                0x00409360        0xc c:/isystem/winidea9/gcc/arm/bin/../lib/gcc/arm-none-eabi/4.9.3/../../../../arm-none-eabi/lib/cortex-m7\libc.a(lib_a-mprec.o)
 *fill*         0x0040936c        0x4 
 .rodata.__mprec_bigtens
                0x00409370       0x28 c:/isystem/winidea9/gcc/arm/bin/../lib/gcc/arm-none-eabi/4.9.3/../../../../arm-none-eabi/lib/cortex-m7\libc.a(lib_a-mprec.o)
                0x00409370                __mprec_bigtens
 *(.ARM.extab* .gnu.linkonce.armextab.*)
                0x00409398                . = ALIGN (0x4)
 *(.init)
                0x00409398                . = ALIGN (0x4)
                0x00409398                __preinit_array_start = .
 *(.preinit_array)
                0x00409398                __preinit_array_end = .
                0x00409398                . = ALIGN (0x4)
                0x00409398                __init_array_start = .
 *(SORT(.init_array.*))
 *(.init_array)
                0x00409398                __init_array_end = .
                0x00409398                . = ALIGN (0x4)
 *crtbegin.o(.ctors)
 *(EXCLUDE_FILE(*crtend.o) .ctors)
 *(SORT(.ctors.*))
 *crtend.o(.ctors)
                0x00409398                . = ALIGN (0x4)
 *(.fini)
                0x00409398                . = ALIGN (0x4)
                0x00409398                __fini_array_start = .
 *(.fini_array)
 *(SORT(.fini_array.*))
                0x00409398                __fini_array_end = .
 *crtbegin.o(.dtors)
 *(EXCLUDE_FILE(*crtend.o) .dtors)
 *(SORT(.dtors.*))
 *crtend.o(.dtors)
                0x00409398                . = ALIGN (0x4)
                0x00409398                _efixed = .
                0x00409398                PROVIDE (__exidx_start, .)

.vfp11_veneer   0x00409398        0x0
 .vfp11_veneer  0x00000000        0x0 linker stubs

.v4_bx          0x00409398        0x0
 .v4_bx         0x00000000        0x0 linker stubs

.iplt           0x00409398        0x0
 .iplt          0x00000000        0x0 C:\SAMV7x\SAMV71x\app\Project_1_Task_Scheduler\SAMV71_Xplained_Ultra\Debug\main.o

.igot.plt       0x00409398        0x0
 .igot.plt      0x00000000        0x0 C:\SAMV7x\SAMV71x\app\Project_1_Task_Scheduler\SAMV71_Xplained_Ultra\Debug\main.o

.ARM.exidx      0x00409398        0x8
 *(.ARM.exidx* .gnu.linkonce.armexidx.*)
 .ARM.exidx     0x00409398        0x8 c:/isystem/winidea9/gcc/arm/bin/../lib/gcc/arm-none-eabi/4.9.3/cortex-m7\libgcc.a(_divdi3.o)
 .ARM.exidx     0x004093a0        0x0 c:/isystem/winidea9/gcc/arm/bin/../lib/gcc/arm-none-eabi/4.9.3/cortex-m7\libgcc.a(_udivdi3.o)
                                  0x8 (size before relaxing)
                0x004093a0                PROVIDE (__exidx_end, .)

.rel.dyn        0x004093a0        0x0
 .rel.iplt      0x00000000        0x0 C:\SAMV7x\SAMV71x\app\Project_1_Task_Scheduler\SAMV71_Xplained_Ultra\Debug\main.o
                0x004093a0                . = ALIGN (0x4)
                0x004093a0                _etext = .

.relocate       0x20400000      0x8ec load address 0x004093a0
                0x20400000                . = ALIGN (0x4)
                0x20400000                _srelocate = .
 *(.ramfunc .ramfunc.*)
 *(.data .data.*)
 .data          0x20400000        0x4 C:\SAMV7x\SAMV71x\app\Project_1_Task_Scheduler\SAMV71_Xplained_Ultra\Debug\system_sam.o
                0x20400000                SystemCoreClock
 .data          0x20400004       0x4c C:\SAMV7x\SAMV71x\app\Project_1_Task_Scheduler\SAMV71_Xplained_Ultra\Debug\app_scheduler.o
                0x20400004                bLed0Active
                0x20400008                TimeTriggeredTasks
 .data.impure_data
                0x20400050      0x428 c:/isystem/winidea9/gcc/arm/bin/../lib/gcc/arm-none-eabi/4.9.3/../../../../arm-none-eabi/lib/cortex-m7\libc.a(lib_a-impure.o)
 .data._impure_ptr
                0x20400478        0x4 c:/isystem/winidea9/gcc/arm/bin/../lib/gcc/arm-none-eabi/4.9.3/../../../../arm-none-eabi/lib/cortex-m7\libc.a(lib_a-impure.o)
                0x20400478                _impure_ptr
 .data.lconv    0x2040047c       0x38 c:/isystem/winidea9/gcc/arm/bin/../lib/gcc/arm-none-eabi/4.9.3/../../../../arm-none-eabi/lib/cortex-m7\libc.a(lib_a-locale.o)
 .data.lc_ctype_charset
                0x204004b4       0x20 c:/isystem/winidea9/gcc/arm/bin/../lib/gcc/arm-none-eabi/4.9.3/../../../../arm-none-eabi/lib/cortex-m7\libc.a(lib_a-locale.o)
 .data.__mb_cur_max
                0x204004d4        0x4 c:/isystem/winidea9/gcc/arm/bin/../lib/gcc/arm-none-eabi/4.9.3/../../../../arm-none-eabi/lib/cortex-m7\libc.a(lib_a-locale.o)
                0x204004d4                __mb_cur_max
 .data.__malloc_av_
                0x204004d8      0x408 c:/isystem/winidea9/gcc/arm/bin/../lib/gcc/arm-none-eabi/4.9.3/../../../../arm-none-eabi/lib/cortex-m7\libc.a(lib_a-mallocr.o)
                0x204004d8                __malloc_av_
 .data.__malloc_trim_threshold
                0x204008e0        0x4 c:/isystem/winidea9/gcc/arm/bin/../lib/gcc/arm-none-eabi/4.9.3/../../../../arm-none-eabi/lib/cortex-m7\libc.a(lib_a-mallocr.o)
                0x204008e0                __malloc_trim_threshold
 .data.__malloc_sbrk_base
                0x204008e4        0x4 c:/isystem/winidea9/gcc/arm/bin/../lib/gcc/arm-none-eabi/4.9.3/../../../../arm-none-eabi/lib/cortex-m7\libc.a(lib_a-mallocr.o)
                0x204008e4                __malloc_sbrk_base
 .data.__wctomb
                0x204008e8        0x4 c:/isystem/winidea9/gcc/arm/bin/../lib/gcc/arm-none-eabi/4.9.3/../../../../arm-none-eabi/lib/cortex-m7\libc.a(lib_a-wctomb_r.o)
                0x204008e8                __wctomb
                0x204008ec                . = ALIGN (0x4)
                0x204008ec                _erelocate = .

.bss            0x204008ec       0xb0 load address 0x00409c8c
                0x204008ec                . = ALIGN (0x4)
                0x204008ec                _sbss = .
                0x204008ec                _szero = .
 *(.bss .bss.*)
 .bss           0x204008ec        0xc C:\SAMV7x\SAMV71x\app\Project_1_Task_Scheduler\SAMV71_Xplained_Ultra\Debug\syscalls.o
 .bss           0x204008f8        0x6 C:\SAMV7x\SAMV71x\app\Project_1_Task_Scheduler\SAMV71_Xplained_Ultra\Debug\dbg_console.o
 *fill*         0x204008fe        0x2 
 .bss           0x20400900        0xc C:\SAMV7x\SAMV71x\app\Project_1_Task_Scheduler\SAMV71_Xplained_Ultra\Debug\systick.o
                0x20400908                pfctnSysTick
 .bss           0x2040090c       0x44 C:\SAMV7x\SAMV71x\app\Project_1_Task_Scheduler\SAMV71_Xplained_Ultra\Debug\pio_it.o
 .bss           0x20400950        0x6 C:\SAMV7x\SAMV71x\app\Project_1_Task_Scheduler\SAMV71_Xplained_Ultra\Debug\led_ctrl.o
 *fill*         0x20400956        0x2 
 .bss.__malloc_max_total_mem
                0x20400958        0x4 c:/isystem/winidea9/gcc/arm/bin/../lib/gcc/arm-none-eabi/4.9.3/../../../../arm-none-eabi/lib/cortex-m7\libc.a(lib_a-mallocr.o)
                0x20400958                __malloc_max_total_mem
 .bss.__malloc_max_sbrked_mem
                0x2040095c        0x4 c:/isystem/winidea9/gcc/arm/bin/../lib/gcc/arm-none-eabi/4.9.3/../../../../arm-none-eabi/lib/cortex-m7\libc.a(lib_a-mallocr.o)
                0x2040095c                __malloc_max_sbrked_mem
 .bss.__malloc_top_pad
                0x20400960        0x4 c:/isystem/winidea9/gcc/arm/bin/../lib/gcc/arm-none-eabi/4.9.3/../../../../arm-none-eabi/lib/cortex-m7\libc.a(lib_a-mallocr.o)
                0x20400960                __malloc_top_pad
 .bss.__malloc_current_mallinfo
                0x20400964       0x28 c:/isystem/winidea9/gcc/arm/bin/../lib/gcc/arm-none-eabi/4.9.3/../../../../arm-none-eabi/lib/cortex-m7\libc.a(lib_a-mallocr.o)
                0x20400964                __malloc_current_mallinfo
 *(COMMON)
 COMMON         0x2040098c        0xa C:\SAMV7x\SAMV71x\app\Project_1_Task_Scheduler\SAMV71_Xplained_Ultra\Debug\app_scheduler.o
                0x2040098c                u8_50ms_Counter
                0x2040098d                gu8Scheduler_Status
                0x2040098e                TaskScheduler_Task_ID_Running
                0x2040098f                priorityScheduler_Counter
                0x20400990                u8_10ms_Counter
                0x20400991                gpriorityScheduler_Counter
                0x20400992                u8_100ms_Counter
                0x20400993                gu8Scheduler_Counter
                0x20400994                TaskScheduler_Task_ID_Activated
                0x20400995                TasksScheduler_Task_ID_Backup
 *fill*         0x20400996        0x2 
 COMMON         0x20400998        0x4 c:/isystem/winidea9/gcc/arm/bin/../lib/gcc/arm-none-eabi/4.9.3/../../../../arm-none-eabi/lib/cortex-m7\libc.a(lib_a-reent.o)
                0x20400998                errno
                0x2040099c                . = ALIGN (0x4)
                0x2040099c                _ebss = .
                0x2040099c                _ezero = .

.stack          0x2040099c     0x2004 load address 0x00409d3c
                0x204009a0                . = ALIGN (0x8)
 *fill*         0x2040099c        0x4 
                0x204009a0                _sstack = .
                0x204029a0                . = (. + STACK_SIZE)
 *fill*         0x204009a0     0x2000 
                0x204029a0                . = ALIGN (0x8)
                0x204029a0                _estack = .

.heap           0x204029a0     0x1000 load address 0x0040bd40
                0x204029a0                . = ALIGN (0x8)
                0x204029a0                _sheap = .
                0x204039a0                . = (. + HEAP_SIZE)
 *fill*         0x204029a0     0x1000 
                0x204039a0                . = ALIGN (0x8)
                0x204039a0                _eheap = .
                0x204039a0                . = ALIGN (0x4)
                0x204039a0                _end = .
                0x2045ffff                _ram_end_ = ((ORIGIN (ram) + 0x60000) - 0x1)
                0x204039a0                _sdram_lma = .

sdram_region
 *(sdram_region)
LOAD c:/isystem/winidea9/gcc/arm/bin/../lib/gcc/arm-none-eabi/4.9.3/../../../../arm-none-eabi/lib/cortex-m7\libc.a
LOAD c:/isystem/winidea9/gcc/arm/bin/../lib/gcc/arm-none-eabi/4.9.3/cortex-m7\libgcc.a
LOAD c:/isystem/winidea9/gcc/arm/bin/../lib/gcc/arm-none-eabi/4.9.3/../../../../arm-none-eabi/lib/cortex-m7\libm.a
OUTPUT(tau.elf elf32-littlearm)

.debug_info     0x00000000     0x7c3e
 .debug_info    0x00000000      0x51d C:\SAMV7x\SAMV71x\app\Project_1_Task_Scheduler\SAMV71_Xplained_Ultra\Debug\main.o
 .debug_info    0x0000051d      0x515 C:\SAMV7x\SAMV71x\app\Project_1_Task_Scheduler\SAMV71_Xplained_Ultra\Debug\system_sam.o
 .debug_info    0x00000a32      0x4cc C:\SAMV7x\SAMV71x\app\Project_1_Task_Scheduler\SAMV71_Xplained_Ultra\Debug\syscalls.o
 .debug_info    0x00000efe      0xbe6 C:\SAMV7x\SAMV71x\app\Project_1_Task_Scheduler\SAMV71_Xplained_Ultra\Debug\app_scheduler.o
 .debug_info    0x00001ae4      0x152 C:\SAMV7x\SAMV71x\app\Project_1_Task_Scheduler\SAMV71_Xplained_Ultra\Debug\app_tasks.o
 .debug_info    0x00001c36      0x9c8 C:\SAMV7x\SAMV71x\app\Project_1_Task_Scheduler\SAMV71_Xplained_Ultra\Debug\startup_sam.o
 .debug_info    0x000025fe      0x4f5 C:\SAMV7x\SAMV71x\app\Project_1_Task_Scheduler\SAMV71_Xplained_Ultra\Debug\board_lowlevel.o
 .debug_info    0x00002af3     0x14dc C:\SAMV7x\SAMV71x\app\Project_1_Task_Scheduler\SAMV71_Xplained_Ultra\Debug\dbg_console.o
 .debug_info    0x00003fcf      0x6f3 C:\SAMV7x\SAMV71x\app\Project_1_Task_Scheduler\SAMV71_Xplained_Ultra\Debug\led.o
 .debug_info    0x000046c2      0x78b C:\SAMV7x\SAMV71x\app\Project_1_Task_Scheduler\SAMV71_Xplained_Ultra\Debug\pmc.o
 .debug_info    0x00004e4d      0xa00 C:\SAMV7x\SAMV71x\app\Project_1_Task_Scheduler\SAMV71_Xplained_Ultra\Debug\pio.o
 .debug_info    0x0000584d      0x327 C:\SAMV7x\SAMV71x\app\Project_1_Task_Scheduler\SAMV71_Xplained_Ultra\Debug\mpu.o
 .debug_info    0x00005b74      0x59c C:\SAMV7x\SAMV71x\app\Project_1_Task_Scheduler\SAMV71_Xplained_Ultra\Debug\exceptions.o
 .debug_info    0x00006110      0x88b C:\SAMV7x\SAMV71x\app\Project_1_Task_Scheduler\SAMV71_Xplained_Ultra\Debug\systick.o
 .debug_info    0x0000699b      0xf6c C:\SAMV7x\SAMV71x\app\Project_1_Task_Scheduler\SAMV71_Xplained_Ultra\Debug\pio_it.o
 .debug_info    0x00007907      0x1fd C:\SAMV7x\SAMV71x\app\Project_1_Task_Scheduler\SAMV71_Xplained_Ultra\Debug\wdt.o
 .debug_info    0x00007b04      0x13a C:\SAMV7x\SAMV71x\app\Project_1_Task_Scheduler\SAMV71_Xplained_Ultra\Debug\led_ctrl.o

.debug_abbrev   0x00000000     0x182f
 .debug_abbrev  0x00000000      0x13a C:\SAMV7x\SAMV71x\app\Project_1_Task_Scheduler\SAMV71_Xplained_Ultra\Debug\main.o
 .debug_abbrev  0x0000013a      0x127 C:\SAMV7x\SAMV71x\app\Project_1_Task_Scheduler\SAMV71_Xplained_Ultra\Debug\system_sam.o
 .debug_abbrev  0x00000261      0x15e C:\SAMV7x\SAMV71x\app\Project_1_Task_Scheduler\SAMV71_Xplained_Ultra\Debug\syscalls.o
 .debug_abbrev  0x000003bf      0x24c C:\SAMV7x\SAMV71x\app\Project_1_Task_Scheduler\SAMV71_Xplained_Ultra\Debug\app_scheduler.o
 .debug_abbrev  0x0000060b       0x77 C:\SAMV7x\SAMV71x\app\Project_1_Task_Scheduler\SAMV71_Xplained_Ultra\Debug\app_tasks.o
 .debug_abbrev  0x00000682      0x1a0 C:\SAMV7x\SAMV71x\app\Project_1_Task_Scheduler\SAMV71_Xplained_Ultra\Debug\startup_sam.o
 .debug_abbrev  0x00000822      0x12f C:\SAMV7x\SAMV71x\app\Project_1_Task_Scheduler\SAMV71_Xplained_Ultra\Debug\board_lowlevel.o
 .debug_abbrev  0x00000951      0x26e C:\SAMV7x\SAMV71x\app\Project_1_Task_Scheduler\SAMV71_Xplained_Ultra\Debug\dbg_console.o
 .debug_abbrev  0x00000bbf      0x113 C:\SAMV7x\SAMV71x\app\Project_1_Task_Scheduler\SAMV71_Xplained_Ultra\Debug\led.o
 .debug_abbrev  0x00000cd2      0x1ce C:\SAMV7x\SAMV71x\app\Project_1_Task_Scheduler\SAMV71_Xplained_Ultra\Debug\pmc.o
 .debug_abbrev  0x00000ea0      0x19d C:\SAMV7x\SAMV71x\app\Project_1_Task_Scheduler\SAMV71_Xplained_Ultra\Debug\pio.o
 .debug_abbrev  0x0000103d      0x144 C:\SAMV7x\SAMV71x\app\Project_1_Task_Scheduler\SAMV71_Xplained_Ultra\Debug\mpu.o
 .debug_abbrev  0x00001181      0x152 C:\SAMV7x\SAMV71x\app\Project_1_Task_Scheduler\SAMV71_Xplained_Ultra\Debug\exceptions.o
 .debug_abbrev  0x000012d3      0x1b2 C:\SAMV7x\SAMV71x\app\Project_1_Task_Scheduler\SAMV71_Xplained_Ultra\Debug\systick.o
 .debug_abbrev  0x00001485      0x22b C:\SAMV7x\SAMV71x\app\Project_1_Task_Scheduler\SAMV71_Xplained_Ultra\Debug\pio_it.o
 .debug_abbrev  0x000016b0       0xdf C:\SAMV7x\SAMV71x\app\Project_1_Task_Scheduler\SAMV71_Xplained_Ultra\Debug\wdt.o
 .debug_abbrev  0x0000178f       0xa0 C:\SAMV7x\SAMV71x\app\Project_1_Task_Scheduler\SAMV71_Xplained_Ultra\Debug\led_ctrl.o

.debug_aranges  0x00000000      0x220
 .debug_aranges
                0x00000000       0x20 C:\SAMV7x\SAMV71x\app\Project_1_Task_Scheduler\SAMV71_Xplained_Ultra\Debug\main.o
 .debug_aranges
                0x00000020       0x20 C:\SAMV7x\SAMV71x\app\Project_1_Task_Scheduler\SAMV71_Xplained_Ultra\Debug\system_sam.o
 .debug_aranges
                0x00000040       0x20 C:\SAMV7x\SAMV71x\app\Project_1_Task_Scheduler\SAMV71_Xplained_Ultra\Debug\syscalls.o
 .debug_aranges
                0x00000060       0x20 C:\SAMV7x\SAMV71x\app\Project_1_Task_Scheduler\SAMV71_Xplained_Ultra\Debug\app_scheduler.o
 .debug_aranges
                0x00000080       0x20 C:\SAMV7x\SAMV71x\app\Project_1_Task_Scheduler\SAMV71_Xplained_Ultra\Debug\app_tasks.o
 .debug_aranges
                0x000000a0       0x20 C:\SAMV7x\SAMV71x\app\Project_1_Task_Scheduler\SAMV71_Xplained_Ultra\Debug\startup_sam.o
 .debug_aranges
                0x000000c0       0x20 C:\SAMV7x\SAMV71x\app\Project_1_Task_Scheduler\SAMV71_Xplained_Ultra\Debug\board_lowlevel.o
 .debug_aranges
                0x000000e0       0x20 C:\SAMV7x\SAMV71x\app\Project_1_Task_Scheduler\SAMV71_Xplained_Ultra\Debug\dbg_console.o
 .debug_aranges
                0x00000100       0x20 C:\SAMV7x\SAMV71x\app\Project_1_Task_Scheduler\SAMV71_Xplained_Ultra\Debug\led.o
 .debug_aranges
                0x00000120       0x20 C:\SAMV7x\SAMV71x\app\Project_1_Task_Scheduler\SAMV71_Xplained_Ultra\Debug\pmc.o
 .debug_aranges
                0x00000140       0x20 C:\SAMV7x\SAMV71x\app\Project_1_Task_Scheduler\SAMV71_Xplained_Ultra\Debug\pio.o
 .debug_aranges
                0x00000160       0x20 C:\SAMV7x\SAMV71x\app\Project_1_Task_Scheduler\SAMV71_Xplained_Ultra\Debug\mpu.o
 .debug_aranges
                0x00000180       0x20 C:\SAMV7x\SAMV71x\app\Project_1_Task_Scheduler\SAMV71_Xplained_Ultra\Debug\exceptions.o
 .debug_aranges
                0x000001a0       0x20 C:\SAMV7x\SAMV71x\app\Project_1_Task_Scheduler\SAMV71_Xplained_Ultra\Debug\systick.o
 .debug_aranges
                0x000001c0       0x20 C:\SAMV7x\SAMV71x\app\Project_1_Task_Scheduler\SAMV71_Xplained_Ultra\Debug\pio_it.o
 .debug_aranges
                0x000001e0       0x20 C:\SAMV7x\SAMV71x\app\Project_1_Task_Scheduler\SAMV71_Xplained_Ultra\Debug\wdt.o
 .debug_aranges
                0x00000200       0x20 C:\SAMV7x\SAMV71x\app\Project_1_Task_Scheduler\SAMV71_Xplained_Ultra\Debug\led_ctrl.o

.debug_macro    0x00000000    0x28b7d
 .debug_macro   0x00000000     0x12e6 C:\SAMV7x\SAMV71x\app\Project_1_Task_Scheduler\SAMV71_Xplained_Ultra\Debug\main.o
 .debug_macro   0x000012e6       0x22 C:\SAMV7x\SAMV71x\app\Project_1_Task_Scheduler\SAMV71_Xplained_Ultra\Debug\main.o
 .debug_macro   0x00001308       0x44 C:\SAMV7x\SAMV71x\app\Project_1_Task_Scheduler\SAMV71_Xplained_Ultra\Debug\main.o
 .debug_macro   0x0000134c       0xe3 C:\SAMV7x\SAMV71x\app\Project_1_Task_Scheduler\SAMV71_Xplained_Ultra\Debug\main.o
 .debug_macro   0x0000142f       0x22 C:\SAMV7x\SAMV71x\app\Project_1_Task_Scheduler\SAMV71_Xplained_Ultra\Debug\main.o
 .debug_macro   0x00001451      0x1df C:\SAMV7x\SAMV71x\app\Project_1_Task_Scheduler\SAMV71_Xplained_Ultra\Debug\main.o
 .debug_macro   0x00001630       0x4a C:\SAMV7x\SAMV71x\app\Project_1_Task_Scheduler\SAMV71_Xplained_Ultra\Debug\main.o
 .debug_macro   0x0000167a       0x3b C:\SAMV7x\SAMV71x\app\Project_1_Task_Scheduler\SAMV71_Xplained_Ultra\Debug\main.o
 .debug_macro   0x000016b5       0x18 C:\SAMV7x\SAMV71x\app\Project_1_Task_Scheduler\SAMV71_Xplained_Ultra\Debug\main.o
 .debug_macro   0x000016cd       0x26 C:\SAMV7x\SAMV71x\app\Project_1_Task_Scheduler\SAMV71_Xplained_Ultra\Debug\main.o
 .debug_macro   0x000016f3      0xf9a C:\SAMV7x\SAMV71x\app\Project_1_Task_Scheduler\SAMV71_Xplained_Ultra\Debug\main.o
 .debug_macro   0x0000268d      0x16c C:\SAMV7x\SAMV71x\app\Project_1_Task_Scheduler\SAMV71_Xplained_Ultra\Debug\main.o
 .debug_macro   0x000027f9      0x24a C:\SAMV7x\SAMV71x\app\Project_1_Task_Scheduler\SAMV71_Xplained_Ultra\Debug\main.o
 .debug_macro   0x00002a43      0xa00 C:\SAMV7x\SAMV71x\app\Project_1_Task_Scheduler\SAMV71_Xplained_Ultra\Debug\main.o
 .debug_macro   0x00003443      0x1b4 C:\SAMV7x\SAMV71x\app\Project_1_Task_Scheduler\SAMV71_Xplained_Ultra\Debug\main.o
 .debug_macro   0x000035f7      0x328 C:\SAMV7x\SAMV71x\app\Project_1_Task_Scheduler\SAMV71_Xplained_Ultra\Debug\main.o
 .debug_macro   0x0000391f      0x15a C:\SAMV7x\SAMV71x\app\Project_1_Task_Scheduler\SAMV71_Xplained_Ultra\Debug\main.o
 .debug_macro   0x00003a79      0xe71 C:\SAMV7x\SAMV71x\app\Project_1_Task_Scheduler\SAMV71_Xplained_Ultra\Debug\main.o
 .debug_macro   0x000048ea       0x1c C:\SAMV7x\SAMV71x\app\Project_1_Task_Scheduler\SAMV71_Xplained_Ultra\Debug\main.o
 .debug_macro   0x00004906      0x67f C:\SAMV7x\SAMV71x\app\Project_1_Task_Scheduler\SAMV71_Xplained_Ultra\Debug\main.o
 .debug_macro   0x00004f85      0x310 C:\SAMV7x\SAMV71x\app\Project_1_Task_Scheduler\SAMV71_Xplained_Ultra\Debug\main.o
 .debug_macro   0x00005295      0x4c7 C:\SAMV7x\SAMV71x\app\Project_1_Task_Scheduler\SAMV71_Xplained_Ultra\Debug\main.o
 .debug_macro   0x0000575c      0x26e C:\SAMV7x\SAMV71x\app\Project_1_Task_Scheduler\SAMV71_Xplained_Ultra\Debug\main.o
 .debug_macro   0x000059ca     0x1324 C:\SAMV7x\SAMV71x\app\Project_1_Task_Scheduler\SAMV71_Xplained_Ultra\Debug\main.o
 .debug_macro   0x00006cee      0x280 C:\SAMV7x\SAMV71x\app\Project_1_Task_Scheduler\SAMV71_Xplained_Ultra\Debug\main.o
 .debug_macro   0x00006f6e     0x2ba3 C:\SAMV7x\SAMV71x\app\Project_1_Task_Scheduler\SAMV71_Xplained_Ultra\Debug\main.o
 .debug_macro   0x00009b11     0x101d C:\SAMV7x\SAMV71x\app\Project_1_Task_Scheduler\SAMV71_Xplained_Ultra\Debug\main.o
 .debug_macro   0x0000ab2e      0xe01 C:\SAMV7x\SAMV71x\app\Project_1_Task_Scheduler\SAMV71_Xplained_Ultra\Debug\main.o
 .debug_macro   0x0000b92f      0x3a4 C:\SAMV7x\SAMV71x\app\Project_1_Task_Scheduler\SAMV71_Xplained_Ultra\Debug\main.o
 .debug_macro   0x0000bcd3       0xa0 C:\SAMV7x\SAMV71x\app\Project_1_Task_Scheduler\SAMV71_Xplained_Ultra\Debug\main.o
 .debug_macro   0x0000bd73       0x76 C:\SAMV7x\SAMV71x\app\Project_1_Task_Scheduler\SAMV71_Xplained_Ultra\Debug\main.o
 .debug_macro   0x0000bde9      0x3fb C:\SAMV7x\SAMV71x\app\Project_1_Task_Scheduler\SAMV71_Xplained_Ultra\Debug\main.o
 .debug_macro   0x0000c1e4       0x64 C:\SAMV7x\SAMV71x\app\Project_1_Task_Scheduler\SAMV71_Xplained_Ultra\Debug\main.o
 .debug_macro   0x0000c248      0x276 C:\SAMV7x\SAMV71x\app\Project_1_Task_Scheduler\SAMV71_Xplained_Ultra\Debug\main.o
 .debug_macro   0x0000c4be      0x1c4 C:\SAMV7x\SAMV71x\app\Project_1_Task_Scheduler\SAMV71_Xplained_Ultra\Debug\main.o
 .debug_macro   0x0000c682      0x23b C:\SAMV7x\SAMV71x\app\Project_1_Task_Scheduler\SAMV71_Xplained_Ultra\Debug\main.o
 .debug_macro   0x0000c8bd      0x516 C:\SAMV7x\SAMV71x\app\Project_1_Task_Scheduler\SAMV71_Xplained_Ultra\Debug\main.o
 .debug_macro   0x0000cdd3      0x62d C:\SAMV7x\SAMV71x\app\Project_1_Task_Scheduler\SAMV71_Xplained_Ultra\Debug\main.o
 .debug_macro   0x0000d400      0x6a9 C:\SAMV7x\SAMV71x\app\Project_1_Task_Scheduler\SAMV71_Xplained_Ultra\Debug\main.o
 .debug_macro   0x0000daa9       0x4c C:\SAMV7x\SAMV71x\app\Project_1_Task_Scheduler\SAMV71_Xplained_Ultra\Debug\main.o
 .debug_macro   0x0000daf5      0x45a C:\SAMV7x\SAMV71x\app\Project_1_Task_Scheduler\SAMV71_Xplained_Ultra\Debug\main.o
 .debug_macro   0x0000df4f      0x1fb C:\SAMV7x\SAMV71x\app\Project_1_Task_Scheduler\SAMV71_Xplained_Ultra\Debug\main.o
 .debug_macro   0x0000e14a      0x87d C:\SAMV7x\SAMV71x\app\Project_1_Task_Scheduler\SAMV71_Xplained_Ultra\Debug\main.o
 .debug_macro   0x0000e9c7     0x1547 C:\SAMV7x\SAMV71x\app\Project_1_Task_Scheduler\SAMV71_Xplained_Ultra\Debug\main.o
 .debug_macro   0x0000ff0e       0x40 C:\SAMV7x\SAMV71x\app\Project_1_Task_Scheduler\SAMV71_Xplained_Ultra\Debug\main.o
 .debug_macro   0x0000ff4e       0x76 C:\SAMV7x\SAMV71x\app\Project_1_Task_Scheduler\SAMV71_Xplained_Ultra\Debug\main.o
 .debug_macro   0x0000ffc4      0xda0 C:\SAMV7x\SAMV71x\app\Project_1_Task_Scheduler\SAMV71_Xplained_Ultra\Debug\main.o
 .debug_macro   0x00010d64       0x82 C:\SAMV7x\SAMV71x\app\Project_1_Task_Scheduler\SAMV71_Xplained_Ultra\Debug\main.o
 .debug_macro   0x00010de6       0x76 C:\SAMV7x\SAMV71x\app\Project_1_Task_Scheduler\SAMV71_Xplained_Ultra\Debug\main.o
 .debug_macro   0x00010e5c       0x4c C:\SAMV7x\SAMV71x\app\Project_1_Task_Scheduler\SAMV71_Xplained_Ultra\Debug\main.o
 .debug_macro   0x00010ea8      0x126 C:\SAMV7x\SAMV71x\app\Project_1_Task_Scheduler\SAMV71_Xplained_Ultra\Debug\main.o
 .debug_macro   0x00010fce      0x126 C:\SAMV7x\SAMV71x\app\Project_1_Task_Scheduler\SAMV71_Xplained_Ultra\Debug\main.o
 .debug_macro   0x000110f4      0x126 C:\SAMV7x\SAMV71x\app\Project_1_Task_Scheduler\SAMV71_Xplained_Ultra\Debug\main.o
 .debug_macro   0x0001121a       0x6a C:\SAMV7x\SAMV71x\app\Project_1_Task_Scheduler\SAMV71_Xplained_Ultra\Debug\main.o
 .debug_macro   0x00011284       0x6a C:\SAMV7x\SAMV71x\app\Project_1_Task_Scheduler\SAMV71_Xplained_Ultra\Debug\main.o
 .debug_macro   0x000112ee      0x313 C:\SAMV7x\SAMV71x\app\Project_1_Task_Scheduler\SAMV71_Xplained_Ultra\Debug\main.o
 .debug_macro   0x00011601       0xb2 C:\SAMV7x\SAMV71x\app\Project_1_Task_Scheduler\SAMV71_Xplained_Ultra\Debug\main.o
 .debug_macro   0x000116b3       0xb2 C:\SAMV7x\SAMV71x\app\Project_1_Task_Scheduler\SAMV71_Xplained_Ultra\Debug\main.o
 .debug_macro   0x00011765       0xb2 C:\SAMV7x\SAMV71x\app\Project_1_Task_Scheduler\SAMV71_Xplained_Ultra\Debug\main.o
 .debug_macro   0x00011817      0x112 C:\SAMV7x\SAMV71x\app\Project_1_Task_Scheduler\SAMV71_Xplained_Ultra\Debug\main.o
 .debug_macro   0x00011929      0x112 C:\SAMV7x\SAMV71x\app\Project_1_Task_Scheduler\SAMV71_Xplained_Ultra\Debug\main.o
 .debug_macro   0x00011a3b      0x2cd C:\SAMV7x\SAMV71x\app\Project_1_Task_Scheduler\SAMV71_Xplained_Ultra\Debug\main.o
 .debug_macro   0x00011d08       0xb8 C:\SAMV7x\SAMV71x\app\Project_1_Task_Scheduler\SAMV71_Xplained_Ultra\Debug\main.o
 .debug_macro   0x00011dc0       0x5e C:\SAMV7x\SAMV71x\app\Project_1_Task_Scheduler\SAMV71_Xplained_Ultra\Debug\main.o
 .debug_macro   0x00011e1e       0x40 C:\SAMV7x\SAMV71x\app\Project_1_Task_Scheduler\SAMV71_Xplained_Ultra\Debug\main.o
 .debug_macro   0x00011e5e       0x4c C:\SAMV7x\SAMV71x\app\Project_1_Task_Scheduler\SAMV71_Xplained_Ultra\Debug\main.o
 .debug_macro   0x00011eaa       0xa0 C:\SAMV7x\SAMV71x\app\Project_1_Task_Scheduler\SAMV71_Xplained_Ultra\Debug\main.o
 .debug_macro   0x00011f4a      0x494 C:\SAMV7x\SAMV71x\app\Project_1_Task_Scheduler\SAMV71_Xplained_Ultra\Debug\main.o
 .debug_macro   0x000123de      0x126 C:\SAMV7x\SAMV71x\app\Project_1_Task_Scheduler\SAMV71_Xplained_Ultra\Debug\main.o
 .debug_macro   0x00012504       0x4c C:\SAMV7x\SAMV71x\app\Project_1_Task_Scheduler\SAMV71_Xplained_Ultra\Debug\main.o
 .debug_macro   0x00012550      0x313 C:\SAMV7x\SAMV71x\app\Project_1_Task_Scheduler\SAMV71_Xplained_Ultra\Debug\main.o
 .debug_macro   0x00012863       0x6a C:\SAMV7x\SAMV71x\app\Project_1_Task_Scheduler\SAMV71_Xplained_Ultra\Debug\main.o
 .debug_macro   0x000128cd       0xb8 C:\SAMV7x\SAMV71x\app\Project_1_Task_Scheduler\SAMV71_Xplained_Ultra\Debug\main.o
 .debug_macro   0x00012985       0x76 C:\SAMV7x\SAMV71x\app\Project_1_Task_Scheduler\SAMV71_Xplained_Ultra\Debug\main.o
 .debug_macro   0x000129fb       0x6a C:\SAMV7x\SAMV71x\app\Project_1_Task_Scheduler\SAMV71_Xplained_Ultra\Debug\main.o
 .debug_macro   0x00012a65       0x2e C:\SAMV7x\SAMV71x\app\Project_1_Task_Scheduler\SAMV71_Xplained_Ultra\Debug\main.o
 .debug_macro   0x00012a93      0x9b1 C:\SAMV7x\SAMV71x\app\Project_1_Task_Scheduler\SAMV71_Xplained_Ultra\Debug\main.o
 .debug_macro   0x00013444       0x6a C:\SAMV7x\SAMV71x\app\Project_1_Task_Scheduler\SAMV71_Xplained_Ultra\Debug\main.o
 .debug_macro   0x000134ae       0x88 C:\SAMV7x\SAMV71x\app\Project_1_Task_Scheduler\SAMV71_Xplained_Ultra\Debug\main.o
 .debug_macro   0x00013536       0x58 C:\SAMV7x\SAMV71x\app\Project_1_Task_Scheduler\SAMV71_Xplained_Ultra\Debug\main.o
 .debug_macro   0x0001358e       0xa6 C:\SAMV7x\SAMV71x\app\Project_1_Task_Scheduler\SAMV71_Xplained_Ultra\Debug\main.o
 .debug_macro   0x00013634       0x16 C:\SAMV7x\SAMV71x\app\Project_1_Task_Scheduler\SAMV71_Xplained_Ultra\Debug\main.o
 .debug_macro   0x0001364a       0xe2 C:\SAMV7x\SAMV71x\app\Project_1_Task_Scheduler\SAMV71_Xplained_Ultra\Debug\main.o
 .debug_macro   0x0001372c       0x4c C:\SAMV7x\SAMV71x\app\Project_1_Task_Scheduler\SAMV71_Xplained_Ultra\Debug\main.o
 .debug_macro   0x00013778       0x16 C:\SAMV7x\SAMV71x\app\Project_1_Task_Scheduler\SAMV71_Xplained_Ultra\Debug\main.o
 .debug_macro   0x0001378e       0x4c C:\SAMV7x\SAMV71x\app\Project_1_Task_Scheduler\SAMV71_Xplained_Ultra\Debug\main.o
 .debug_macro   0x000137da       0x2e C:\SAMV7x\SAMV71x\app\Project_1_Task_Scheduler\SAMV71_Xplained_Ultra\Debug\main.o
 .debug_macro   0x00013808      0x19e C:\SAMV7x\SAMV71x\app\Project_1_Task_Scheduler\SAMV71_Xplained_Ultra\Debug\main.o
 .debug_macro   0x000139a6      0x19e C:\SAMV7x\SAMV71x\app\Project_1_Task_Scheduler\SAMV71_Xplained_Ultra\Debug\main.o
 .debug_macro   0x00013b44      0x19e C:\SAMV7x\SAMV71x\app\Project_1_Task_Scheduler\SAMV71_Xplained_Ultra\Debug\main.o
 .debug_macro   0x00013ce2      0x19e C:\SAMV7x\SAMV71x\app\Project_1_Task_Scheduler\SAMV71_Xplained_Ultra\Debug\main.o
 .debug_macro   0x00013e80      0x19e C:\SAMV7x\SAMV71x\app\Project_1_Task_Scheduler\SAMV71_Xplained_Ultra\Debug\main.o
 .debug_macro   0x0001401e       0x1c C:\SAMV7x\SAMV71x\app\Project_1_Task_Scheduler\SAMV71_Xplained_Ultra\Debug\main.o
 .debug_macro   0x0001403a       0x2e C:\SAMV7x\SAMV71x\app\Project_1_Task_Scheduler\SAMV71_Xplained_Ultra\Debug\main.o
 .debug_macro   0x00014068       0x22 C:\SAMV7x\SAMV71x\app\Project_1_Task_Scheduler\SAMV71_Xplained_Ultra\Debug\main.o
 .debug_macro   0x0001408a       0x1c C:\SAMV7x\SAMV71x\app\Project_1_Task_Scheduler\SAMV71_Xplained_Ultra\Debug\main.o
 .debug_macro   0x000140a6       0x52 C:\SAMV7x\SAMV71x\app\Project_1_Task_Scheduler\SAMV71_Xplained_Ultra\Debug\main.o
 .debug_macro   0x000140f8       0x10 C:\SAMV7x\SAMV71x\app\Project_1_Task_Scheduler\SAMV71_Xplained_Ultra\Debug\main.o
 .debug_macro   0x00014108       0x1c C:\SAMV7x\SAMV71x\app\Project_1_Task_Scheduler\SAMV71_Xplained_Ultra\Debug\main.o
 .debug_macro   0x00014124       0x4c C:\SAMV7x\SAMV71x\app\Project_1_Task_Scheduler\SAMV71_Xplained_Ultra\Debug\main.o
 .debug_macro   0x00014170       0x4c C:\SAMV7x\SAMV71x\app\Project_1_Task_Scheduler\SAMV71_Xplained_Ultra\Debug\main.o
 .debug_macro   0x000141bc       0x4c C:\SAMV7x\SAMV71x\app\Project_1_Task_Scheduler\SAMV71_Xplained_Ultra\Debug\main.o
 .debug_macro   0x00014208      0x329 C:\SAMV7x\SAMV71x\app\Project_1_Task_Scheduler\SAMV71_Xplained_Ultra\Debug\main.o
 .debug_macro   0x00014531     0x1028 C:\SAMV7x\SAMV71x\app\Project_1_Task_Scheduler\SAMV71_Xplained_Ultra\Debug\main.o
 .debug_macro   0x00015559      0x107 C:\SAMV7x\SAMV71x\app\Project_1_Task_Scheduler\SAMV71_Xplained_Ultra\Debug\main.o
 .debug_macro   0x00015660      0x166 C:\SAMV7x\SAMV71x\app\Project_1_Task_Scheduler\SAMV71_Xplained_Ultra\Debug\main.o
 .debug_macro   0x000157c6       0x58 C:\SAMV7x\SAMV71x\app\Project_1_Task_Scheduler\SAMV71_Xplained_Ultra\Debug\main.o
 .debug_macro   0x0001581e       0x35 C:\SAMV7x\SAMV71x\app\Project_1_Task_Scheduler\SAMV71_Xplained_Ultra\Debug\main.o
 .debug_macro   0x00015853       0x9c C:\SAMV7x\SAMV71x\app\Project_1_Task_Scheduler\SAMV71_Xplained_Ultra\Debug\main.o
 .debug_macro   0x000158ef       0x16 C:\SAMV7x\SAMV71x\app\Project_1_Task_Scheduler\SAMV71_Xplained_Ultra\Debug\main.o
 .debug_macro   0x00015905       0x35 C:\SAMV7x\SAMV71x\app\Project_1_Task_Scheduler\SAMV71_Xplained_Ultra\Debug\main.o
 .debug_macro   0x0001593a       0x52 C:\SAMV7x\SAMV71x\app\Project_1_Task_Scheduler\SAMV71_Xplained_Ultra\Debug\main.o
 .debug_macro   0x0001598c       0x16 C:\SAMV7x\SAMV71x\app\Project_1_Task_Scheduler\SAMV71_Xplained_Ultra\Debug\main.o
 .debug_macro   0x000159a2       0x43 C:\SAMV7x\SAMV71x\app\Project_1_Task_Scheduler\SAMV71_Xplained_Ultra\Debug\main.o
 .debug_macro   0x000159e5      0x180 C:\SAMV7x\SAMV71x\app\Project_1_Task_Scheduler\SAMV71_Xplained_Ultra\Debug\main.o
 .debug_macro   0x00015b65      0x29d C:\SAMV7x\SAMV71x\app\Project_1_Task_Scheduler\SAMV71_Xplained_Ultra\Debug\main.o
 .debug_macro   0x00015e02       0x16 C:\SAMV7x\SAMV71x\app\Project_1_Task_Scheduler\SAMV71_Xplained_Ultra\Debug\main.o
 .debug_macro   0x00015e18       0x29 C:\SAMV7x\SAMV71x\app\Project_1_Task_Scheduler\SAMV71_Xplained_Ultra\Debug\main.o
 .debug_macro   0x00015e41       0x22 C:\SAMV7x\SAMV71x\app\Project_1_Task_Scheduler\SAMV71_Xplained_Ultra\Debug\main.o
 .debug_macro   0x00015e63      0x159 C:\SAMV7x\SAMV71x\app\Project_1_Task_Scheduler\SAMV71_Xplained_Ultra\Debug\main.o
 .debug_macro   0x00015fbc       0x5e C:\SAMV7x\SAMV71x\app\Project_1_Task_Scheduler\SAMV71_Xplained_Ultra\Debug\main.o
 .debug_macro   0x0001601a       0x16 C:\SAMV7x\SAMV71x\app\Project_1_Task_Scheduler\SAMV71_Xplained_Ultra\Debug\main.o
 .debug_macro   0x00016030       0xc6 C:\SAMV7x\SAMV71x\app\Project_1_Task_Scheduler\SAMV71_Xplained_Ultra\Debug\main.o
 .debug_macro   0x000160f6       0x16 C:\SAMV7x\SAMV71x\app\Project_1_Task_Scheduler\SAMV71_Xplained_Ultra\Debug\main.o
 .debug_macro   0x0001610c       0x10 C:\SAMV7x\SAMV71x\app\Project_1_Task_Scheduler\SAMV71_Xplained_Ultra\Debug\main.o
 .debug_macro   0x0001611c       0xe6 C:\SAMV7x\SAMV71x\app\Project_1_Task_Scheduler\SAMV71_Xplained_Ultra\Debug\main.o
 .debug_macro   0x00016202       0x94 C:\SAMV7x\SAMV71x\app\Project_1_Task_Scheduler\SAMV71_Xplained_Ultra\Debug\main.o
 .debug_macro   0x00016296       0x97 C:\SAMV7x\SAMV71x\app\Project_1_Task_Scheduler\SAMV71_Xplained_Ultra\Debug\main.o
 .debug_macro   0x0001632d      0x19e C:\SAMV7x\SAMV71x\app\Project_1_Task_Scheduler\SAMV71_Xplained_Ultra\Debug\main.o
 .debug_macro   0x000164cb       0x98 C:\SAMV7x\SAMV71x\app\Project_1_Task_Scheduler\SAMV71_Xplained_Ultra\Debug\main.o
 .debug_macro   0x00016563       0x34 C:\SAMV7x\SAMV71x\app\Project_1_Task_Scheduler\SAMV71_Xplained_Ultra\Debug\main.o
 .debug_macro   0x00016597       0x16 C:\SAMV7x\SAMV71x\app\Project_1_Task_Scheduler\SAMV71_Xplained_Ultra\Debug\main.o
 .debug_macro   0x000165ad       0x76 C:\SAMV7x\SAMV71x\app\Project_1_Task_Scheduler\SAMV71_Xplained_Ultra\Debug\main.o
 .debug_macro   0x00016623       0x1c C:\SAMV7x\SAMV71x\app\Project_1_Task_Scheduler\SAMV71_Xplained_Ultra\Debug\main.o
 .debug_macro   0x0001663f       0x3a C:\SAMV7x\SAMV71x\app\Project_1_Task_Scheduler\SAMV71_Xplained_Ultra\Debug\main.o
 .debug_macro   0x00016679       0x1c C:\SAMV7x\SAMV71x\app\Project_1_Task_Scheduler\SAMV71_Xplained_Ultra\Debug\main.o
 .debug_macro   0x00016695       0x2e C:\SAMV7x\SAMV71x\app\Project_1_Task_Scheduler\SAMV71_Xplained_Ultra\Debug\main.o
 .debug_macro   0x000166c3       0x3a C:\SAMV7x\SAMV71x\app\Project_1_Task_Scheduler\SAMV71_Xplained_Ultra\Debug\main.o
 .debug_macro   0x000166fd       0x52 C:\SAMV7x\SAMV71x\app\Project_1_Task_Scheduler\SAMV71_Xplained_Ultra\Debug\main.o
 .debug_macro   0x0001674f       0x22 C:\SAMV7x\SAMV71x\app\Project_1_Task_Scheduler\SAMV71_Xplained_Ultra\Debug\main.o
 .debug_macro   0x00016771       0x1c C:\SAMV7x\SAMV71x\app\Project_1_Task_Scheduler\SAMV71_Xplained_Ultra\Debug\main.o
 .debug_macro   0x0001678d       0x1c C:\SAMV7x\SAMV71x\app\Project_1_Task_Scheduler\SAMV71_Xplained_Ultra\Debug\main.o
 .debug_macro   0x000167a9       0x10 C:\SAMV7x\SAMV71x\app\Project_1_Task_Scheduler\SAMV71_Xplained_Ultra\Debug\main.o
 .debug_macro   0x000167b9       0x10 C:\SAMV7x\SAMV71x\app\Project_1_Task_Scheduler\SAMV71_Xplained_Ultra\Debug\main.o
 .debug_macro   0x000167c9       0x22 C:\SAMV7x\SAMV71x\app\Project_1_Task_Scheduler\SAMV71_Xplained_Ultra\Debug\main.o
 .debug_macro   0x000167eb       0xbe C:\SAMV7x\SAMV71x\app\Project_1_Task_Scheduler\SAMV71_Xplained_Ultra\Debug\main.o
 .debug_macro   0x000168a9       0x16 C:\SAMV7x\SAMV71x\app\Project_1_Task_Scheduler\SAMV71_Xplained_Ultra\Debug\main.o
 .debug_macro   0x000168bf      0x197 C:\SAMV7x\SAMV71x\app\Project_1_Task_Scheduler\SAMV71_Xplained_Ultra\Debug\main.o
 .debug_macro   0x00016a56       0x93 C:\SAMV7x\SAMV71x\app\Project_1_Task_Scheduler\SAMV71_Xplained_Ultra\Debug\main.o
 .debug_macro   0x00016ae9       0x2e C:\SAMV7x\SAMV71x\app\Project_1_Task_Scheduler\SAMV71_Xplained_Ultra\Debug\main.o
 .debug_macro   0x00016b17       0x2e C:\SAMV7x\SAMV71x\app\Project_1_Task_Scheduler\SAMV71_Xplained_Ultra\Debug\main.o
 .debug_macro   0x00016b45       0x76 C:\SAMV7x\SAMV71x\app\Project_1_Task_Scheduler\SAMV71_Xplained_Ultra\Debug\main.o
 .debug_macro   0x00016bbb       0x28 C:\SAMV7x\SAMV71x\app\Project_1_Task_Scheduler\SAMV71_Xplained_Ultra\Debug\main.o
 .debug_macro   0x00016be3       0x16 C:\SAMV7x\SAMV71x\app\Project_1_Task_Scheduler\SAMV71_Xplained_Ultra\Debug\main.o
 .debug_macro   0x00016bf9       0x28 C:\SAMV7x\SAMV71x\app\Project_1_Task_Scheduler\SAMV71_Xplained_Ultra\Debug\main.o
 .debug_macro   0x00016c21       0x1c C:\SAMV7x\SAMV71x\app\Project_1_Task_Scheduler\SAMV71_Xplained_Ultra\Debug\main.o
 .debug_macro   0x00016c3d       0x16 C:\SAMV7x\SAMV71x\app\Project_1_Task_Scheduler\SAMV71_Xplained_Ultra\Debug\main.o
 .debug_macro   0x00016c53       0x16 C:\SAMV7x\SAMV71x\app\Project_1_Task_Scheduler\SAMV71_Xplained_Ultra\Debug\main.o
 .debug_macro   0x00016c69       0x1c C:\SAMV7x\SAMV71x\app\Project_1_Task_Scheduler\SAMV71_Xplained_Ultra\Debug\main.o
 .debug_macro   0x00016c85       0x6f C:\SAMV7x\SAMV71x\app\Project_1_Task_Scheduler\SAMV71_Xplained_Ultra\Debug\main.o
 .debug_macro   0x00016cf4       0xa0 C:\SAMV7x\SAMV71x\app\Project_1_Task_Scheduler\SAMV71_Xplained_Ultra\Debug\main.o
 .debug_macro   0x00016d94       0x10 C:\SAMV7x\SAMV71x\app\Project_1_Task_Scheduler\SAMV71_Xplained_Ultra\Debug\main.o
 .debug_macro   0x00016da4      0x148 C:\SAMV7x\SAMV71x\app\Project_1_Task_Scheduler\SAMV71_Xplained_Ultra\Debug\main.o
 .debug_macro   0x00016eec       0x16 C:\SAMV7x\SAMV71x\app\Project_1_Task_Scheduler\SAMV71_Xplained_Ultra\Debug\main.o
 .debug_macro   0x00016f02       0x52 C:\SAMV7x\SAMV71x\app\Project_1_Task_Scheduler\SAMV71_Xplained_Ultra\Debug\main.o
 .debug_macro   0x00016f54      0x240 C:\SAMV7x\SAMV71x\app\Project_1_Task_Scheduler\SAMV71_Xplained_Ultra\Debug\main.o
 .debug_macro   0x00017194       0x34 C:\SAMV7x\SAMV71x\app\Project_1_Task_Scheduler\SAMV71_Xplained_Ultra\Debug\main.o
 .debug_macro   0x000171c8      0x13c C:\SAMV7x\SAMV71x\app\Project_1_Task_Scheduler\SAMV71_Xplained_Ultra\Debug\main.o
 .debug_macro   0x00017304       0x10 C:\SAMV7x\SAMV71x\app\Project_1_Task_Scheduler\SAMV71_Xplained_Ultra\Debug\main.o
 .debug_macro   0x00017314      0x102 C:\SAMV7x\SAMV71x\app\Project_1_Task_Scheduler\SAMV71_Xplained_Ultra\Debug\main.o
 .debug_macro   0x00017416       0x52 C:\SAMV7x\SAMV71x\app\Project_1_Task_Scheduler\SAMV71_Xplained_Ultra\Debug\main.o
 .debug_macro   0x00017468      0x1f3 C:\SAMV7x\SAMV71x\app\Project_1_Task_Scheduler\SAMV71_Xplained_Ultra\Debug\main.o
 .debug_macro   0x0001765b       0x2e C:\SAMV7x\SAMV71x\app\Project_1_Task_Scheduler\SAMV71_Xplained_Ultra\Debug\main.o
 .debug_macro   0x00017689       0x16 C:\SAMV7x\SAMV71x\app\Project_1_Task_Scheduler\SAMV71_Xplained_Ultra\Debug\main.o
 .debug_macro   0x0001769f       0x52 C:\SAMV7x\SAMV71x\app\Project_1_Task_Scheduler\SAMV71_Xplained_Ultra\Debug\main.o
 .debug_macro   0x000176f1       0x16 C:\SAMV7x\SAMV71x\app\Project_1_Task_Scheduler\SAMV71_Xplained_Ultra\Debug\main.o
 .debug_macro   0x00017707       0x10 C:\SAMV7x\SAMV71x\app\Project_1_Task_Scheduler\SAMV71_Xplained_Ultra\Debug\main.o
 .debug_macro   0x00017717       0x10 C:\SAMV7x\SAMV71x\app\Project_1_Task_Scheduler\SAMV71_Xplained_Ultra\Debug\main.o
 .debug_macro   0x00017727       0x10 C:\SAMV7x\SAMV71x\app\Project_1_Task_Scheduler\SAMV71_Xplained_Ultra\Debug\main.o
 .debug_macro   0x00017737       0x35 C:\SAMV7x\SAMV71x\app\Project_1_Task_Scheduler\SAMV71_Xplained_Ultra\Debug\main.o
 .debug_macro   0x0001776c      0x122 C:\SAMV7x\SAMV71x\app\Project_1_Task_Scheduler\SAMV71_Xplained_Ultra\Debug\main.o
 .debug_macro   0x0001788e      0x456 C:\SAMV7x\SAMV71x\app\Project_1_Task_Scheduler\SAMV71_Xplained_Ultra\Debug\main.o
 .debug_macro   0x00017ce4       0x52 C:\SAMV7x\SAMV71x\app\Project_1_Task_Scheduler\SAMV71_Xplained_Ultra\Debug\main.o
 .debug_macro   0x00017d36       0x3a C:\SAMV7x\SAMV71x\app\Project_1_Task_Scheduler\SAMV71_Xplained_Ultra\Debug\main.o
 .debug_macro   0x00017d70      0xdab C:\SAMV7x\SAMV71x\app\Project_1_Task_Scheduler\SAMV71_Xplained_Ultra\Debug\system_sam.o
 .debug_macro   0x00018b1b     0x12db C:\SAMV7x\SAMV71x\app\Project_1_Task_Scheduler\SAMV71_Xplained_Ultra\Debug\syscalls.o
 .debug_macro   0x00019df6       0x10 C:\SAMV7x\SAMV71x\app\Project_1_Task_Scheduler\SAMV71_Xplained_Ultra\Debug\syscalls.o
 .debug_macro   0x00019e06      0x241 C:\SAMV7x\SAMV71x\app\Project_1_Task_Scheduler\SAMV71_Xplained_Ultra\Debug\syscalls.o
 .debug_macro   0x0001a047     0x12fd C:\SAMV7x\SAMV71x\app\Project_1_Task_Scheduler\SAMV71_Xplained_Ultra\Debug\app_scheduler.o
 .debug_macro   0x0001b344       0x50 C:\SAMV7x\SAMV71x\app\Project_1_Task_Scheduler\SAMV71_Xplained_Ultra\Debug\app_scheduler.o
 .debug_macro   0x0001b394      0xe82 C:\SAMV7x\SAMV71x\app\Project_1_Task_Scheduler\SAMV71_Xplained_Ultra\Debug\app_tasks.o
 .debug_macro   0x0001c216      0xd93 C:\SAMV7x\SAMV71x\app\Project_1_Task_Scheduler\SAMV71_Xplained_Ultra\Debug\startup_sam.o
 .debug_macro   0x0001cfa9     0x12bd C:\SAMV7x\SAMV71x\app\Project_1_Task_Scheduler\SAMV71_Xplained_Ultra\Debug\board_lowlevel.o
 .debug_macro   0x0001e266     0x12f2 C:\SAMV7x\SAMV71x\app\Project_1_Task_Scheduler\SAMV71_Xplained_Ultra\Debug\dbg_console.o
 .debug_macro   0x0001f558     0x12bc C:\SAMV7x\SAMV71x\app\Project_1_Task_Scheduler\SAMV71_Xplained_Ultra\Debug\led.o
 .debug_macro   0x00020814     0x111f C:\SAMV7x\SAMV71x\app\Project_1_Task_Scheduler\SAMV71_Xplained_Ultra\Debug\pmc.o
 .debug_macro   0x00021933     0x1109 C:\SAMV7x\SAMV71x\app\Project_1_Task_Scheduler\SAMV71_Xplained_Ultra\Debug\pio.o
 .debug_macro   0x00022a3c     0x110a C:\SAMV7x\SAMV71x\app\Project_1_Task_Scheduler\SAMV71_Xplained_Ultra\Debug\mpu.o
 .debug_macro   0x00023b46     0x110a C:\SAMV7x\SAMV71x\app\Project_1_Task_Scheduler\SAMV71_Xplained_Ultra\Debug\exceptions.o
 .debug_macro   0x00024c50      0xe89 C:\SAMV7x\SAMV71x\app\Project_1_Task_Scheduler\SAMV71_Xplained_Ultra\Debug\systick.o
 .debug_macro   0x00025ad9     0x1118 C:\SAMV7x\SAMV71x\app\Project_1_Task_Scheduler\SAMV71_Xplained_Ultra\Debug\pio_it.o
 .debug_macro   0x00026bf1     0x110a C:\SAMV7x\SAMV71x\app\Project_1_Task_Scheduler\SAMV71_Xplained_Ultra\Debug\wdt.o
 .debug_macro   0x00027cfb      0xe82 C:\SAMV7x\SAMV71x\app\Project_1_Task_Scheduler\SAMV71_Xplained_Ultra\Debug\led_ctrl.o

.debug_line     0x00000000     0xf3b4
 .debug_line    0x00000000     0x113f C:\SAMV7x\SAMV71x\app\Project_1_Task_Scheduler\SAMV71_Xplained_Ultra\Debug\main.o
 .debug_line    0x0000113f      0xaf2 C:\SAMV7x\SAMV71x\app\Project_1_Task_Scheduler\SAMV71_Xplained_Ultra\Debug\system_sam.o
 .debug_line    0x00001c31     0x105b C:\SAMV7x\SAMV71x\app\Project_1_Task_Scheduler\SAMV71_Xplained_Ultra\Debug\syscalls.o
 .debug_line    0x00002c8c     0x11e2 C:\SAMV7x\SAMV71x\app\Project_1_Task_Scheduler\SAMV71_Xplained_Ultra\Debug\app_scheduler.o
 .debug_line    0x00003e6e      0xb9b C:\SAMV7x\SAMV71x\app\Project_1_Task_Scheduler\SAMV71_Xplained_Ultra\Debug\app_tasks.o
 .debug_line    0x00004a09      0xa5f C:\SAMV7x\SAMV71x\app\Project_1_Task_Scheduler\SAMV71_Xplained_Ultra\Debug\startup_sam.o
 .debug_line    0x00005468     0x1068 C:\SAMV7x\SAMV71x\app\Project_1_Task_Scheduler\SAMV71_Xplained_Ultra\Debug\board_lowlevel.o
 .debug_line    0x000064d0     0x11aa C:\SAMV7x\SAMV71x\app\Project_1_Task_Scheduler\SAMV71_Xplained_Ultra\Debug\dbg_console.o
 .debug_line    0x0000767a     0x1024 C:\SAMV7x\SAMV71x\app\Project_1_Task_Scheduler\SAMV71_Xplained_Ultra\Debug\led.o
 .debug_line    0x0000869e      0xf63 C:\SAMV7x\SAMV71x\app\Project_1_Task_Scheduler\SAMV71_Xplained_Ultra\Debug\pmc.o
 .debug_line    0x00009601      0xe62 C:\SAMV7x\SAMV71x\app\Project_1_Task_Scheduler\SAMV71_Xplained_Ultra\Debug\pio.o
 .debug_line    0x0000a463      0xde9 C:\SAMV7x\SAMV71x\app\Project_1_Task_Scheduler\SAMV71_Xplained_Ultra\Debug\mpu.o
 .debug_line    0x0000b24c      0xe17 C:\SAMV7x\SAMV71x\app\Project_1_Task_Scheduler\SAMV71_Xplained_Ultra\Debug\exceptions.o
 .debug_line    0x0000c063      0xba5 C:\SAMV7x\SAMV71x\app\Project_1_Task_Scheduler\SAMV71_Xplained_Ultra\Debug\systick.o
 .debug_line    0x0000cc08      0xe61 C:\SAMV7x\SAMV71x\app\Project_1_Task_Scheduler\SAMV71_Xplained_Ultra\Debug\pio_it.o
 .debug_line    0x0000da69      0xdbc C:\SAMV7x\SAMV71x\app\Project_1_Task_Scheduler\SAMV71_Xplained_Ultra\Debug\wdt.o
 .debug_line    0x0000e825      0xb8f C:\SAMV7x\SAMV71x\app\Project_1_Task_Scheduler\SAMV71_Xplained_Ultra\Debug\led_ctrl.o

.debug_str      0x00000000    0x7df81
 .debug_str     0x00000000    0x7b422 C:\SAMV7x\SAMV71x\app\Project_1_Task_Scheduler\SAMV71_Xplained_Ultra\Debug\main.o
                              0x7b9c5 (size before relaxing)
 .debug_str     0x0007b422      0x3f2 C:\SAMV7x\SAMV71x\app\Project_1_Task_Scheduler\SAMV71_Xplained_Ultra\Debug\system_sam.o
                              0x6e207 (size before relaxing)
 .debug_str     0x0007b814      0x60f C:\SAMV7x\SAMV71x\app\Project_1_Task_Scheduler\SAMV71_Xplained_Ultra\Debug\syscalls.o
                              0x7ba6c (size before relaxing)
 .debug_str     0x0007be23      0x946 C:\SAMV7x\SAMV71x\app\Project_1_Task_Scheduler\SAMV71_Xplained_Ultra\Debug\app_scheduler.o
                              0x7c1d5 (size before relaxing)
 .debug_str     0x0007c769       0xb4 C:\SAMV7x\SAMV71x\app\Project_1_Task_Scheduler\SAMV71_Xplained_Ultra\Debug\app_tasks.o
                              0x70d97 (size before relaxing)
 .debug_str     0x0007c81d      0x5df C:\SAMV7x\SAMV71x\app\Project_1_Task_Scheduler\SAMV71_Xplained_Ultra\Debug\startup_sam.o
                              0x6e5cc (size before relaxing)
 .debug_str     0x0007cdfc       0x84 C:\SAMV7x\SAMV71x\app\Project_1_Task_Scheduler\SAMV71_Xplained_Ultra\Debug\board_lowlevel.o
                              0x7b649 (size before relaxing)
 .debug_str     0x0007ce80      0x7b0 C:\SAMV7x\SAMV71x\app\Project_1_Task_Scheduler\SAMV71_Xplained_Ultra\Debug\dbg_console.o
                              0x7bf7f (size before relaxing)
 .debug_str     0x0007d630       0x77 C:\SAMV7x\SAMV71x\app\Project_1_Task_Scheduler\SAMV71_Xplained_Ultra\Debug\led.o
                              0x7b7e9 (size before relaxing)
 .debug_str     0x0007d6a7      0x2be C:\SAMV7x\SAMV71x\app\Project_1_Task_Scheduler\SAMV71_Xplained_Ultra\Debug\pmc.o
                              0x760f3 (size before relaxing)
 .debug_str     0x0007d965      0x18f C:\SAMV7x\SAMV71x\app\Project_1_Task_Scheduler\SAMV71_Xplained_Ultra\Debug\pio.o
                              0x7613d (size before relaxing)
 .debug_str     0x0007daf4      0x143 C:\SAMV7x\SAMV71x\app\Project_1_Task_Scheduler\SAMV71_Xplained_Ultra\Debug\mpu.o
                              0x75df7 (size before relaxing)
 .debug_str     0x0007dc37       0x53 C:\SAMV7x\SAMV71x\app\Project_1_Task_Scheduler\SAMV71_Xplained_Ultra\Debug\exceptions.o
                              0x75e9e (size before relaxing)
 .debug_str     0x0007dc8a       0xce C:\SAMV7x\SAMV71x\app\Project_1_Task_Scheduler\SAMV71_Xplained_Ultra\Debug\systick.o
                              0x714ee (size before relaxing)
 .debug_str     0x0007dd58      0x115 C:\SAMV7x\SAMV71x\app\Project_1_Task_Scheduler\SAMV71_Xplained_Ultra\Debug\pio_it.o
                              0x765f4 (size before relaxing)
 .debug_str     0x0007de6d       0x81 C:\SAMV7x\SAMV71x\app\Project_1_Task_Scheduler\SAMV71_Xplained_Ultra\Debug\wdt.o
                              0x75d20 (size before relaxing)
 .debug_str     0x0007deee       0x93 C:\SAMV7x\SAMV71x\app\Project_1_Task_Scheduler\SAMV71_Xplained_Ultra\Debug\led_ctrl.o
                              0x70d82 (size before relaxing)

.comment        0x00000000       0x70
 .comment       0x00000000       0x70 C:\SAMV7x\SAMV71x\app\Project_1_Task_Scheduler\SAMV71_Xplained_Ultra\Debug\main.o
                                 0x71 (size before relaxing)
 .comment       0x00000000       0x71 C:\SAMV7x\SAMV71x\app\Project_1_Task_Scheduler\SAMV71_Xplained_Ultra\Debug\system_sam.o
 .comment       0x00000000       0x71 C:\SAMV7x\SAMV71x\app\Project_1_Task_Scheduler\SAMV71_Xplained_Ultra\Debug\syscalls.o
 .comment       0x00000000       0x71 C:\SAMV7x\SAMV71x\app\Project_1_Task_Scheduler\SAMV71_Xplained_Ultra\Debug\app_scheduler.o
 .comment       0x00000000       0x71 C:\SAMV7x\SAMV71x\app\Project_1_Task_Scheduler\SAMV71_Xplained_Ultra\Debug\app_tasks.o
 .comment       0x00000000       0x71 C:\SAMV7x\SAMV71x\app\Project_1_Task_Scheduler\SAMV71_Xplained_Ultra\Debug\startup_sam.o
 .comment       0x00000000       0x71 C:\SAMV7x\SAMV71x\app\Project_1_Task_Scheduler\SAMV71_Xplained_Ultra\Debug\board_lowlevel.o
 .comment       0x00000000       0x71 C:\SAMV7x\SAMV71x\app\Project_1_Task_Scheduler\SAMV71_Xplained_Ultra\Debug\dbg_console.o
 .comment       0x00000000       0x71 C:\SAMV7x\SAMV71x\app\Project_1_Task_Scheduler\SAMV71_Xplained_Ultra\Debug\led.o
 .comment       0x00000000       0x71 C:\SAMV7x\SAMV71x\app\Project_1_Task_Scheduler\SAMV71_Xplained_Ultra\Debug\pmc.o
 .comment       0x00000000       0x71 C:\SAMV7x\SAMV71x\app\Project_1_Task_Scheduler\SAMV71_Xplained_Ultra\Debug\pio.o
 .comment       0x00000000       0x71 C:\SAMV7x\SAMV71x\app\Project_1_Task_Scheduler\SAMV71_Xplained_Ultra\Debug\mpu.o
 .comment       0x00000000       0x71 C:\SAMV7x\SAMV71x\app\Project_1_Task_Scheduler\SAMV71_Xplained_Ultra\Debug\exceptions.o
 .comment       0x00000000       0x71 C:\SAMV7x\SAMV71x\app\Project_1_Task_Scheduler\SAMV71_Xplained_Ultra\Debug\systick.o
 .comment       0x00000000       0x71 C:\SAMV7x\SAMV71x\app\Project_1_Task_Scheduler\SAMV71_Xplained_Ultra\Debug\pio_it.o
 .comment       0x00000000       0x71 C:\SAMV7x\SAMV71x\app\Project_1_Task_Scheduler\SAMV71_Xplained_Ultra\Debug\wdt.o
 .comment       0x00000000       0x71 C:\SAMV7x\SAMV71x\app\Project_1_Task_Scheduler\SAMV71_Xplained_Ultra\Debug\led_ctrl.o

.ARM.attributes
                0x00000000       0x35
 .ARM.attributes
                0x00000000       0x37 C:\SAMV7x\SAMV71x\app\Project_1_Task_Scheduler\SAMV71_Xplained_Ultra\Debug\main.o
 .ARM.attributes
                0x00000037       0x37 C:\SAMV7x\SAMV71x\app\Project_1_Task_Scheduler\SAMV71_Xplained_Ultra\Debug\system_sam.o
 .ARM.attributes
                0x0000006e       0x37 C:\SAMV7x\SAMV71x\app\Project_1_Task_Scheduler\SAMV71_Xplained_Ultra\Debug\syscalls.o
 .ARM.attributes
                0x000000a5       0x37 C:\SAMV7x\SAMV71x\app\Project_1_Task_Scheduler\SAMV71_Xplained_Ultra\Debug\app_scheduler.o
 .ARM.attributes
                0x000000dc       0x37 C:\SAMV7x\SAMV71x\app\Project_1_Task_Scheduler\SAMV71_Xplained_Ultra\Debug\app_tasks.o
 .ARM.attributes
                0x00000113       0x37 C:\SAMV7x\SAMV71x\app\Project_1_Task_Scheduler\SAMV71_Xplained_Ultra\Debug\startup_sam.o
 .ARM.attributes
                0x0000014a       0x37 C:\SAMV7x\SAMV71x\app\Project_1_Task_Scheduler\SAMV71_Xplained_Ultra\Debug\board_lowlevel.o
 .ARM.attributes
                0x00000181       0x37 C:\SAMV7x\SAMV71x\app\Project_1_Task_Scheduler\SAMV71_Xplained_Ultra\Debug\dbg_console.o
 .ARM.attributes
                0x000001b8       0x37 C:\SAMV7x\SAMV71x\app\Project_1_Task_Scheduler\SAMV71_Xplained_Ultra\Debug\led.o
 .ARM.attributes
                0x000001ef       0x37 C:\SAMV7x\SAMV71x\app\Project_1_Task_Scheduler\SAMV71_Xplained_Ultra\Debug\pmc.o
 .ARM.attributes
                0x00000226       0x37 C:\SAMV7x\SAMV71x\app\Project_1_Task_Scheduler\SAMV71_Xplained_Ultra\Debug\pio.o
 .ARM.attributes
                0x0000025d       0x37 C:\SAMV7x\SAMV71x\app\Project_1_Task_Scheduler\SAMV71_Xplained_Ultra\Debug\mpu.o
 .ARM.attributes
                0x00000294       0x37 C:\SAMV7x\SAMV71x\app\Project_1_Task_Scheduler\SAMV71_Xplained_Ultra\Debug\exceptions.o
 .ARM.attributes
                0x000002cb       0x37 C:\SAMV7x\SAMV71x\app\Project_1_Task_Scheduler\SAMV71_Xplained_Ultra\Debug\systick.o
 .ARM.attributes
                0x00000302       0x37 C:\SAMV7x\SAMV71x\app\Project_1_Task_Scheduler\SAMV71_Xplained_Ultra\Debug\pio_it.o
 .ARM.attributes
                0x00000339       0x37 C:\SAMV7x\SAMV71x\app\Project_1_Task_Scheduler\SAMV71_Xplained_Ultra\Debug\wdt.o
 .ARM.attributes
                0x00000370       0x37 C:\SAMV7x\SAMV71x\app\Project_1_Task_Scheduler\SAMV71_Xplained_Ultra\Debug\led_ctrl.o
 .ARM.attributes
                0x000003a7       0x33 c:/isystem/winidea9/gcc/arm/bin/../lib/gcc/arm-none-eabi/4.9.3/../../../../arm-none-eabi/lib/cortex-m7\libc.a(lib_a-assert.o)
 .ARM.attributes
                0x000003da       0x33 c:/isystem/winidea9/gcc/arm/bin/../lib/gcc/arm-none-eabi/4.9.3/../../../../arm-none-eabi/lib/cortex-m7\libc.a(lib_a-fiprintf.o)
 .ARM.attributes
                0x0000040d       0x33 c:/isystem/winidea9/gcc/arm/bin/../lib/gcc/arm-none-eabi/4.9.3/../../../../arm-none-eabi/lib/cortex-m7\libc.a(lib_a-impure.o)
 .ARM.attributes
                0x00000440       0x33 c:/isystem/winidea9/gcc/arm/bin/../lib/gcc/arm-none-eabi/4.9.3/../../../../arm-none-eabi/lib/cortex-m7\libc.a(lib_a-printf.o)
 .ARM.attributes
                0x00000473       0x33 c:/isystem/winidea9/gcc/arm/bin/../lib/gcc/arm-none-eabi/4.9.3/../../../../arm-none-eabi/lib/cortex-m7\libc.a(lib_a-putchar.o)
 .ARM.attributes
                0x000004a6       0x33 c:/isystem/winidea9/gcc/arm/bin/../lib/gcc/arm-none-eabi/4.9.3/../../../../arm-none-eabi/lib/cortex-m7\libc.a(lib_a-setvbuf.o)
 .ARM.attributes
                0x000004d9       0x33 c:/isystem/winidea9/gcc/arm/bin/../lib/gcc/arm-none-eabi/4.9.3/../../../../arm-none-eabi/lib/cortex-m7\libc.a(lib_a-vfiprintf.o)
 .ARM.attributes
                0x0000050c       0x33 c:/isystem/winidea9/gcc/arm/bin/../lib/gcc/arm-none-eabi/4.9.3/../../../../arm-none-eabi/lib/cortex-m7\libc.a(lib_a-vfprintf.o)
 .ARM.attributes
                0x0000053f       0x33 c:/isystem/winidea9/gcc/arm/bin/../lib/gcc/arm-none-eabi/4.9.3/../../../../arm-none-eabi/lib/cortex-m7\libc.a(lib_a-wsetup.o)
 .ARM.attributes
                0x00000572       0x33 c:/isystem/winidea9/gcc/arm/bin/../lib/gcc/arm-none-eabi/4.9.3/../../../../arm-none-eabi/lib/cortex-m7\libc.a(lib_a-abort.o)
 .ARM.attributes
                0x000005a5       0x33 c:/isystem/winidea9/gcc/arm/bin/../lib/gcc/arm-none-eabi/4.9.3/../../../../arm-none-eabi/lib/cortex-m7\libc.a(lib_a-dtoa.o)
 .ARM.attributes
                0x000005d8       0x33 c:/isystem/winidea9/gcc/arm/bin/../lib/gcc/arm-none-eabi/4.9.3/../../../../arm-none-eabi/lib/cortex-m7\libc.a(lib_a-fflush.o)
 .ARM.attributes
                0x0000060b       0x33 c:/isystem/winidea9/gcc/arm/bin/../lib/gcc/arm-none-eabi/4.9.3/../../../../arm-none-eabi/lib/cortex-m7\libc.a(lib_a-findfp.o)
 .ARM.attributes
                0x0000063e       0x33 c:/isystem/winidea9/gcc/arm/bin/../lib/gcc/arm-none-eabi/4.9.3/../../../../arm-none-eabi/lib/cortex-m7\libc.a(lib_a-fputwc.o)
 .ARM.attributes
                0x00000671       0x33 c:/isystem/winidea9/gcc/arm/bin/../lib/gcc/arm-none-eabi/4.9.3/../../../../arm-none-eabi/lib/cortex-m7\libc.a(lib_a-freer.o)
 .ARM.attributes
                0x000006a4       0x33 c:/isystem/winidea9/gcc/arm/bin/../lib/gcc/arm-none-eabi/4.9.3/../../../../arm-none-eabi/lib/cortex-m7\libc.a(lib_a-fvwrite.o)
 .ARM.attributes
                0x000006d7       0x33 c:/isystem/winidea9/gcc/arm/bin/../lib/gcc/arm-none-eabi/4.9.3/../../../../arm-none-eabi/lib/cortex-m7\libc.a(lib_a-fwalk.o)
 .ARM.attributes
                0x0000070a       0x33 c:/isystem/winidea9/gcc/arm/bin/../lib/gcc/arm-none-eabi/4.9.3/../../../../arm-none-eabi/lib/cortex-m7\libc.a(lib_a-locale.o)
 .ARM.attributes
                0x0000073d       0x33 c:/isystem/winidea9/gcc/arm/bin/../lib/gcc/arm-none-eabi/4.9.3/../../../../arm-none-eabi/lib/cortex-m7\libc.a(lib_a-makebuf.o)
 .ARM.attributes
                0x00000770       0x33 c:/isystem/winidea9/gcc/arm/bin/../lib/gcc/arm-none-eabi/4.9.3/../../../../arm-none-eabi/lib/cortex-m7\libc.a(lib_a-malloc.o)
 .ARM.attributes
                0x000007a3       0x33 c:/isystem/winidea9/gcc/arm/bin/../lib/gcc/arm-none-eabi/4.9.3/../../../../arm-none-eabi/lib/cortex-m7\libc.a(lib_a-mallocr.o)
 .ARM.attributes
                0x000007d6       0x33 c:/isystem/winidea9/gcc/arm/bin/../lib/gcc/arm-none-eabi/4.9.3/../../../../arm-none-eabi/lib/cortex-m7\libc.a(lib_a-memchr.o)
 .ARM.attributes
                0x00000809       0x21 c:/isystem/winidea9/gcc/arm/bin/../lib/gcc/arm-none-eabi/4.9.3/../../../../arm-none-eabi/lib/cortex-m7\libc.a(lib_a-memcpy.o)
 .ARM.attributes
                0x0000082a       0x33 c:/isystem/winidea9/gcc/arm/bin/../lib/gcc/arm-none-eabi/4.9.3/../../../../arm-none-eabi/lib/cortex-m7\libc.a(lib_a-memmove.o)
 .ARM.attributes
                0x0000085d       0x33 c:/isystem/winidea9/gcc/arm/bin/../lib/gcc/arm-none-eabi/4.9.3/../../../../arm-none-eabi/lib/cortex-m7\libc.a(lib_a-memset.o)
 .ARM.attributes
                0x00000890       0x33 c:/isystem/winidea9/gcc/arm/bin/../lib/gcc/arm-none-eabi/4.9.3/../../../../arm-none-eabi/lib/cortex-m7\libc.a(lib_a-mlock.o)
 .ARM.attributes
                0x000008c3       0x33 c:/isystem/winidea9/gcc/arm/bin/../lib/gcc/arm-none-eabi/4.9.3/../../../../arm-none-eabi/lib/cortex-m7\libc.a(lib_a-mprec.o)
 .ARM.attributes