Archive member included because of file (symbol)

c:/isystem/winidea9/gcc/arm/bin/../lib/gcc/arm-none-eabi/4.9.3/../../../../arm-none-eabi/lib/cortex-m7\libc.a(lib_a-assert.o)
                              C:\SAMV7x\SAMV71x\app\Project_2_Dynamic_Memory_Allocation\SAMV71_Xplained_Ultra\Debug\pmc.o (__assert_func)
c:/isystem/winidea9/gcc/arm/bin/../lib/gcc/arm-none-eabi/4.9.3/../../../../arm-none-eabi/lib/cortex-m7\libc.a(lib_a-fiprintf.o)
                              c:/isystem/winidea9/gcc/arm/bin/../lib/gcc/arm-none-eabi/4.9.3/../../../../arm-none-eabi/lib/cortex-m7\libc.a(lib_a-assert.o) (fiprintf)
c:/isystem/winidea9/gcc/arm/bin/../lib/gcc/arm-none-eabi/4.9.3/../../../../arm-none-eabi/lib/cortex-m7\libc.a(lib_a-impure.o)
                              C:\SAMV7x\SAMV71x\app\Project_2_Dynamic_Memory_Allocation\SAMV71_Xplained_Ultra\Debug\dbg_console.o (_impure_ptr)
c:/isystem/winidea9/gcc/arm/bin/../lib/gcc/arm-none-eabi/4.9.3/../../../../arm-none-eabi/lib/cortex-m7\libc.a(lib_a-printf.o)
                              C:\SAMV7x\SAMV71x\app\Project_2_Dynamic_Memory_Allocation\SAMV71_Xplained_Ultra\Debug\syscalls.o (printf)
c:/isystem/winidea9/gcc/arm/bin/../lib/gcc/arm-none-eabi/4.9.3/../../../../arm-none-eabi/lib/cortex-m7\libc.a(lib_a-putchar.o)
                              C:\SAMV7x\SAMV71x\app\Project_2_Dynamic_Memory_Allocation\SAMV71_Xplained_Ultra\Debug\dbg_console.o (putchar)
c:/isystem/winidea9/gcc/arm/bin/../lib/gcc/arm-none-eabi/4.9.3/../../../../arm-none-eabi/lib/cortex-m7\libc.a(lib_a-setvbuf.o)
                              C:\SAMV7x\SAMV71x\app\Project_2_Dynamic_Memory_Allocation\SAMV71_Xplained_Ultra\Debug\dbg_console.o (setvbuf)
c:/isystem/winidea9/gcc/arm/bin/../lib/gcc/arm-none-eabi/4.9.3/../../../../arm-none-eabi/lib/cortex-m7\libc.a(lib_a-vfiprintf.o)
                              c:/isystem/winidea9/gcc/arm/bin/../lib/gcc/arm-none-eabi/4.9.3/../../../../arm-none-eabi/lib/cortex-m7\libc.a(lib_a-fiprintf.o) (_vfiprintf_r)
c:/isystem/winidea9/gcc/arm/bin/../lib/gcc/arm-none-eabi/4.9.3/../../../../arm-none-eabi/lib/cortex-m7\libc.a(lib_a-vfprintf.o)
                              c:/isystem/winidea9/gcc/arm/bin/../lib/gcc/arm-none-eabi/4.9.3/../../../../arm-none-eabi/lib/cortex-m7\libc.a(lib_a-printf.o) (_vfprintf_r)
c:/isystem/winidea9/gcc/arm/bin/../lib/gcc/arm-none-eabi/4.9.3/../../../../arm-none-eabi/lib/cortex-m7\libc.a(lib_a-wsetup.o)
                              c:/isystem/winidea9/gcc/arm/bin/../lib/gcc/arm-none-eabi/4.9.3/../../../../arm-none-eabi/lib/cortex-m7\libc.a(lib_a-vfiprintf.o) (__swsetup_r)
c:/isystem/winidea9/gcc/arm/bin/../lib/gcc/arm-none-eabi/4.9.3/../../../../arm-none-eabi/lib/cortex-m7\libc.a(lib_a-abort.o)
                              c:/isystem/winidea9/gcc/arm/bin/../lib/gcc/arm-none-eabi/4.9.3/../../../../arm-none-eabi/lib/cortex-m7\libc.a(lib_a-assert.o) (abort)
c:/isystem/winidea9/gcc/arm/bin/../lib/gcc/arm-none-eabi/4.9.3/../../../../arm-none-eabi/lib/cortex-m7\libc.a(lib_a-dtoa.o)
                              c:/isystem/winidea9/gcc/arm/bin/../lib/gcc/arm-none-eabi/4.9.3/../../../../arm-none-eabi/lib/cortex-m7\libc.a(lib_a-vfprintf.o) (_dtoa_r)
c:/isystem/winidea9/gcc/arm/bin/../lib/gcc/arm-none-eabi/4.9.3/../../../../arm-none-eabi/lib/cortex-m7\libc.a(lib_a-fflush.o)
                              c:/isystem/winidea9/gcc/arm/bin/../lib/gcc/arm-none-eabi/4.9.3/../../../../arm-none-eabi/lib/cortex-m7\libc.a(lib_a-setvbuf.o) (_fflush_r)
c:/isystem/winidea9/gcc/arm/bin/../lib/gcc/arm-none-eabi/4.9.3/../../../../arm-none-eabi/lib/cortex-m7\libc.a(lib_a-findfp.o)
                              c:/isystem/winidea9/gcc/arm/bin/../lib/gcc/arm-none-eabi/4.9.3/../../../../arm-none-eabi/lib/cortex-m7\libc.a(lib_a-setvbuf.o) (_cleanup_r)
c:/isystem/winidea9/gcc/arm/bin/../lib/gcc/arm-none-eabi/4.9.3/../../../../arm-none-eabi/lib/cortex-m7\libc.a(lib_a-fputwc.o)
                              c:/isystem/winidea9/gcc/arm/bin/../lib/gcc/arm-none-eabi/4.9.3/../../../../arm-none-eabi/lib/cortex-m7\libc.a(lib_a-vfiprintf.o) (_fputwc_r)
c:/isystem/winidea9/gcc/arm/bin/../lib/gcc/arm-none-eabi/4.9.3/../../../../arm-none-eabi/lib/cortex-m7\libc.a(lib_a-freer.o)
                              c:/isystem/winidea9/gcc/arm/bin/../lib/gcc/arm-none-eabi/4.9.3/../../../../arm-none-eabi/lib/cortex-m7\libc.a(lib_a-setvbuf.o) (_free_r)
c:/isystem/winidea9/gcc/arm/bin/../lib/gcc/arm-none-eabi/4.9.3/../../../../arm-none-eabi/lib/cortex-m7\libc.a(lib_a-fvwrite.o)
                              c:/isystem/winidea9/gcc/arm/bin/../lib/gcc/arm-none-eabi/4.9.3/../../../../arm-none-eabi/lib/cortex-m7\libc.a(lib_a-vfiprintf.o) (__sfvwrite_r)
c:/isystem/winidea9/gcc/arm/bin/../lib/gcc/arm-none-eabi/4.9.3/../../../../arm-none-eabi/lib/cortex-m7\libc.a(lib_a-fwalk.o)
                              c:/isystem/winidea9/gcc/arm/bin/../lib/gcc/arm-none-eabi/4.9.3/../../../../arm-none-eabi/lib/cortex-m7\libc.a(lib_a-findfp.o) (_fwalk)
[...]
Memory Configuration

Name             Origin             Length             Attributes
rom              0x00400000         0x00200000         xr
heap_memalloc    0x20400000         0x00010000         xrw
ram              0x20410000         0x00060000         xrw
sdram            0x70000000         0x00200000         xrw
*default*        0x00000000         0xffffffff

Linker script and memory map

LOAD C:\SAMV7x\SAMV71x\app\Project_2_Dynamic_Memory_Allocation\SAMV71_Xplained_Ultra\Debug\main.o
LOAD C:\SAMV7x\SAMV71x\app\Project_2_Dynamic_Memory_Allocation\SAMV71_Xplained_Ultra\Debug\system_sam.o
LOAD C:\SAMV7x\SAMV71x\app\Project_2_Dynamic_Memory_Allocation\SAMV71_Xplained_Ultra\Debug\syscalls.o
LOAD C:\SAMV7x\SAMV71x\app\Project_2_Dynamic_Memory_Allocation\SAMV71_Xplained_Ultra\Debug\Mem_Alloc.o
LOAD C:\SAMV7x\SAMV71x\app\Project_2_Dynamic_Memory_Allocation\SAMV71_Xplained_Ultra\Debug\startup_sam.o
LOAD C:\SAMV7x\SAMV71x\app\Project_2_Dynamic_Memory_Allocation\SAMV71_Xplained_Ultra\Debug\board_lowlevel.o
LOAD C:\SAMV7x\SAMV71x\app\Project_2_Dynamic_Memory_Allocation\SAMV71_Xplained_Ultra\Debug\dbg_console.o
LOAD C:\SAMV7x\SAMV71x\app\Project_2_Dynamic_Memory_Allocation\SAMV71_Xplained_Ultra\Debug\led.o
LOAD C:\SAMV7x\SAMV71x\app\Project_2_Dynamic_Memory_Allocation\SAMV71_Xplained_Ultra\Debug\pmc.o
LOAD C:\SAMV7x\SAMV71x\app\Project_2_Dynamic_Memory_Allocation\SAMV71_Xplained_Ultra\Debug\pio.o
LOAD C:\SAMV7x\SAMV71x\app\Project_2_Dynamic_Memory_Allocation\SAMV71_Xplained_Ultra\Debug\mpu.o
LOAD C:\SAMV7x\SAMV71x\app\Project_2_Dynamic_Memory_Allocation\SAMV71_Xplained_Ultra\Debug\exceptions.o
LOAD C:\SAMV7x\SAMV71x\app\Project_2_Dynamic_Memory_Allocation\SAMV71_Xplained_Ultra\Debug\systick.o
LOAD C:\SAMV7x\SAMV71x\app\Project_2_Dynamic_Memory_Allocation\SAMV71_Xplained_Ultra\Debug\pio_it.o
LOAD C:\SAMV7x\SAMV71x\app\Project_2_Dynamic_Memory_Allocation\SAMV71_Xplained_Ultra\Debug\wdt.o
LOAD C:\SAMV7x\SAMV71x\app\Project_2_Dynamic_Memory_Allocation\SAMV71_Xplained_Ultra\Debug\led_ctrl.o
                0x00002000                STACK_SIZE = DEFINED (STACK_SIZE)?STACK_SIZE:0x2000
                0x00001000                HEAP_SIZE = DEFINED (HEAP_SIZE)?HEAP_SIZE:0x1000
                0x00001000                HEAP_MEM_SIZE = DEFINED (HEAP_MEM_SIZE)?HEAP_MEM_SIZE:0x1000

.text           0x00400000     0x8f48
                0x00400000                . = ALIGN (0x4)
                0x00400000                _sfixed = .
 *(.vectors .vectors.*)
 .vectors       0x00400000      0x140 C:\SAMV7x\SAMV71x\app\Project_2_Dynamic_Memory_Allocation\SAMV71_Xplained_Ultra\Debug\startup_sam.o
                0x00400000                exception_table
 *(.text .text.* .gnu.linkonce.t.*)
 .text          0x00400140       0x7c C:\SAMV7x\SAMV71x\app\Project_2_Dynamic_Memory_Allocation\SAMV71_Xplained_Ultra\Debug\main.o
                0x00400174                main
 .text          0x004001bc      0x378 C:\SAMV7x\SAMV71x\app\Project_2_Dynamic_Memory_Allocation\SAMV71_Xplained_Ultra\Debug\system_sam.o
                0x004001bc                SystemInit
                0x004002c8                SystemCoreClockUpdate
                0x00400430                system_init_flash
                0x004004c4                sysclk_enable_usb
                0x00400500                sysclk_disable_usb
 .text          0x00400534      0x164 C:\SAMV7x\SAMV71x\app\Project_2_Dynamic_Memory_Allocation\SAMV71_Xplained_Ultra\Debug\syscalls.o
                0x00400534                _sbrk
                0x00400574                link
                0x00400590                _close
                0x004005a8                _fstat
                0x004005c8                _isatty
                0x004005e0                _lseek
                0x004005fc                _read
                0x00400618                _write
                0x00400654                _exit
                0x0040066c                _kill
                0x00400684                _getpid
 .text          0x00400698       0x6c C:\SAMV7x\SAMV71x\app\Project_2_Dynamic_Memory_Allocation\SAMV71_Xplained_Ultra\Debug\Mem_Alloc.o
                0x00400698                Mem_Alloc
 .text          0x00400704       0xe0 C:\SAMV7x\SAMV71x\app\Project_2_Dynamic_Memory_Allocation\SAMV71_Xplained_Ultra\Debug\startup_sam.o
                0x00400744                Reset_Handler
                0x004007dc                DebugMon_Handler
                0x004007dc                UART3_Handler
                0x004007dc                UART2_Handler
                0x004007dc                TRNG_Handler
                0x004007dc                TC2_Handler
                0x004007dc                AFEC1_Handler
                0x004007dc                PendSV_Handler
                0x004007dc                TC7_Handler
                0x004007dc                QSPI_Handler
                0x004007dc                ISI_Handler
                0x004007dc                TC9_Handler
                0x004007dc                RSWDT_Handler
                0x004007dc                MCAN1_Handler
                0x004007dc                USART0_Handler
                0x004007dc                RTT_Handler
                0x004007dc                USBHS_Handler
                0x004007dc                CCF_Handler
                0x004007dc                RTC_Handler
                0x004007dc                TC6_Handler
                0x004007dc                WDT_Handler
                0x004007dc                TC4_Handler
                0x004007dc                TC1_Handler
                0x004007dc                HSMCI_Handler
                0x004007dc                UART1_Handler
                0x004007dc                DACC_Handler
                0x004007dc                TC3_Handler
                0x004007dc                Dummy_Handler
                0x004007dc                TWIHS1_Handler
                0x004007dc                XDMAC_Handler
                0x004007dc                UART4_Handler
                0x004007dc                PWM1_Handler
                0x004007dc                USART1_Handler
                0x004007dc                PWM0_Handler
                0x004007dc                AFEC0_Handler
                0x004007dc                CCW_Handler
                0x004007dc                TC11_Handler
                0x004007dc                SSC_Handler
                0x004007dc                ACC_Handler
                0x004007dc                PMC_Handler
                0x004007dc                GMAC_Handler
                0x004007dc                SUPC_Handler
                0x004007dc                SVC_Handler
                0x004007dc                TC8_Handler
                0x004007dc                GMACQ2_Handler
                0x004007dc                EFC_Handler
                0x004007dc                USART2_Handler
                0x004007dc                SDRAMC_Handler
                0x004007dc                SPI1_Handler
                0x004007dc                MCAN0_Handler
                0x004007dc                TC10_Handler
                0x004007dc                TWIHS2_Handler
                0x004007dc                MLB_Handler
                0x004007dc                UART0_Handler
                0x004007dc                GMACQ1_Handler
                0x004007dc                MCAN1_Line1_Handler
                0x004007dc                FPU_Handler
                0x004007dc                RSTC_Handler
                0x004007dc                TC0_Handler
                0x004007dc                MCAN0_Line1_Handler
                0x004007dc                TC5_Handler
                0x004007dc                AES_Handler
                0x004007dc                ICM_Handler
                0x004007dc                TWIHS0_Handler
                0x004007dc                SPI0_Handler
 .text          0x004007e4      0x19c C:\SAMV7x\SAMV71x\app\Project_2_Dynamic_Memory_Allocation\SAMV71_Xplained_Ultra\Debug\board_lowlevel.o
                0x004007e4                _SetupMemoryRegion
                0x00400970                LowLevelInit
 .text          0x00400980      0x56c C:\SAMV7x\SAMV71x\app\Project_2_Dynamic_Memory_Allocation\SAMV71_Xplained_Ultra\Debug\dbg_console.o
                0x00400980                DBG_Configure
                0x00400a30                DBG_PutChar
                0x00400a84                DBG_GetChar
                0x00400ac8                DBG_IsRxReady
                0x00400b00                DBG_DumpFrame
                0x00400b44                DBG_DumpMemory
                0x00400ca8                DBG_GetInteger
                0x00400d78                DBG_GetIntegerMinMax
                0x00400dd8                DBG_GetHexa32
                0x00400e80                puts
                0x00400eac                gets
 .text          0x00400eec      0x168 C:\SAMV7x\SAMV71x\app\Project_2_Dynamic_Memory_Allocation\SAMV71_Xplained_Ultra\Debug\led.o
                0x00400eec                LED_Configure
                0x00400f24                LED_Set
                0x00400f88                LED_Clear
                0x00400fec                LED_Toggle
 .text          0x00401054      0x76c C:\SAMV7x\SAMV71x\app\Project_2_Dynamic_Memory_Allocation\SAMV71_Xplained_Ultra\Debug\pmc.o
                0x00401128                PMC_EnablePeripheral
                0x004011b8                PMC_DisablePeripheral
                0x00401248                PMC_EnableAllPeripherals
                0x00401288                PMC_DisableAllPeripherals
                0x004012c4                PMC_IsPeriphEnabled
                0x00401320                PMC_EnableExtOsc
                0x0040139c                PMC_DisableExtOsc
                0x004013d8                PMC_SelectExtOsc
                0x00401444                PMC_SelectExtBypassOsc
                0x004014b0                PMC_EnableIntRC4_8_12MHz
                0x0040153c                PMC_DisableIntRC4_8_12MHz
                0x00401580                PMC_SetPllaClock
                0x004015d8                PMC_SetMckSelection
                0x0040161c                PMC_DisableAllClocks
                0x0040166c                PMC_ConfigureMckWithPlla
                0x004016a4                PMC_EnableXT32KFME
                0x004016d0                PMC_ConfigurePCK0
                0x00401720                PMC_ConfigurePCK1
                0x00401770                PMC_ConfigurePCK2
 .text          0x004017c0      0x540 C:\SAMV7x\SAMV71x\app\Project_2_Dynamic_Memory_Allocation\SAMV71_Xplained_Ultra\Debug\pio.o
                0x00401a30                PIO_Configure
                0x00401b94                PIO_Set
                0x00401bb0                PIO_Clear
                0x00401bcc                PIO_Get
                0x00401c14                PIO_GetOutputDataStatus
                0x00401c40                PIO_SetDebounceFilter
                0x00401c7c                PIO_EnableWriteProtect
                0x00401ca0                PIO_DisableWriteProtect
                0x00401cc4                PIO_GetWriteProtectViolationInfo
                0x00401ce4                PIO_SetPinType
 .text          0x00401d00       0xf0 C:\SAMV7x\SAMV71x\app\Project_2_Dynamic_Memory_Allocation\SAMV71_Xplained_Ultra\Debug\mpu.o
                0x00401d00                MPU_Enable
                0x00401d1c                MPU_SetRegionNum
                0x00401d38                MPU_DisableRegion
                0x00401d54                MPU_SetRegion
                0x00401d78                MPU_CalMPURegionSize
                0x00401db8                MPU_UpdateRegions
 .text          0x00401df0       0xe8 C:\SAMV7x\SAMV71x\app\Project_2_Dynamic_Memory_Allocation\SAMV71_Xplained_Ultra\Debug\exceptions.o
                0x00401df0                NMI_Handler
                0x00401e78                HardFault_Handler
                0x00401e8c                MemManage_Handler
                0x00401ea4                BusFault_Handler
                0x00401ec0                UsageFault_Handler
 .text          0x00401ed8       0xe8 C:\SAMV7x\SAMV71x\app\Project_2_Dynamic_Memory_Allocation\SAMV71_Xplained_Ultra\Debug\systick.o
                0x00401f70                sysTick_init
                0x00401fa8                SysTick_Handler
 .text          0x00401fc0      0x4ac C:\SAMV7x\SAMV71x\app\Project_2_Dynamic_Memory_Allocation\SAMV71_Xplained_Ultra\Debug\pio_it.o
                0x004020ac                PioInterruptHandler
                0x0040215c                PIOA_Handler
                0x00402170                PIOB_Handler
                0x00402184                PIOC_Handler
                0x00402198                PIOD_Handler
                0x004021ac                PIOE_Handler
                0x004021c0                PIO_InitializeInterrupts
                0x004022c8                PIO_ConfigureIt
                0x004023a4                PIO_EnableIt
                0x00402434                PIO_DisableIt
 .text          0x0040246c       0xa8 C:\SAMV7x\SAMV71x\app\Project_2_Dynamic_Memory_Allocation\SAMV71_Xplained_Ultra\Debug\wdt.o
                0x0040246c                WDT_Enable
                0x00402488                WDT_Disable
                0x004024a4                WDT_Restart
                0x004024c0                WDT_GetStatus
                0x004024dc                WDT_GetPeriod
 .text.__assert_func
                0x00402514       0x3c c:/isystem/winidea9/gcc/arm/bin/../lib/gcc/arm-none-eabi/4.9.3/../../../../arm-none-eabi/lib/cortex-m7\libc.a(lib_a-assert.o)
                0x00402514                __assert_func
 .text.fiprintf
                0x00402550       0x28 c:/isystem/winidea9/gcc/arm/bin/../lib/gcc/arm-none-eabi/4.9.3/../../../../arm-none-eabi/lib/cortex-m7\libc.a(lib_a-fiprintf.o)
                0x00402550                fiprintf
 .text.printf   0x00402578       0x28 c:/isystem/winidea9/gcc/arm/bin/../lib/gcc/arm-none-eabi/4.9.3/../../../../arm-none-eabi/lib/cortex-m7\libc.a(lib_a-printf.o)
                0x00402578                printf
 .text.putchar  0x004025a0       0x10 c:/isystem/winidea9/gcc/arm/bin/../lib/gcc/arm-none-eabi/4.9.3/../../../../arm-none-eabi/lib/cortex-m7\libc.a(lib_a-putchar.o)
                0x004025a0                putchar
 .text.setvbuf  0x004025b0       0xfc c:/isystem/winidea9/gcc/arm/bin/../lib/gcc/arm-none-eabi/4.9.3/../../../../arm-none-eabi/lib/cortex-m7\libc.a(lib_a-setvbuf.o)
                0x004025b0                setvbuf
 .text.__sprint_r.part.0
                0x004026ac       0x78 c:/isystem/winidea9/gcc/arm/bin/../lib/gcc/arm-none-eabi/4.9.3/../../../../arm-none-eabi/lib/cortex-m7\libc.a(lib_a-vfiprintf.o)
 .text.__sprint_r
                0x00402724       0x18 c:/isystem/winidea9/gcc/arm/bin/../lib/gcc/arm-none-eabi/4.9.3/../../../../arm-none-eabi/lib/cortex-m7\libc.a(lib_a-vfiprintf.o)
                0x00402724                __sprint_r
 .text._vfiprintf_r
                0x0040273c      0xbf4 c:/isystem/winidea9/gcc/arm/bin/../lib/gcc/arm-none-eabi/4.9.3/../../../../arm-none-eabi/lib/cortex-m7\libc.a(lib_a-vfiprintf.o)
                0x0040273c                _vfiprintf_r
 .text.__sbprintf
                0x00403330       0x80 c:/isystem/winidea9/gcc/arm/bin/../lib/gcc/arm-none-eabi/4.9.3/../../../../arm-none-eabi/lib/cortex-m7\libc.a(lib_a-vfiprintf.o)
 .text._vfprintf_r
                0x004033b0     0x1554 c:/isystem/winidea9/gcc/arm/bin/../lib/gcc/arm-none-eabi/4.9.3/../../../../arm-none-eabi/lib/cortex-m7\libc.a(lib_a-vfprintf.o)
                0x004033b0                _vfprintf_r
 .text.__sbprintf
                0x00404904       0x80 c:/isystem/winidea9/gcc/arm/bin/../lib/gcc/arm-none-eabi/4.9.3/../../../../arm-none-eabi/lib/cortex-m7\libc.a(lib_a-vfprintf.o)
 .text.__swsetup_r
                0x00404984       0xc4 c:/isystem/winidea9/gcc/arm/bin/../lib/gcc/arm-none-eabi/4.9.3/../../../../arm-none-eabi/lib/cortex-m7\libc.a(lib_a-wsetup.o)
                0x00404984                __swsetup_r
 .text.abort    0x00404a48       0x10 c:/isystem/winidea9/gcc/arm/bin/../lib/gcc/arm-none-eabi/4.9.3/../../../../arm-none-eabi/lib/cortex-m7\libc.a(lib_a-abort.o)
                0x00404a48                abort
 .text.quorem   0x00404a58      0x140 c:/isystem/winidea9/gcc/arm/bin/../lib/gcc/arm-none-eabi/4.9.3/../../../../arm-none-eabi/lib/cortex-m7\libc.a(lib_a-dtoa.o)
 .text._dtoa_r  0x00404b98      0xee8 c:/isystem/winidea9/gcc/arm/bin/../lib/gcc/arm-none-eabi/4.9.3/../../../../arm-none-eabi/lib/cortex-m7\libc.a(lib_a-dtoa.o)
                0x00404b98                _dtoa_r
 .text.__sflush_r
                0x00405a80      0x148 c:/isystem/winidea9/gcc/arm/bin/../lib/gcc/arm-none-eabi/4.9.3/../../../../arm-none-eabi/lib/cortex-m7\libc.a(lib_a-fflush.o)
                0x00405a80                __sflush_r
 .text._fflush_r
                0x00405bc8       0x2c c:/isystem/winidea9/gcc/arm/bin/../lib/gcc/arm-none-eabi/4.9.3/../../../../arm-none-eabi/lib/cortex-m7\libc.a(lib_a-fflush.o)
                0x00405bc8                _fflush_r
 .text._cleanup_r
                0x00405bf4        0xc c:/isystem/winidea9/gcc/arm/bin/../lib/gcc/arm-none-eabi/4.9.3/../../../../arm-none-eabi/lib/cortex-m7\libc.a(lib_a-findfp.o)
                0x00405bf4                _cleanup_r
 .text.__sinit.part.1
                0x00405c00       0xfc c:/isystem/winidea9/gcc/arm/bin/../lib/gcc/arm-none-eabi/4.9.3/../../../../arm-none-eabi/lib/cortex-m7\libc.a(lib_a-findfp.o)
 .text.__sinit  0x00405cfc        0xc c:/isystem/winidea9/gcc/arm/bin/../lib/gcc/arm-none-eabi/4.9.3/../../../../arm-none-eabi/lib/cortex-m7\libc.a(lib_a-findfp.o)
                0x00405cfc                __sinit
 .text.__sfp_lock_acquire
                0x00405d08        0x4 c:/isystem/winidea9/gcc/arm/bin/../lib/gcc/arm-none-eabi/4.9.3/../../../../arm-none-eabi/lib/cortex-m7\libc.a(lib_a-findfp.o)
                0x00405d08                __sfp_lock_acquire
 .text.__sfp_lock_release
                0x00405d0c        0x4 c:/isystem/winidea9/gcc/arm/bin/../lib/gcc/arm-none-eabi/4.9.3/../../../../arm-none-eabi/lib/cortex-m7\libc.a(lib_a-findfp.o)
                0x00405d0c                __sfp_lock_release
 .text.__fputwc
                0x00405d10       0xb0 c:/isystem/winidea9/gcc/arm/bin/../lib/gcc/arm-none-eabi/4.9.3/../../../../arm-none-eabi/lib/cortex-m7\libc.a(lib_a-fputwc.o)
                0x00405d10                __fputwc
 .text._fputwc_r
                0x00405dc0       0x24 c:/isystem/winidea9/gcc/arm/bin/../lib/gcc/arm-none-eabi/4.9.3/../../../../arm-none-eabi/lib/cortex-m7\libc.a(lib_a-fputwc.o)
                0x00405dc0                _fputwc_r
 .text._malloc_trim_r
                0x00405de4       0x9c c:/isystem/winidea9/gcc/arm/bin/../lib/gcc/arm-none-eabi/4.9.3/../../../../arm-none-eabi/lib/cortex-m7\libc.a(lib_a-freer.o)
                0x00405de4                _malloc_trim_r
 .text._free_r  0x00405e80      0x1b0 c:/isystem/winidea9/gcc/arm/bin/../lib/gcc/arm-none-eabi/4.9.3/../../../../arm-none-eabi/lib/cortex-m7\libc.a(lib_a-freer.o)
                0x00405e80                _free_r
 .text.__sfvwrite_r
                0x00406030      0x324 c:/isystem/winidea9/gcc/arm/bin/../lib/gcc/arm-none-eabi/4.9.3/../../../../arm-none-eabi/lib/cortex-m7\libc.a(lib_a-fvwrite.o)
                0x00406030                __sfvwrite_r
 .text._fwalk_reent
                0x00406354       0x50 c:/isystem/winidea9/gcc/arm/bin/../lib/gcc/arm-none-eabi/4.9.3/../../../../arm-none-eabi/lib/cortex-m7\libc.a(lib_a-fwalk.o)
                0x00406354                _fwalk_reent
 .text.__locale_charset
                0x004063a4        0x8 c:/isystem/winidea9/gcc/arm/bin/../lib/gcc/arm-none-eabi/4.9.3/../../../../arm-none-eabi/lib/cortex-m7\libc.a(lib_a-locale.o)
                0x004063a4                __locale_charset
 .text.__locale_mb_cur_max
                0x004063ac        0xc c:/isystem/winidea9/gcc/arm/bin/../lib/gcc/arm-none-eabi/4.9.3/../../../../arm-none-eabi/lib/cortex-m7\libc.a(lib_a-locale.o)
                0x004063ac                __locale_mb_cur_max
 .text._localeconv_r
                0x004063b8        0x8 c:/isystem/winidea9/gcc/arm/bin/../lib/gcc/arm-none-eabi/4.9.3/../../../../arm-none-eabi/lib/cortex-m7\libc.a(lib_a-locale.o)
                0x004063b8                _localeconv_r
 .text.__smakebuf_r
                0x004063c0       0xe4 c:/isystem/winidea9/gcc/arm/bin/../lib/gcc/arm-none-eabi/4.9.3/../../../../arm-none-eabi/lib/cortex-m7\libc.a(lib_a-makebuf.o)
                0x004063c0                __smakebuf_r
 .text.malloc   0x004064a4       0x10 c:/isystem/winidea9/gcc/arm/bin/../lib/gcc/arm-none-eabi/4.9.3/../../../../arm-none-eabi/lib/cortex-m7\libc.a(lib_a-malloc.o)
                0x004064a4                malloc
 .text._malloc_r
                0x004064b4      0x558 c:/isystem/winidea9/gcc/arm/bin/../lib/gcc/arm-none-eabi/4.9.3/../../../../arm-none-eabi/lib/cortex-m7\libc.a(lib_a-mallocr.o)
                0x004064b4                _malloc_r
 .text.memchr   0x00406a0c       0x90 c:/isystem/winidea9/gcc/arm/bin/../lib/gcc/arm-none-eabi/4.9.3/../../../../arm-none-eabi/lib/cortex-m7\libc.a(lib_a-memchr.o)
                0x00406a0c                memchr
 .text          0x00406a9c      0x134 c:/isystem/winidea9/gcc/arm/bin/../lib/gcc/arm-none-eabi/4.9.3/../../../../arm-none-eabi/lib/cortex-m7\libc.a(lib_a-memcpy.o)
                0x00406a9c                memcpy
 .text.memmove  0x00406bd0       0xc4 c:/isystem/winidea9/gcc/arm/bin/../lib/gcc/arm-none-eabi/4.9.3/../../../../arm-none-eabi/lib/cortex-m7\libc.a(lib_a-memmove.o)
                0x00406bd0                memmove
 .text.memset   0x00406c94       0xa0 c:/isystem/winidea9/gcc/arm/bin/../lib/gcc/arm-none-eabi/4.9.3/../../../../arm-none-eabi/lib/cortex-m7\libc.a(lib_a-memset.o)
                0x00406c94                memset
 .text.__malloc_lock
                0x00406d34        0x4 c:/isystem/winidea9/gcc/arm/bin/../lib/gcc/arm-none-eabi/4.9.3/../../../../arm-none-eabi/lib/cortex-m7\libc.a(lib_a-mlock.o)
                0x00406d34                __malloc_lock
 .text.__malloc_unlock
                0x00406d38        0x4 c:/isystem/winidea9/gcc/arm/bin/../lib/gcc/arm-none-eabi/4.9.3/../../../../arm-none-eabi/lib/cortex-m7\libc.a(lib_a-mlock.o)
                0x00406d38                __malloc_unlock
 .text._Balloc  0x00406d3c       0x50 c:/isystem/winidea9/gcc/arm/bin/../lib/gcc/arm-none-eabi/4.9.3/../../../../arm-none-eabi/lib/cortex-m7\libc.a(lib_a-mprec.o)
                0x00406d3c                _Balloc
 .text._Bfree   0x00406d8c       0x14 c:/isystem/winidea9/gcc/arm/bin/../lib/gcc/arm-none-eabi/4.9.3/../../../../arm-none-eabi/lib/cortex-m7\libc.a(lib_a-mprec.o)
                0x00406d8c                _Bfree
 .text.__multadd
                0x00406da0       0x84 c:/isystem/winidea9/gcc/arm/bin/../lib/gcc/arm-none-eabi/4.9.3/../../../../arm-none-eabi/lib/cortex-m7\libc.a(lib_a-mprec.o)
                0x00406da0                __multadd
 .text.__hi0bits
                0x00406e24       0x44 c:/isystem/winidea9/gcc/arm/bin/../lib/gcc/arm-none-eabi/4.9.3/../../../../arm-none-eabi/lib/cortex-m7\libc.a(lib_a-mprec.o)
                0x00406e24                __hi0bits
 .text.__lo0bits
                0x00406e68       0x64 c:/isystem/winidea9/gcc/arm/bin/../lib/gcc/arm-none-eabi/4.9.3/../../../../arm-none-eabi/lib/cortex-m7\libc.a(lib_a-mprec.o)
                0x00406e68                __lo0bits
 .text.__i2b    0x00406ecc       0x14 c:/isystem/winidea9/gcc/arm/bin/../lib/gcc/arm-none-eabi/4.9.3/../../../../arm-none-eabi/lib/cortex-m7\libc.a(lib_a-mprec.o)
                0x00406ecc                __i2b
 .text.__multiply
                0x00406ee0      0x144 c:/isystem/winidea9/gcc/arm/bin/../lib/gcc/arm-none-eabi/4.9.3/../../../../arm-none-eabi/lib/cortex-m7\libc.a(lib_a-mprec.o)
                0x00406ee0                __multiply
 .text.__pow5mult
                0x00407024       0xa0 c:/isystem/winidea9/gcc/arm/bin/../lib/gcc/arm-none-eabi/4.9.3/../../../../arm-none-eabi/lib/cortex-m7\libc.a(lib_a-mprec.o)
                0x00407024                __pow5mult
 .text.__lshift
                0x004070c4       0xb4 c:/isystem/winidea9/gcc/arm/bin/../lib/gcc/arm-none-eabi/4.9.3/../../../../arm-none-eabi/lib/cortex-m7\libc.a(lib_a-mprec.o)
                0x004070c4                __lshift
 .text.__mcmp   0x00407178       0x48 c:/isystem/winidea9/gcc/arm/bin/../lib/gcc/arm-none-eabi/4.9.3/../../../../arm-none-eabi/lib/cortex-m7\libc.a(lib_a-mprec.o)
                0x00407178                __mcmp
 .text.__mdiff  0x004071c0       0xe4 c:/isystem/winidea9/gcc/arm/bin/../lib/gcc/arm-none-eabi/4.9.3/../../../../arm-none-eabi/lib/cortex-m7\libc.a(lib_a-mprec.o)
                0x004071c0                __mdiff
 .text.__d2b    0x004072a4       0xb0 c:/isystem/winidea9/gcc/arm/bin/../lib/gcc/arm-none-eabi/4.9.3/../../../../arm-none-eabi/lib/cortex-m7\libc.a(lib_a-mprec.o)
                0x004072a4                __d2b
 .text._putc_r  0x00407354       0x58 c:/isystem/winidea9/gcc/arm/bin/../lib/gcc/arm-none-eabi/4.9.3/../../../../arm-none-eabi/lib/cortex-m7\libc.a(lib_a-putc.o)
                0x00407354                _putc_r
 .text._realloc_r
                0x004073ac      0x3f0 c:/isystem/winidea9/gcc/arm/bin/../lib/gcc/arm-none-eabi/4.9.3/../../../../arm-none-eabi/lib/cortex-m7\libc.a(lib_a-reallocr.o)
                0x004073ac                _realloc_r
 .text.__fpclassifyd
                0x0040779c       0x44 c:/isystem/winidea9/gcc/arm/bin/../lib/gcc/arm-none-eabi/4.9.3/../../../../arm-none-eabi/lib/cortex-m7\libc.a(lib_a-s_fpclassify.o)
                0x0040779c                __fpclassifyd
 .text._sbrk_r  0x004077e0       0x24 c:/isystem/winidea9/gcc/arm/bin/../lib/gcc/arm-none-eabi/4.9.3/../../../../arm-none-eabi/lib/cortex-m7\libc.a(lib_a-sbrkr.o)
                0x004077e0                _sbrk_r
 .text._raise_r
                0x00407804       0x58 c:/isystem/winidea9/gcc/arm/bin/../lib/gcc/arm-none-eabi/4.9.3/../../../../arm-none-eabi/lib/cortex-m7\libc.a(lib_a-signal.o)
                0x00407804                _raise_r
 .text.raise    0x0040785c       0x10 c:/isystem/winidea9/gcc/arm/bin/../lib/gcc/arm-none-eabi/4.9.3/../../../../arm-none-eabi/lib/cortex-m7\libc.a(lib_a-signal.o)
                0x0040785c                raise
 .text._kill_r  0x0040786c       0x28 c:/isystem/winidea9/gcc/arm/bin/../lib/gcc/arm-none-eabi/4.9.3/../../../../arm-none-eabi/lib/cortex-m7\libc.a(lib_a-signalr.o)
                0x0040786c                _kill_r
 .text._getpid_r
                0x00407894        0x4 c:/isystem/winidea9/gcc/arm/bin/../lib/gcc/arm-none-eabi/4.9.3/../../../../arm-none-eabi/lib/cortex-m7\libc.a(lib_a-signalr.o)
                0x00407894                _getpid_r
 .text.__sread  0x00407898       0x24 c:/isystem/winidea9/gcc/arm/bin/../lib/gcc/arm-none-eabi/4.9.3/../../../../arm-none-eabi/lib/cortex-m7\libc.a(lib_a-stdio.o)
                0x00407898                __sread
 .text.__swrite
                0x004078bc       0x38 c:/isystem/winidea9/gcc/arm/bin/../lib/gcc/arm-none-eabi/4.9.3/../../../../arm-none-eabi/lib/cortex-m7\libc.a(lib_a-stdio.o)
                0x004078bc                __swrite
 .text.__sseek  0x004078f4       0x24 c:/isystem/winidea9/gcc/arm/bin/../lib/gcc/arm-none-eabi/4.9.3/../../../../arm-none-eabi/lib/cortex-m7\libc.a(lib_a-stdio.o)
                0x004078f4                __sseek
 .text.__sclose
                0x00407918        0x8 c:/isystem/winidea9/gcc/arm/bin/../lib/gcc/arm-none-eabi/4.9.3/../../../../arm-none-eabi/lib/cortex-m7\libc.a(lib_a-stdio.o)
                0x00407918                __sclose
 .text.strlen   0x00407920       0x5c c:/isystem/winidea9/gcc/arm/bin/../lib/gcc/arm-none-eabi/4.9.3/../../../../arm-none-eabi/lib/cortex-m7\libc.a(lib_a-strlen.o)
                0x00407920                strlen
 .text.__swbuf_r
                0x0040797c       0xa8 c:/isystem/winidea9/gcc/arm/bin/../lib/gcc/arm-none-eabi/4.9.3/../../../../arm-none-eabi/lib/cortex-m7\libc.a(lib_a-wbuf.o)
                0x0040797c                __swbuf_r
 .text._wcrtomb_r
                0x00407a24       0x54 c:/isystem/winidea9/gcc/arm/bin/../lib/gcc/arm-none-eabi/4.9.3/../../../../arm-none-eabi/lib/cortex-m7\libc.a(lib_a-wcrtomb.o)
                0x00407a24                _wcrtomb_r
 .text.__ascii_wctomb
                0x00407a78       0x18 c:/isystem/winidea9/gcc/arm/bin/../lib/gcc/arm-none-eabi/4.9.3/../../../../arm-none-eabi/lib/cortex-m7\libc.a(lib_a-wctomb_r.o)
                0x00407a78                __ascii_wctomb
 .text._write_r
                0x00407a90       0x28 c:/isystem/winidea9/gcc/arm/bin/../lib/gcc/arm-none-eabi/4.9.3/../../../../arm-none-eabi/lib/cortex-m7\libc.a(lib_a-writer.o)
                0x00407a90                _write_r
 .text._calloc_r
                0x00407ab8       0x60 c:/isystem/winidea9/gcc/arm/bin/../lib/gcc/arm-none-eabi/4.9.3/../../../../arm-none-eabi/lib/cortex-m7\libc.a(lib_a-callocr.o)
                0x00407ab8                _calloc_r
 .text._close_r
                0x00407b18       0x24 c:/isystem/winidea9/gcc/arm/bin/../lib/gcc/arm-none-eabi/4.9.3/../../../../arm-none-eabi/lib/cortex-m7\libc.a(lib_a-closer.o)
                0x00407b18                _close_r
 .text._fclose_r
                0x00407b3c       0x84 c:/isystem/winidea9/gcc/arm/bin/../lib/gcc/arm-none-eabi/4.9.3/../../../../arm-none-eabi/lib/cortex-m7\libc.a(lib_a-fclose.o)
                0x00407b3c                _fclose_r
 .text._fstat_r
                0x00407bc0       0x28 c:/isystem/winidea9/gcc/arm/bin/../lib/gcc/arm-none-eabi/4.9.3/../../../../arm-none-eabi/lib/cortex-m7\libc.a(lib_a-fstatr.o)
                0x00407bc0                _fstat_r
 .text._isatty_r
                0x00407be8       0x24 c:/isystem/winidea9/gcc/arm/bin/../lib/gcc/arm-none-eabi/4.9.3/../../../../arm-none-eabi/lib/cortex-m7\libc.a(lib_a-isattyr.o)
                0x00407be8                _isatty_r
 .text._lseek_r
                0x00407c0c       0x28 c:/isystem/winidea9/gcc/arm/bin/../lib/gcc/arm-none-eabi/4.9.3/../../../../arm-none-eabi/lib/cortex-m7\libc.a(lib_a-lseekr.o)
                0x00407c0c                _lseek_r
 .text._read_r  0x00407c34       0x28 c:/isystem/winidea9/gcc/arm/bin/../lib/gcc/arm-none-eabi/4.9.3/../../../../arm-none-eabi/lib/cortex-m7\libc.a(lib_a-readr.o)
                0x00407c34                _read_r
 .text          0x00407c5c      0x370 c:/isystem/winidea9/gcc/arm/bin/../lib/gcc/arm-none-eabi/4.9.3/cortex-m7\libgcc.a(_arm_addsubdf3.o)
                0x00407c5c                __aeabi_drsub
                0x00407c64                __aeabi_dsub
                0x00407c64                __subdf3
                0x00407c68                __aeabi_dadd
                0x00407c68                __adddf3
                0x00407ee0                __floatunsidf
                0x00407ee0                __aeabi_ui2d
                0x00407f00                __floatsidf
                0x00407f00                __aeabi_i2d
                0x00407f24                __aeabi_f2d
                0x00407f24                __extendsfdf2
                0x00407f60                __floatundidf
                0x00407f60                __aeabi_ul2d
                0x00407f70                __floatdidf
                0x00407f70                __aeabi_l2d
 .text          0x00407fcc      0x424 c:/isystem/winidea9/gcc/arm/bin/../lib/gcc/arm-none-eabi/4.9.3/cortex-m7\libgcc.a(_arm_muldivdf3.o)
                0x00407fcc                __aeabi_dmul
                0x00407fcc                __muldf3
                0x00408220                __divdf3
                0x00408220                __aeabi_ddiv
 .text          0x004083f0      0x110 c:/isystem/winidea9/gcc/arm/bin/../lib/gcc/arm-none-eabi/4.9.3/cortex-m7\libgcc.a(_arm_cmpdf2.o)
                0x004083f0                __gtdf2
                0x004083f0                __gedf2
                0x004083f8                __ltdf2
                0x004083f8                __ledf2
                0x00408400                __nedf2
                0x00408400                __eqdf2
                0x00408400                __cmpdf2
                0x0040847c                __aeabi_cdrcmple
                0x0040848c                __aeabi_cdcmpeq
                0x0040848c                __aeabi_cdcmple
                0x0040849c                __aeabi_dcmpeq
                0x004084b0                __aeabi_dcmplt
                0x004084c4                __aeabi_dcmple
                0x004084d8                __aeabi_dcmpge
                0x004084ec                __aeabi_dcmpgt
 .text          0x00408500       0x50 c:/isystem/winidea9/gcc/arm/bin/../lib/gcc/arm-none-eabi/4.9.3/cortex-m7\libgcc.a(_arm_fixdfsi.o)
                0x00408500                __aeabi_d2iz
                0x00408500                __fixdfsi
 .text          0x00408550       0x30 c:/isystem/winidea9/gcc/arm/bin/../lib/gcc/arm-none-eabi/4.9.3/cortex-m7\libgcc.a(_aeabi_uldivmod.o)
                0x00408550                __aeabi_uldivmod
 .text          0x00408580       0x60 c:/isystem/winidea9/gcc/arm/bin/../lib/gcc/arm-none-eabi/4.9.3/cortex-m7\libgcc.a(bpabi.o)
                0x00408580                __gnu_ldivmod_helper
                0x004085b0                __gnu_uldivmod_helper
 .text          0x004085e0        0x4 c:/isystem/winidea9/gcc/arm/bin/../lib/gcc/arm-none-eabi/4.9.3/cortex-m7\libgcc.a(_dvmd_tls.o)
                0x004085e0                __aeabi_idiv0
                0x004085e0                __aeabi_ldiv0
 .text          0x004085e4      0x284 c:/isystem/winidea9/gcc/arm/bin/../lib/gcc/arm-none-eabi/4.9.3/cortex-m7\libgcc.a(_divdi3.o)
                0x004085e4                __divdi3
 .text          0x00408868      0x248 c:/isystem/winidea9/gcc/arm/bin/../lib/gcc/arm-none-eabi/4.9.3/cortex-m7\libgcc.a(_udivdi3.o)
                0x00408868                __udivdi3
 *(.glue_7t)
 .glue_7t       0x00000000        0x0 linker stubs
 *(.glue_7)
 .glue_7        0x00000000        0x0 linker stubs
 *(.rodata .rodata* .gnu.linkonce.r.*)
 .rodata        0x00408ab0        0xb C:\SAMV7x\SAMV71x\app\Project_2_Dynamic_Memory_Allocation\SAMV71_Xplained_Ultra\Debug\main.o
 *fill*         0x00408abb        0x1 
 .rodata        0x00408abc       0x19 C:\SAMV7x\SAMV71x\app\Project_2_Dynamic_Memory_Allocation\SAMV71_Xplained_Ultra\Debug\syscalls.o
 *fill*         0x00408ad5        0x3 
 .rodata        0x00408ad8       0xf7 C:\SAMV7x\SAMV71x\app\Project_2_Dynamic_Memory_Allocation\SAMV71_Xplained_Ultra\Debug\dbg_console.o
 *fill*         0x00408bcf        0x1 
 .rodata        0x00408bd0       0x1c C:\SAMV7x\SAMV71x\app\Project_2_Dynamic_Memory_Allocation\SAMV71_Xplained_Ultra\Debug\led.o
 .rodata        0x00408bec       0x9c C:\SAMV7x\SAMV71x\app\Project_2_Dynamic_Memory_Allocation\SAMV71_Xplained_Ultra\Debug\pmc.o
 .rodata        0x00408c88       0xda C:\SAMV7x\SAMV71x\app\Project_2_Dynamic_Memory_Allocation\SAMV71_Xplained_Ultra\Debug\pio_it.o
 *fill*         0x00408d62        0x2 
 .rodata.str1.4
                0x00408d64       0x3f c:/isystem/winidea9/gcc/arm/bin/../lib/gcc/arm-none-eabi/4.9.3/../../../../arm-none-eabi/lib/cortex-m7\libc.a(lib_a-assert.o)
                                 0x43 (size before relaxing)
 *fill*         0x00408da3        0x1 
 .rodata.str1.4
                0x00408da4        0x2 c:/isystem/winidea9/gcc/arm/bin/../lib/gcc/arm-none-eabi/4.9.3/../../../../arm-none-eabi/lib/cortex-m7\libc.a(lib_a-impure.o)
 *fill*         0x00408da6        0x2 
 .rodata.zeroes.6869
                0x00408da8       0x10 c:/isystem/winidea9/gcc/arm/bin/../lib/gcc/arm-none-eabi/4.9.3/../../../../arm-none-eabi/lib/cortex-m7\libc.a(lib_a-vfiprintf.o)
 .rodata.str1.4
                0x00408db8       0x2f c:/isystem/winidea9/gcc/arm/bin/../lib/gcc/arm-none-eabi/4.9.3/../../../../arm-none-eabi/lib/cortex-m7\libc.a(lib_a-vfiprintf.o)
 *fill*         0x00408de7        0x1 
 .rodata.blanks.6868
                0x00408de8       0x10 c:/isystem/winidea9/gcc/arm/bin/../lib/gcc/arm-none-eabi/4.9.3/../../../../arm-none-eabi/lib/cortex-m7\libc.a(lib_a-vfiprintf.o)
 .rodata.zeroes.6926
                0x00408df8       0x10 c:/isystem/winidea9/gcc/arm/bin/../lib/gcc/arm-none-eabi/4.9.3/../../../../arm-none-eabi/lib/cortex-m7\libc.a(lib_a-vfprintf.o)
 .rodata.str1.4
                0x00408e08       0x12 c:/isystem/winidea9/gcc/arm/bin/../lib/gcc/arm-none-eabi/4.9.3/../../../../arm-none-eabi/lib/cortex-m7\libc.a(lib_a-vfprintf.o)
                                 0x42 (size before relaxing)
 *fill*         0x00408e1a        0x2 
 .rodata.blanks.6925
                0x00408e1c       0x10 c:/isystem/winidea9/gcc/arm/bin/../lib/gcc/arm-none-eabi/4.9.3/../../../../arm-none-eabi/lib/cortex-m7\libc.a(lib_a-vfprintf.o)
 .rodata.str1.4
                0x00408e2c       0x10 c:/isystem/winidea9/gcc/arm/bin/../lib/gcc/arm-none-eabi/4.9.3/../../../../arm-none-eabi/lib/cortex-m7\libc.a(lib_a-dtoa.o)
                                 0x12 (size before relaxing)
 .rodata.str1.4
                0x00408e3c        0xc c:/isystem/winidea9/gcc/arm/bin/../lib/gcc/arm-none-eabi/4.9.3/../../../../arm-none-eabi/lib/cortex-m7\libc.a(lib_a-locale.o)
                                 0x12 (size before relaxing)
 .rodata.__mprec_tens
                0x00408e48       0xc8 c:/isystem/winidea9/gcc/arm/bin/../lib/gcc/arm-none-eabi/4.9.3/../../../../arm-none-eabi/lib/cortex-m7\libc.a(lib_a-mprec.o)
                0x00408e48                __mprec_tens
 .rodata.p05.5302
                0x00408f10        0xc c:/isystem/winidea9/gcc/arm/bin/../lib/gcc/arm-none-eabi/4.9.3/../../../../arm-none-eabi/lib/cortex-m7\libc.a(lib_a-mprec.o)
 *fill*         0x00408f1c        0x4 
 .rodata.__mprec_bigtens
                0x00408f20       0x28 c:/isystem/winidea9/gcc/arm/bin/../lib/gcc/arm-none-eabi/4.9.3/../../../../arm-none-eabi/lib/cortex-m7\libc.a(lib_a-mprec.o)
                0x00408f20                __mprec_bigtens
 *(.ARM.extab* .gnu.linkonce.armextab.*)
                0x00408f48                . = ALIGN (0x4)
 *(.init)
                0x00408f48                . = ALIGN (0x4)
                0x00408f48                __preinit_array_start = .
 *(.preinit_array)
                0x00408f48                __preinit_array_end = .
                0x00408f48                . = ALIGN (0x4)
                0x00408f48                __init_array_start = .
 *(SORT(.init_array.*))
 *(.init_array)
                0x00408f48                __init_array_end = .
                0x00408f48                . = ALIGN (0x4)
 *crtbegin.o(.ctors)
 *(EXCLUDE_FILE(*crtend.o) .ctors)
 *(SORT(.ctors.*))
 *crtend.o(.ctors)
                0x00408f48                . = ALIGN (0x4)
 *(.fini)
                0x00408f48                . = ALIGN (0x4)
                0x00408f48                __fini_array_start = .
 *(.fini_array)
 *(SORT(.fini_array.*))
                0x00408f48                __fini_array_end = .
 *crtbegin.o(.dtors)
 *(EXCLUDE_FILE(*crtend.o) .dtors)
 *(SORT(.dtors.*))
 *crtend.o(.dtors)
                0x00408f48                . = ALIGN (0x4)
                0x00408f48                _efixed = .
                0x00408f48                PROVIDE (__exidx_start, .)

.vfp11_veneer   0x00408f48        0x0
 .vfp11_veneer  0x00000000        0x0 linker stubs

.v4_bx          0x00408f48        0x0
 .v4_bx         0x00000000        0x0 linker stubs

.iplt           0x00408f48        0x0
 .iplt          0x00000000        0x0 C:\SAMV7x\SAMV71x\app\Project_2_Dynamic_Memory_Allocation\SAMV71_Xplained_Ultra\Debug\main.o

.igot.plt       0x00408f48        0x0
 .igot.plt      0x00000000        0x0 C:\SAMV7x\SAMV71x\app\Project_2_Dynamic_Memory_Allocation\SAMV71_Xplained_Ultra\Debug\main.o

.ARM.exidx      0x00408f48        0x8
 *(.ARM.exidx* .gnu.linkonce.armexidx.*)
 .ARM.exidx     0x00408f48        0x8 c:/isystem/winidea9/gcc/arm/bin/../lib/gcc/arm-none-eabi/4.9.3/cortex-m7\libgcc.a(_divdi3.o)
 .ARM.exidx     0x00408f50        0x0 c:/isystem/winidea9/gcc/arm/bin/../lib/gcc/arm-none-eabi/4.9.3/cortex-m7\libgcc.a(_udivdi3.o)
                                  0x8 (size before relaxing)
                0x00408f50                PROVIDE (__exidx_end, .)

.rel.dyn        0x00408f50        0x0
 .rel.iplt      0x00000000        0x0 C:\SAMV7x\SAMV71x\app\Project_2_Dynamic_Memory_Allocation\SAMV71_Xplained_Ultra\Debug\main.o
                0x00408f50                . = ALIGN (0x4)
                0x00408f50                _etext = .

.custom_heap    0x20400000        0x0 load address 0x00408f50
                0x20400000                . = ALIGN (0x4)
                0x20400000                _heap_mem_start = .
                0x00000000                . = (. + _heap_mem_size)
                0x00000000                . = ALIGN (0x4)
                0x00000000                _heap_mem_end = .
                0x00000000                _heap_mem_size = (_heap_mem_end - _heap_mem_start)

.relocate       0x20410000      0x8b4 load address 0x00408f50
                0x20410000                . = ALIGN (0x4)
                0x20410000                _srelocate = .
 *(.ramfunc .ramfunc.*)
 *(.data .data.*)
 .data          0x20410000        0x4 C:\SAMV7x\SAMV71x\app\Project_2_Dynamic_Memory_Allocation\SAMV71_Xplained_Ultra\Debug\system_sam.o
                0x20410000                SystemCoreClock
 .data          0x20410004       0x10 C:\SAMV7x\SAMV71x\app\Project_2_Dynamic_Memory_Allocation\SAMV71_Xplained_Ultra\Debug\Mem_Alloc.o
                0x20410004                MemControl
 *fill*         0x20410014        0x4 
 .data.impure_data
                0x20410018      0x428 c:/isystem/winidea9/gcc/arm/bin/../lib/gcc/arm-none-eabi/4.9.3/../../../../arm-none-eabi/lib/cortex-m7\libc.a(lib_a-impure.o)
 .data._impure_ptr
                0x20410440        0x4 c:/isystem/winidea9/gcc/arm/bin/../lib/gcc/arm-none-eabi/4.9.3/../../../../arm-none-eabi/lib/cortex-m7\libc.a(lib_a-impure.o)
                0x20410440                _impure_ptr
 .data.lconv    0x20410444       0x38 c:/isystem/winidea9/gcc/arm/bin/../lib/gcc/arm-none-eabi/4.9.3/../../../../arm-none-eabi/lib/cortex-m7\libc.a(lib_a-locale.o)
 .data.lc_ctype_charset
                0x2041047c       0x20 c:/isystem/winidea9/gcc/arm/bin/../lib/gcc/arm-none-eabi/4.9.3/../../../../arm-none-eabi/lib/cortex-m7\libc.a(lib_a-locale.o)
 .data.__mb_cur_max
                0x2041049c        0x4 c:/isystem/winidea9/gcc/arm/bin/../lib/gcc/arm-none-eabi/4.9.3/../../../../arm-none-eabi/lib/cortex-m7\libc.a(lib_a-locale.o)
                0x2041049c                __mb_cur_max
 .data.__malloc_av_
                0x204104a0      0x408 c:/isystem/winidea9/gcc/arm/bin/../lib/gcc/arm-none-eabi/4.9.3/../../../../arm-none-eabi/lib/cortex-m7\libc.a(lib_a-mallocr.o)
                0x204104a0                __malloc_av_
 .data.__malloc_trim_threshold
                0x204108a8        0x4 c:/isystem/winidea9/gcc/arm/bin/../lib/gcc/arm-none-eabi/4.9.3/../../../../arm-none-eabi/lib/cortex-m7\libc.a(lib_a-mallocr.o)
                0x204108a8                __malloc_trim_threshold
 .data.__malloc_sbrk_base
                0x204108ac        0x4 c:/isystem/winidea9/gcc/arm/bin/../lib/gcc/arm-none-eabi/4.9.3/../../../../arm-none-eabi/lib/cortex-m7\libc.a(lib_a-mallocr.o)
                0x204108ac                __malloc_sbrk_base
 .data.__wctomb
                0x204108b0        0x4 c:/isystem/winidea9/gcc/arm/bin/../lib/gcc/arm-none-eabi/4.9.3/../../../../arm-none-eabi/lib/cortex-m7\libc.a(lib_a-wctomb_r.o)
                0x204108b0                __wctomb
                0x204108b4                . = ALIGN (0x4)
                0x204108b4                _erelocate = .

.bss            0x204108b4       0x9c load address 0x00409804
                0x204108b4                . = ALIGN (0x4)
                0x204108b4                _sbss = .
                0x204108b4                _szero = .
 *(.bss .bss.*)
 .bss           0x204108b4        0xc C:\SAMV7x\SAMV71x\app\Project_2_Dynamic_Memory_Allocation\SAMV71_Xplained_Ultra\Debug\syscalls.o
 .bss           0x204108c0        0x6 C:\SAMV7x\SAMV71x\app\Project_2_Dynamic_Memory_Allocation\SAMV71_Xplained_Ultra\Debug\dbg_console.o
 *fill*         0x204108c6        0x2 
 .bss           0x204108c8        0xc C:\SAMV7x\SAMV71x\app\Project_2_Dynamic_Memory_Allocation\SAMV71_Xplained_Ultra\Debug\systick.o
                0x204108d0                pfctnSysTick
 .bss           0x204108d4       0x44 C:\SAMV7x\SAMV71x\app\Project_2_Dynamic_Memory_Allocation\SAMV71_Xplained_Ultra\Debug\pio_it.o
 .bss.__malloc_max_total_mem
                0x20410918        0x4 c:/isystem/winidea9/gcc/arm/bin/../lib/gcc/arm-none-eabi/4.9.3/../../../../arm-none-eabi/lib/cortex-m7\libc.a(lib_a-mallocr.o)
                0x20410918                __malloc_max_total_mem
 .bss.__malloc_max_sbrked_mem
                0x2041091c        0x4 c:/isystem/winidea9/gcc/arm/bin/../lib/gcc/arm-none-eabi/4.9.3/../../../../arm-none-eabi/lib/cortex-m7\libc.a(lib_a-mallocr.o)
                0x2041091c                __malloc_max_sbrked_mem
 .bss.__malloc_top_pad
                0x20410920        0x4 c:/isystem/winidea9/gcc/arm/bin/../lib/gcc/arm-none-eabi/4.9.3/../../../../arm-none-eabi/lib/cortex-m7\libc.a(lib_a-mallocr.o)
                0x20410920                __malloc_top_pad
 .bss.__malloc_current_mallinfo
                0x20410924       0x28 c:/isystem/winidea9/gcc/arm/bin/../lib/gcc/arm-none-eabi/4.9.3/../../../../arm-none-eabi/lib/cortex-m7\libc.a(lib_a-mallocr.o)
                0x20410924                __malloc_current_mallinfo
 *(COMMON)
 COMMON         0x2041094c        0x4 c:/isystem/winidea9/gcc/arm/bin/../lib/gcc/arm-none-eabi/4.9.3/../../../../arm-none-eabi/lib/cortex-m7\libc.a(lib_a-reent.o)
                0x2041094c                errno
                0x20410950                . = ALIGN (0x4)
                0x20410950                _ebss = .
                0x20410950                _ezero = .

.stack          0x20410950     0x2000 load address 0x004098a0
                0x20410950                . = ALIGN (0x8)
                0x20410950                _sstack = .
                0x20412950                . = (. + STACK_SIZE)
 *fill*         0x20410950     0x2000 
                0x20412950                . = ALIGN (0x8)
                0x20412950                _estack = .

.heap           0x20412950     0x1000 load address 0x0040b8a0
                0x20412950                . = ALIGN (0x8)
                0x20412950                _sheap = .
                0x20413950                . = (. + HEAP_SIZE)
 *fill*         0x20412950     0x1000 
                0x20413950                . = ALIGN (0x8)
                0x20413950                _eheap = .
                0x20413950                . = ALIGN (0x4)
                0x20413950                _end = .
                0x2046ffff                _ram_end_ = ((ORIGIN (ram) + 0x60000) - 0x1)
                0x20413950                _sdram_lma = .

sdram_region
 *(sdram_region)
LOAD c:/isystem/winidea9/gcc/arm/bin/../lib/gcc/arm-none-eabi/4.9.3/../../../../arm-none-eabi/lib/cortex-m7\libc.a
LOAD c:/isystem/winidea9/gcc/arm/bin/../lib/gcc/arm-none-eabi/4.9.3/cortex-m7\libgcc.a
LOAD c:/isystem/winidea9/gcc/arm/bin/../lib/gcc/arm-none-eabi/4.9.3/../../../../arm-none-eabi/lib/cortex-m7\libm.a
OUTPUT(tau.elf elf32-littlearm)

.debug_info     0x00000000     0x6f47
 .debug_info    0x00000000      0x51d C:\SAMV7x\SAMV71x\app\Project_2_Dynamic_Memory_Allocation\SAMV71_Xplained_Ultra\Debug\main.o
 .debug_info    0x0000051d      0x515 C:\SAMV7x\SAMV71x\app\Project_2_Dynamic_Memory_Allocation\SAMV71_Xplained_Ultra\Debug\system_sam.o
 .debug_info    0x00000a32      0x4cc C:\SAMV7x\SAMV71x\app\Project_2_Dynamic_Memory_Allocation\SAMV71_Xplained_Ultra\Debug\syscalls.o
 .debug_info    0x00000efe      0x17b C:\SAMV7x\SAMV71x\app\Project_2_Dynamic_Memory_Allocation\SAMV71_Xplained_Ultra\Debug\Mem_Alloc.o
 .debug_info    0x00001079      0x9c8 C:\SAMV7x\SAMV71x\app\Project_2_Dynamic_Memory_Allocation\SAMV71_Xplained_Ultra\Debug\startup_sam.o
 .debug_info    0x00001a41      0x4f5 C:\SAMV7x\SAMV71x\app\Project_2_Dynamic_Memory_Allocation\SAMV71_Xplained_Ultra\Debug\board_lowlevel.o
 .debug_info    0x00001f36     0x14dc C:\SAMV7x\SAMV71x\app\Project_2_Dynamic_Memory_Allocation\SAMV71_Xplained_Ultra\Debug\dbg_console.o
 .debug_info    0x00003412      0x6f3 C:\SAMV7x\SAMV71x\app\Project_2_Dynamic_Memory_Allocation\SAMV71_Xplained_Ultra\Debug\led.o
 .debug_info    0x00003b05      0x78b C:\SAMV7x\SAMV71x\app\Project_2_Dynamic_Memory_Allocation\SAMV71_Xplained_Ultra\Debug\pmc.o
 .debug_info    0x00004290      0xa00 C:\SAMV7x\SAMV71x\app\Project_2_Dynamic_Memory_Allocation\SAMV71_Xplained_Ultra\Debug\pio.o
 .debug_info    0x00004c90      0x327 C:\SAMV7x\SAMV71x\app\Project_2_Dynamic_Memory_Allocation\SAMV71_Xplained_Ultra\Debug\mpu.o
 .debug_info    0x00004fb7      0x59c C:\SAMV7x\SAMV71x\app\Project_2_Dynamic_Memory_Allocation\SAMV71_Xplained_Ultra\Debug\exceptions.o
 .debug_info    0x00005553      0x88b C:\SAMV7x\SAMV71x\app\Project_2_Dynamic_Memory_Allocation\SAMV71_Xplained_Ultra\Debug\systick.o
 .debug_info    0x00005dde      0xf6c C:\SAMV7x\SAMV71x\app\Project_2_Dynamic_Memory_Allocation\SAMV71_Xplained_Ultra\Debug\pio_it.o
 .debug_info    0x00006d4a      0x1fd C:\SAMV7x\SAMV71x\app\Project_2_Dynamic_Memory_Allocation\SAMV71_Xplained_Ultra\Debug\wdt.o

.debug_abbrev   0x00000000     0x158c
 .debug_abbrev  0x00000000      0x13a C:\SAMV7x\SAMV71x\app\Project_2_Dynamic_Memory_Allocation\SAMV71_Xplained_Ultra\Debug\main.o
 .debug_abbrev  0x0000013a      0x127 C:\SAMV7x\SAMV71x\app\Project_2_Dynamic_Memory_Allocation\SAMV71_Xplained_Ultra\Debug\system_sam.o
 .debug_abbrev  0x00000261      0x15e C:\SAMV7x\SAMV71x\app\Project_2_Dynamic_Memory_Allocation\SAMV71_Xplained_Ultra\Debug\syscalls.o
 .debug_abbrev  0x000003bf       0xc0 C:\SAMV7x\SAMV71x\app\Project_2_Dynamic_Memory_Allocation\SAMV71_Xplained_Ultra\Debug\Mem_Alloc.o
 .debug_abbrev  0x0000047f      0x1a0 C:\SAMV7x\SAMV71x\app\Project_2_Dynamic_Memory_Allocation\SAMV71_Xplained_Ultra\Debug\startup_sam.o
 .debug_abbrev  0x0000061f      0x12f C:\SAMV7x\SAMV71x\app\Project_2_Dynamic_Memory_Allocation\SAMV71_Xplained_Ultra\Debug\board_lowlevel.o
 .debug_abbrev  0x0000074e      0x26e C:\SAMV7x\SAMV71x\app\Project_2_Dynamic_Memory_Allocation\SAMV71_Xplained_Ultra\Debug\dbg_console.o
 .debug_abbrev  0x000009bc      0x113 C:\SAMV7x\SAMV71x\app\Project_2_Dynamic_Memory_Allocation\SAMV71_Xplained_Ultra\Debug\led.o
 .debug_abbrev  0x00000acf      0x1ce C:\SAMV7x\SAMV71x\app\Project_2_Dynamic_Memory_Allocation\SAMV71_Xplained_Ultra\Debug\pmc.o
 .debug_abbrev  0x00000c9d      0x19d C:\SAMV7x\SAMV71x\app\Project_2_Dynamic_Memory_Allocation\SAMV71_Xplained_Ultra\Debug\pio.o
 .debug_abbrev  0x00000e3a      0x144 C:\SAMV7x\SAMV71x\app\Project_2_Dynamic_Memory_Allocation\SAMV71_Xplained_Ultra\Debug\mpu.o
 .debug_abbrev  0x00000f7e      0x152 C:\SAMV7x\SAMV71x\app\Project_2_Dynamic_Memory_Allocation\SAMV71_Xplained_Ultra\Debug\exceptions.o
 .debug_abbrev  0x000010d0      0x1b2 C:\SAMV7x\SAMV71x\app\Project_2_Dynamic_Memory_Allocation\SAMV71_Xplained_Ultra\Debug\systick.o
 .debug_abbrev  0x00001282      0x22b C:\SAMV7x\SAMV71x\app\Project_2_Dynamic_Memory_Allocation\SAMV71_Xplained_Ultra\Debug\pio_it.o
 .debug_abbrev  0x000014ad       0xdf C:\SAMV7x\SAMV71x\app\Project_2_Dynamic_Memory_Allocation\SAMV71_Xplained_Ultra\Debug\wdt.o

.debug_aranges  0x00000000      0x1e0
 .debug_aranges
                0x00000000       0x20 C:\SAMV7x\SAMV71x\app\Project_2_Dynamic_Memory_Allocation\SAMV71_Xplained_Ultra\Debug\main.o
 .debug_aranges
                0x00000020       0x20 C:\SAMV7x\SAMV71x\app\Project_2_Dynamic_Memory_Allocation\SAMV71_Xplained_Ultra\Debug\system_sam.o
 .debug_aranges
                0x00000040       0x20 C:\SAMV7x\SAMV71x\app\Project_2_Dynamic_Memory_Allocation\SAMV71_Xplained_Ultra\Debug\syscalls.o
 .debug_aranges
                0x00000060       0x20 C:\SAMV7x\SAMV71x\app\Project_2_Dynamic_Memory_Allocation\SAMV71_Xplained_Ultra\Debug\Mem_Alloc.o
 .debug_aranges
                0x00000080       0x20 C:\SAMV7x\SAMV71x\app\Project_2_Dynamic_Memory_Allocation\SAMV71_Xplained_Ultra\Debug\startup_sam.o
 .debug_aranges
                0x000000a0       0x20 C:\SAMV7x\SAMV71x\app\Project_2_Dynamic_Memory_Allocation\SAMV71_Xplained_Ultra\Debug\board_lowlevel.o
 .debug_aranges
                0x000000c0       0x20 C:\SAMV7x\SAMV71x\app\Project_2_Dynamic_Memory_Allocation\SAMV71_Xplained_Ultra\Debug\dbg_console.o
 .debug_aranges
                0x000000e0       0x20 C:\SAMV7x\SAMV71x\app\Project_2_Dynamic_Memory_Allocation\SAMV71_Xplained_Ultra\Debug\led.o
 .debug_aranges
                0x00000100       0x20 C:\SAMV7x\SAMV71x\app\Project_2_Dynamic_Memory_Allocation\SAMV71_Xplained_Ultra\Debug\pmc.o
 .debug_aranges
                0x00000120       0x20 C:\SAMV7x\SAMV71x\app\Project_2_Dynamic_Memory_Allocation\SAMV71_Xplained_Ultra\Debug\pio.o
 .debug_aranges
                0x00000140       0x20 C:\SAMV7x\SAMV71x\app\Project_2_Dynamic_Memory_Allocation\SAMV71_Xplained_Ultra\Debug\mpu.o
 .debug_aranges
                0x00000160       0x20 C:\SAMV7x\SAMV71x\app\Project_2_Dynamic_Memory_Allocation\SAMV71_Xplained_Ultra\Debug\exceptions.o
 .debug_aranges
                0x00000180       0x20 C:\SAMV7x\SAMV71x\app\Project_2_Dynamic_Memory_Allocation\SAMV71_Xplained_Ultra\Debug\systick.o
 .debug_aranges
                0x000001a0       0x20 C:\SAMV7x\SAMV71x\app\Project_2_Dynamic_Memory_Allocation\SAMV71_Xplained_Ultra\Debug\pio_it.o
 .debug_aranges
                0x000001c0       0x20 C:\SAMV7x\SAMV71x\app\Project_2_Dynamic_Memory_Allocation\SAMV71_Xplained_Ultra\Debug\wdt.o

.debug_macro    0x00000000    0x266ed
 .debug_macro   0x00000000     0x12e2 C:\SAMV7x\SAMV71x\app\Project_2_Dynamic_Memory_Allocation\SAMV71_Xplained_Ultra\Debug\main.o
 .debug_macro   0x000012e2       0x22 C:\SAMV7x\SAMV71x\app\Project_2_Dynamic_Memory_Allocation\SAMV71_Xplained_Ultra\Debug\main.o
 .debug_macro   0x00001304       0x44 C:\SAMV7x\SAMV71x\app\Project_2_Dynamic_Memory_Allocation\SAMV71_Xplained_Ultra\Debug\main.o
 .debug_macro   0x00001348       0xe3 C:\SAMV7x\SAMV71x\app\Project_2_Dynamic_Memory_Allocation\SAMV71_Xplained_Ultra\Debug\main.o
 .debug_macro   0x0000142b       0x22 C:\SAMV7x\SAMV71x\app\Project_2_Dynamic_Memory_Allocation\SAMV71_Xplained_Ultra\Debug\main.o
 .debug_macro   0x0000144d      0x1df C:\SAMV7x\SAMV71x\app\Project_2_Dynamic_Memory_Allocation\SAMV71_Xplained_Ultra\Debug\main.o
 .debug_macro   0x0000162c       0x4a C:\SAMV7x\SAMV71x\app\Project_2_Dynamic_Memory_Allocation\SAMV71_Xplained_Ultra\Debug\main.o
 .debug_macro   0x00001676       0x3b C:\SAMV7x\SAMV71x\app\Project_2_Dynamic_Memory_Allocation\SAMV71_Xplained_Ultra\Debug\main.o
 .debug_macro   0x000016b1       0x18 C:\SAMV7x\SAMV71x\app\Project_2_Dynamic_Memory_Allocation\SAMV71_Xplained_Ultra\Debug\main.o
 .debug_macro   0x000016c9       0x26 C:\SAMV7x\SAMV71x\app\Project_2_Dynamic_Memory_Allocation\SAMV71_Xplained_Ultra\Debug\main.o
 .debug_macro   0x000016ef      0xf9a C:\SAMV7x\SAMV71x\app\Project_2_Dynamic_Memory_Allocation\SAMV71_Xplained_Ultra\Debug\main.o
 .debug_macro   0x00002689      0x16c C:\SAMV7x\SAMV71x\app\Project_2_Dynamic_Memory_Allocation\SAMV71_Xplained_Ultra\Debug\main.o
 .debug_macro   0x000027f5      0x24a C:\SAMV7x\SAMV71x\app\Project_2_Dynamic_Memory_Allocation\SAMV71_Xplained_Ultra\Debug\main.o
 .debug_macro   0x00002a3f      0xa00 C:\SAMV7x\SAMV71x\app\Project_2_Dynamic_Memory_Allocation\SAMV71_Xplained_Ultra\Debug\main.o
 .debug_macro   0x0000343f      0x1b4 C:\SAMV7x\SAMV71x\app\Project_2_Dynamic_Memory_Allocation\SAMV71_Xplained_Ultra\Debug\main.o
 .debug_macro   0x000035f3      0x328 C:\SAMV7x\SAMV71x\app\Project_2_Dynamic_Memory_Allocation\SAMV71_Xplained_Ultra\Debug\main.o
 .debug_macro   0x0000391b      0x15a C:\SAMV7x\SAMV71x\app\Project_2_Dynamic_Memory_Allocation\SAMV71_Xplained_Ultra\Debug\main.o
 .debug_macro   0x00003a75      0xe71 C:\SAMV7x\SAMV71x\app\Project_2_Dynamic_Memory_Allocation\SAMV71_Xplained_Ultra\Debug\main.o
 .debug_macro   0x000048e6       0x1c C:\SAMV7x\SAMV71x\app\Project_2_Dynamic_Memory_Allocation\SAMV71_Xplained_Ultra\Debug\main.o
 .debug_macro   0x00004902      0x67f C:\SAMV7x\SAMV71x\app\Project_2_Dynamic_Memory_Allocation\SAMV71_Xplained_Ultra\Debug\main.o
 .debug_macro   0x00004f81      0x310 C:\SAMV7x\SAMV71x\app\Project_2_Dynamic_Memory_Allocation\SAMV71_Xplained_Ultra\Debug\main.o
 .debug_macro   0x00005291      0x4c7 C:\SAMV7x\SAMV71x\app\Project_2_Dynamic_Memory_Allocation\SAMV71_Xplained_Ultra\Debug\main.o
 .debug_macro   0x00005758      0x26e C:\SAMV7x\SAMV71x\app\Project_2_Dynamic_Memory_Allocation\SAMV71_Xplained_Ultra\Debug\main.o
 .debug_macro   0x000059c6     0x1324 C:\SAMV7x\SAMV71x\app\Project_2_Dynamic_Memory_Allocation\SAMV71_Xplained_Ultra\Debug\main.o
 .debug_macro   0x00006cea      0x280 C:\SAMV7x\SAMV71x\app\Project_2_Dynamic_Memory_Allocation\SAMV71_Xplained_Ultra\Debug\main.o
 .debug_macro   0x00006f6a     0x2ba3 C:\SAMV7x\SAMV71x\app\Project_2_Dynamic_Memory_Allocation\SAMV71_Xplained_Ultra\Debug\main.o
 .debug_macro   0x00009b0d     0x101d C:\SAMV7x\SAMV71x\app\Project_2_Dynamic_Memory_Allocation\SAMV71_Xplained_Ultra\Debug\main.o
 .debug_macro   0x0000ab2a      0xe01 C:\SAMV7x\SAMV71x\app\Project_2_Dynamic_Memory_Allocation\SAMV71_Xplained_Ultra\Debug\main.o
 .debug_macro   0x0000b92b      0x3a4 C:\SAMV7x\SAMV71x\app\Project_2_Dynamic_Memory_Allocation\SAMV71_Xplained_Ultra\Debug\main.o
 .debug_macro   0x0000bccf       0xa0 C:\SAMV7x\SAMV71x\app\Project_2_Dynamic_Memory_Allocation\SAMV71_Xplained_Ultra\Debug\main.o
 .debug_macro   0x0000bd6f       0x76 C:\SAMV7x\SAMV71x\app\Project_2_Dynamic_Memory_Allocation\SAMV71_Xplained_Ultra\Debug\main.o
 .debug_macro   0x0000bde5      0x3fb C:\SAMV7x\SAMV71x\app\Project_2_Dynamic_Memory_Allocation\SAMV71_Xplained_Ultra\Debug\main.o
 .debug_macro   0x0000c1e0       0x64 C:\SAMV7x\SAMV71x\app\Project_2_Dynamic_Memory_Allocation\SAMV71_Xplained_Ultra\Debug\main.o
 .debug_macro   0x0000c244      0x276 C:\SAMV7x\SAMV71x\app\Project_2_Dynamic_Memory_Allocation\SAMV71_Xplained_Ultra\Debug\main.o
 .debug_macro   0x0000c4ba      0x1c4 C:\SAMV7x\SAMV71x\app\Project_2_Dynamic_Memory_Allocation\SAMV71_Xplained_Ultra\Debug\main.o
 .debug_macro   0x0000c67e      0x23b C:\SAMV7x\SAMV71x\app\Project_2_Dynamic_Memory_Allocation\SAMV71_Xplained_Ultra\Debug\main.o
 .debug_macro   0x0000c8b9      0x516 C:\SAMV7x\SAMV71x\app\Project_2_Dynamic_Memory_Allocation\SAMV71_Xplained_Ultra\Debug\main.o
 .debug_macro   0x0000cdcf      0x62d C:\SAMV7x\SAMV71x\app\Project_2_Dynamic_Memory_Allocation\SAMV71_Xplained_Ultra\Debug\main.o
 .debug_macro   0x0000d3fc      0x6a9 C:\SAMV7x\SAMV71x\app\Project_2_Dynamic_Memory_Allocation\SAMV71_Xplained_Ultra\Debug\main.o
 .debug_macro   0x0000daa5       0x4c C:\SAMV7x\SAMV71x\app\Project_2_Dynamic_Memory_Allocation\SAMV71_Xplained_Ultra\Debug\main.o
 .debug_macro   0x0000daf1      0x45a C:\SAMV7x\SAMV71x\app\Project_2_Dynamic_Memory_Allocation\SAMV71_Xplained_Ultra\Debug\main.o
 .debug_macro   0x0000df4b      0x1fb C:\SAMV7x\SAMV71x\app\Project_2_Dynamic_Memory_Allocation\SAMV71_Xplained_Ultra\Debug\main.o
 .debug_macro   0x0000e146      0x87d C:\SAMV7x\SAMV71x\app\Project_2_Dynamic_Memory_Allocation\SAMV71_Xplained_Ultra\Debug\main.o
 .debug_macro   0x0000e9c3     0x1547 C:\SAMV7x\SAMV71x\app\Project_2_Dynamic_Memory_Allocation\SAMV71_Xplained_Ultra\Debug\main.o
 .debug_macro   0x0000ff0a       0x40 C:\SAMV7x\SAMV71x\app\Project_2_Dynamic_Memory_Allocation\SAMV71_Xplained_Ultra\Debug\main.o
 .debug_macro   0x0000ff4a       0x76 C:\SAMV7x\SAMV71x\app\Project_2_Dynamic_Memory_Allocation\SAMV71_Xplained_Ultra\Debug\main.o
 .debug_macro   0x0000ffc0      0xda0 C:\SAMV7x\SAMV71x\app\Project_2_Dynamic_Memory_Allocation\SAMV71_Xplained_Ultra\Debug\main.o
 .debug_macro   0x00010d60       0x82 C:\SAMV7x\SAMV71x\app\Project_2_Dynamic_Memory_Allocation\SAMV71_Xplained_Ultra\Debug\main.o
 .debug_macro   0x00010de2       0x76 C:\SAMV7x\SAMV71x\app\Project_2_Dynamic_Memory_Allocation\SAMV71_Xplained_Ultra\Debug\main.o
 .debug_macro   0x00010e58       0x4c C:\SAMV7x\SAMV71x\app\Project_2_Dynamic_Memory_Allocation\SAMV71_Xplained_Ultra\Debug\main.o
 .debug_macro   0x00010ea4      0x126 C:\SAMV7x\SAMV71x\app\Project_2_Dynamic_Memory_Allocation\SAMV71_Xplained_Ultra\Debug\main.o
 .debug_macro   0x00010fca      0x126 C:\SAMV7x\SAMV71x\app\Project_2_Dynamic_Memory_Allocation\SAMV71_Xplained_Ultra\Debug\main.o
 .debug_macro   0x000110f0      0x126 C:\SAMV7x\SAMV71x\app\Project_2_Dynamic_Memory_Allocation\SAMV71_Xplained_Ultra\Debug\main.o
 .debug_macro   0x00011216       0x6a C:\SAMV7x\SAMV71x\app\Project_2_Dynamic_Memory_Allocation\SAMV71_Xplained_Ultra\Debug\main.o
 .debug_macro   0x00011280       0x6a C:\SAMV7x\SAMV71x\app\Project_2_Dynamic_Memory_Allocation\SAMV71_Xplained_Ultra\Debug\main.o
 .debug_macro   0x000112ea      0x313 C:\SAMV7x\SAMV71x\app\Project_2_Dynamic_Memory_Allocation\SAMV71_Xplained_Ultra\Debug\main.o
 .debug_macro   0x000115fd       0xb2 C:\SAMV7x\SAMV71x\app\Project_2_Dynamic_Memory_Allocation\SAMV71_Xplained_Ultra\Debug\main.o
 .debug_macro   0x000116af       0xb2 C:\SAMV7x\SAMV71x\app\Project_2_Dynamic_Memory_Allocation\SAMV71_Xplained_Ultra\Debug\main.o
 .debug_macro   0x00011761       0xb2 C:\SAMV7x\SAMV71x\app\Project_2_Dynamic_Memory_Allocation\SAMV71_Xplained_Ultra\Debug\main.o
 .debug_macro   0x00011813      0x112 C:\SAMV7x\SAMV71x\app\Project_2_Dynamic_Memory_Allocation\SAMV71_Xplained_Ultra\Debug\main.o
 .debug_macro   0x00011925      0x112 C:\SAMV7x\SAMV71x\app\Project_2_Dynamic_Memory_Allocation\SAMV71_Xplained_Ultra\Debug\main.o
 .debug_macro   0x00011a37      0x2cd C:\SAMV7x\SAMV71x\app\Project_2_Dynamic_Memory_Allocation\SAMV71_Xplained_Ultra\Debug\main.o
 .debug_macro   0x00011d04       0xb8 C:\SAMV7x\SAMV71x\app\Project_2_Dynamic_Memory_Allocation\SAMV71_Xplained_Ultra\Debug\main.o
 .debug_macro   0x00011dbc       0x5e C:\SAMV7x\SAMV71x\app\Project_2_Dynamic_Memory_Allocation\SAMV71_Xplained_Ultra\Debug\main.o
 .debug_macro   0x00011e1a       0x40 C:\SAMV7x\SAMV71x\app\Project_2_Dynamic_Memory_Allocation\SAMV71_Xplained_Ultra\Debug\main.o
 .debug_macro   0x00011e5a       0x4c C:\SAMV7x\SAMV71x\app\Project_2_Dynamic_Memory_Allocation\SAMV71_Xplained_Ultra\Debug\main.o
 .debug_macro   0x00011ea6       0xa0 C:\SAMV7x\SAMV71x\app\Project_2_Dynamic_Memory_Allocation\SAMV71_Xplained_Ultra\Debug\main.o
 .debug_macro   0x00011f46      0x494 C:\SAMV7x\SAMV71x\app\Project_2_Dynamic_Memory_Allocation\SAMV71_Xplained_Ultra\Debug\main.o
 .debug_macro   0x000123da      0x126 C:\SAMV7x\SAMV71x\app\Project_2_Dynamic_Memory_Allocation\SAMV71_Xplained_Ultra\Debug\main.o
 .debug_macro   0x00012500       0x4c C:\SAMV7x\SAMV71x\app\Project_2_Dynamic_Memory_Allocation\SAMV71_Xplained_Ultra\Debug\main.o
 .debug_macro   0x0001254c      0x313 C:\SAMV7x\SAMV71x\app\Project_2_Dynamic_Memory_Allocation\SAMV71_Xplained_Ultra\Debug\main.o
 .debug_macro   0x0001285f       0x6a C:\SAMV7x\SAMV71x\app\Project_2_Dynamic_Memory_Allocation\SAMV71_Xplained_Ultra\Debug\main.o
 .debug_macro   0x000128c9       0xb8 C:\SAMV7x\SAMV71x\app\Project_2_Dynamic_Memory_Allocation\SAMV71_Xplained_Ultra\Debug\main.o
 .debug_macro   0x00012981       0x76 C:\SAMV7x\SAMV71x\app\Project_2_Dynamic_Memory_Allocation\SAMV71_Xplained_Ultra\Debug\main.o
 .debug_macro   0x000129f7       0x6a C:\SAMV7x\SAMV71x\app\Project_2_Dynamic_Memory_Allocation\SAMV71_Xplained_Ultra\Debug\main.o
 .debug_macro   0x00012a61       0x2e C:\SAMV7x\SAMV71x\app\Project_2_Dynamic_Memory_Allocation\SAMV71_Xplained_Ultra\Debug\main.o
 .debug_macro   0x00012a8f      0x9b1 C:\SAMV7x\SAMV71x\app\Project_2_Dynamic_Memory_Allocation\SAMV71_Xplained_Ultra\Debug\main.o
 .debug_macro   0x00013440       0x6a C:\SAMV7x\SAMV71x\app\Project_2_Dynamic_Memory_Allocation\SAMV71_Xplained_Ultra\Debug\main.o
 .debug_macro   0x000134aa       0x88 C:\SAMV7x\SAMV71x\app\Project_2_Dynamic_Memory_Allocation\SAMV71_Xplained_Ultra\Debug\main.o
 .debug_macro   0x00013532       0x58 C:\SAMV7x\SAMV71x\app\Project_2_Dynamic_Memory_Allocation\SAMV71_Xplained_Ultra\Debug\main.o
 .debug_macro   0x0001358a       0xa6 C:\SAMV7x\SAMV71x\app\Project_2_Dynamic_Memory_Allocation\SAMV71_Xplained_Ultra\Debug\main.o
 .debug_macro   0x00013630       0x16 C:\SAMV7x\SAMV71x\app\Project_2_Dynamic_Memory_Allocation\SAMV71_Xplained_Ultra\Debug\main.o
 .debug_macro   0x00013646       0xe2 C:\SAMV7x\SAMV71x\app\Project_2_Dynamic_Memory_Allocation\SAMV71_Xplained_Ultra\Debug\main.o
 .debug_macro   0x00013728       0x4c C:\SAMV7x\SAMV71x\app\Project_2_Dynamic_Memory_Allocation\SAMV71_Xplained_Ultra\Debug\main.o
 .debug_macro   0x00013774       0x16 C:\SAMV7x\SAMV71x\app\Project_2_Dynamic_Memory_Allocation\SAMV71_Xplained_Ultra\Debug\main.o
 .debug_macro   0x0001378a       0x4c C:\SAMV7x\SAMV71x\app\Project_2_Dynamic_Memory_Allocation\SAMV71_Xplained_Ultra\Debug\main.o
 .debug_macro   0x000137d6       0x2e C:\SAMV7x\SAMV71x\app\Project_2_Dynamic_Memory_Allocation\SAMV71_Xplained_Ultra\Debug\main.o
 .debug_macro   0x00013804      0x19e C:\SAMV7x\SAMV71x\app\Project_2_Dynamic_Memory_Allocation\SAMV71_Xplained_Ultra\Debug\main.o
 .debug_macro   0x000139a2      0x19e C:\SAMV7x\SAMV71x\app\Project_2_Dynamic_Memory_Allocation\SAMV71_Xplained_Ultra\Debug\main.o
 .debug_macro   0x00013b40      0x19e C:\SAMV7x\SAMV71x\app\Project_2_Dynamic_Memory_Allocation\SAMV71_Xplained_Ultra\Debug\main.o
 .debug_macro   0x00013cde      0x19e C:\SAMV7x\SAMV71x\app\Project_2_Dynamic_Memory_Allocation\SAMV71_Xplained_Ultra\Debug\main.o
 .debug_macro   0x00013e7c      0x19e C:\SAMV7x\SAMV71x\app\Project_2_Dynamic_Memory_Allocation\SAMV71_Xplained_Ultra\Debug\main.o
 .debug_macro   0x0001401a       0x1c C:\SAMV7x\SAMV71x\app\Project_2_Dynamic_Memory_Allocation\SAMV71_Xplained_Ultra\Debug\main.o
 .debug_macro   0x00014036       0x2e C:\SAMV7x\SAMV71x\app\Project_2_Dynamic_Memory_Allocation\SAMV71_Xplained_Ultra\Debug\main.o
 .debug_macro   0x00014064       0x22 C:\SAMV7x\SAMV71x\app\Project_2_Dynamic_Memory_Allocation\SAMV71_Xplained_Ultra\Debug\main.o
 .debug_macro   0x00014086       0x1c C:\SAMV7x\SAMV71x\app\Project_2_Dynamic_Memory_Allocation\SAMV71_Xplained_Ultra\Debug\main.o
 .debug_macro   0x000140a2       0x52 C:\SAMV7x\SAMV71x\app\Project_2_Dynamic_Memory_Allocation\SAMV71_Xplained_Ultra\Debug\main.o
 .debug_macro   0x000140f4       0x10 C:\SAMV7x\SAMV71x\app\Project_2_Dynamic_Memory_Allocation\SAMV71_Xplained_Ultra\Debug\main.o
 .debug_macro   0x00014104       0x1c C:\SAMV7x\SAMV71x\app\Project_2_Dynamic_Memory_Allocation\SAMV71_Xplained_Ultra\Debug\main.o
 .debug_macro   0x00014120       0x4c C:\SAMV7x\SAMV71x\app\Project_2_Dynamic_Memory_Allocation\SAMV71_Xplained_Ultra\Debug\main.o
 .debug_macro   0x0001416c       0x4c C:\SAMV7x\SAMV71x\app\Project_2_Dynamic_Memory_Allocation\SAMV71_Xplained_Ultra\Debug\main.o
 .debug_macro   0x000141b8       0x4c C:\SAMV7x\SAMV71x\app\Project_2_Dynamic_Memory_Allocation\SAMV71_Xplained_Ultra\Debug\main.o
 .debug_macro   0x00014204      0x329 C:\SAMV7x\SAMV71x\app\Project_2_Dynamic_Memory_Allocation\SAMV71_Xplained_Ultra\Debug\main.o
 .debug_macro   0x0001452d     0x1028 C:\SAMV7x\SAMV71x\app\Project_2_Dynamic_Memory_Allocation\SAMV71_Xplained_Ultra\Debug\main.o
 .debug_macro   0x00015555      0x107 C:\SAMV7x\SAMV71x\app\Project_2_Dynamic_Memory_Allocation\SAMV71_Xplained_Ultra\Debug\main.o
 .debug_macro   0x0001565c      0x166 C:\SAMV7x\SAMV71x\app\Project_2_Dynamic_Memory_Allocation\SAMV71_Xplained_Ultra\Debug\main.o
 .debug_macro   0x000157c2       0x58 C:\SAMV7x\SAMV71x\app\Project_2_Dynamic_Memory_Allocation\SAMV71_Xplained_Ultra\Debug\main.o
 .debug_macro   0x0001581a       0x35 C:\SAMV7x\SAMV71x\app\Project_2_Dynamic_Memory_Allocation\SAMV71_Xplained_Ultra\Debug\main.o
 .debug_macro   0x0001584f       0x9c C:\SAMV7x\SAMV71x\app\Project_2_Dynamic_Memory_Allocation\SAMV71_Xplained_Ultra\Debug\main.o
 .debug_macro   0x000158eb       0x16 C:\SAMV7x\SAMV71x\app\Project_2_Dynamic_Memory_Allocation\SAMV71_Xplained_Ultra\Debug\main.o
 .debug_macro   0x00015901       0x35 C:\SAMV7x\SAMV71x\app\Project_2_Dynamic_Memory_Allocation\SAMV71_Xplained_Ultra\Debug\main.o
 .debug_macro   0x00015936       0x52 C:\SAMV7x\SAMV71x\app\Project_2_Dynamic_Memory_Allocation\SAMV71_Xplained_Ultra\Debug\main.o
 .debug_macro   0x00015988       0x16 C:\SAMV7x\SAMV71x\app\Project_2_Dynamic_Memory_Allocation\SAMV71_Xplained_Ultra\Debug\main.o
 .debug_macro   0x0001599e       0x43 C:\SAMV7x\SAMV71x\app\Project_2_Dynamic_Memory_Allocation\SAMV71_Xplained_Ultra\Debug\main.o
 .debug_macro   0x000159e1      0x180 C:\SAMV7x\SAMV71x\app\Project_2_Dynamic_Memory_Allocation\SAMV71_Xplained_Ultra\Debug\main.o
 .debug_macro   0x00015b61      0x29d C:\SAMV7x\SAMV71x\app\Project_2_Dynamic_Memory_Allocation\SAMV71_Xplained_Ultra\Debug\main.o
 .debug_macro   0x00015dfe       0x16 C:\SAMV7x\SAMV71x\app\Project_2_Dynamic_Memory_Allocation\SAMV71_Xplained_Ultra\Debug\main.o
 .debug_macro   0x00015e14       0x29 C:\SAMV7x\SAMV71x\app\Project_2_Dynamic_Memory_Allocation\SAMV71_Xplained_Ultra\Debug\main.o
 .debug_macro   0x00015e3d       0x22 C:\SAMV7x\SAMV71x\app\Project_2_Dynamic_Memory_Allocation\SAMV71_Xplained_Ultra\Debug\main.o
 .debug_macro   0x00015e5f      0x159 C:\SAMV7x\SAMV71x\app\Project_2_Dynamic_Memory_Allocation\SAMV71_Xplained_Ultra\Debug\main.o
 .debug_macro   0x00015fb8       0x5e C:\SAMV7x\SAMV71x\app\Project_2_Dynamic_Memory_Allocation\SAMV71_Xplained_Ultra\Debug\main.o
 .debug_macro   0x00016016       0x16 C:\SAMV7x\SAMV71x\app\Project_2_Dynamic_Memory_Allocation\SAMV71_Xplained_Ultra\Debug\main.o
 .debug_macro   0x0001602c       0xc6 C:\SAMV7x\SAMV71x\app\Project_2_Dynamic_Memory_Allocation\SAMV71_Xplained_Ultra\Debug\main.o
 .debug_macro   0x000160f2       0x16 C:\SAMV7x\SAMV71x\app\Project_2_Dynamic_Memory_Allocation\SAMV71_Xplained_Ultra\Debug\main.o
 .debug_macro   0x00016108       0x10 C:\SAMV7x\SAMV71x\app\Project_2_Dynamic_Memory_Allocation\SAMV71_Xplained_Ultra\Debug\main.o
 .debug_macro   0x00016118       0xe6 C:\SAMV7x\SAMV71x\app\Project_2_Dynamic_Memory_Allocation\SAMV71_Xplained_Ultra\Debug\main.o
 .debug_macro   0x000161fe       0x94 C:\SAMV7x\SAMV71x\app\Project_2_Dynamic_Memory_Allocation\SAMV71_Xplained_Ultra\Debug\main.o
 .debug_macro   0x00016292       0x97 C:\SAMV7x\SAMV71x\app\Project_2_Dynamic_Memory_Allocation\SAMV71_Xplained_Ultra\Debug\main.o
 .debug_macro   0x00016329      0x19e C:\SAMV7x\SAMV71x\app\Project_2_Dynamic_Memory_Allocation\SAMV71_Xplained_Ultra\Debug\main.o
 .debug_macro   0x000164c7       0x98 C:\SAMV7x\SAMV71x\app\Project_2_Dynamic_Memory_Allocation\SAMV71_Xplained_Ultra\Debug\main.o
 .debug_macro   0x0001655f       0x34 C:\SAMV7x\SAMV71x\app\Project_2_Dynamic_Memory_Allocation\SAMV71_Xplained_Ultra\Debug\main.o
 .debug_macro   0x00016593       0x16 C:\SAMV7x\SAMV71x\app\Project_2_Dynamic_Memory_Allocation\SAMV71_Xplained_Ultra\Debug\main.o
 .debug_macro   0x000165a9       0x76 C:\SAMV7x\SAMV71x\app\Project_2_Dynamic_Memory_Allocation\SAMV71_Xplained_Ultra\Debug\main.o
 .debug_macro   0x0001661f       0x1c C:\SAMV7x\SAMV71x\app\Project_2_Dynamic_Memory_Allocation\SAMV71_Xplained_Ultra\Debug\main.o
 .debug_macro   0x0001663b       0x3a C:\SAMV7x\SAMV71x\app\Project_2_Dynamic_Memory_Allocation\SAMV71_Xplained_Ultra\Debug\main.o
 .debug_macro   0x00016675       0x1c C:\SAMV7x\SAMV71x\app\Project_2_Dynamic_Memory_Allocation\SAMV71_Xplained_Ultra\Debug\main.o
 .debug_macro   0x00016691       0x2e C:\SAMV7x\SAMV71x\app\Project_2_Dynamic_Memory_Allocation\SAMV71_Xplained_Ultra\Debug\main.o
 .debug_macro   0x000166bf       0x3a C:\SAMV7x\SAMV71x\app\Project_2_Dynamic_Memory_Allocation\SAMV71_Xplained_Ultra\Debug\main.o
 .debug_macro   0x000166f9       0x52 C:\SAMV7x\SAMV71x\app\Project_2_Dynamic_Memory_Allocation\SAMV71_Xplained_Ultra\Debug\main.o
 .debug_macro   0x0001674b       0x22 C:\SAMV7x\SAMV71x\app\Project_2_Dynamic_Memory_Allocation\SAMV71_Xplained_Ultra\Debug\main.o
 .debug_macro   0x0001676d       0x1c C:\SAMV7x\SAMV71x\app\Project_2_Dynamic_Memory_Allocation\SAMV71_Xplained_Ultra\Debug\main.o
 .debug_macro   0x00016789       0x1c C:\SAMV7x\SAMV71x\app\Project_2_Dynamic_Memory_Allocation\SAMV71_Xplained_Ultra\Debug\main.o
 .debug_macro   0x000167a5       0x10 C:\SAMV7x\SAMV71x\app\Project_2_Dynamic_Memory_Allocation\SAMV71_Xplained_Ultra\Debug\main.o
 .debug_macro   0x000167b5       0x10 C:\SAMV7x\SAMV71x\app\Project_2_Dynamic_Memory_Allocation\SAMV71_Xplained_Ultra\Debug\main.o
 .debug_macro   0x000167c5       0x22 C:\SAMV7x\SAMV71x\app\Project_2_Dynamic_Memory_Allocation\SAMV71_Xplained_Ultra\Debug\main.o
 .debug_macro   0x000167e7       0xbe C:\SAMV7x\SAMV71x\app\Project_2_Dynamic_Memory_Allocation\SAMV71_Xplained_Ultra\Debug\main.o
 .debug_macro   0x000168a5       0x16 C:\SAMV7x\SAMV71x\app\Project_2_Dynamic_Memory_Allocation\SAMV71_Xplained_Ultra\Debug\main.o
 .debug_macro   0x000168bb      0x197 C:\SAMV7x\SAMV71x\app\Project_2_Dynamic_Memory_Allocation\SAMV71_Xplained_Ultra\Debug\main.o
 .debug_macro   0x00016a52       0x93 C:\SAMV7x\SAMV71x\app\Project_2_Dynamic_Memory_Allocation\SAMV71_Xplained_Ultra\Debug\main.o
 .debug_macro   0x00016ae5       0x2e C:\SAMV7x\SAMV71x\app\Project_2_Dynamic_Memory_Allocation\SAMV71_Xplained_Ultra\Debug\main.o
 .debug_macro   0x00016b13       0x2e C:\SAMV7x\SAMV71x\app\Project_2_Dynamic_Memory_Allocation\SAMV71_Xplained_Ultra\Debug\main.o
 .debug_macro   0x00016b41       0x76 C:\SAMV7x\SAMV71x\app\Project_2_Dynamic_Memory_Allocation\SAMV71_Xplained_Ultra\Debug\main.o
 .debug_macro   0x00016bb7       0x28 C:\SAMV7x\SAMV71x\app\Project_2_Dynamic_Memory_Allocation\SAMV71_Xplained_Ultra\Debug\main.o
 .debug_macro   0x00016bdf       0x16 C:\SAMV7x\SAMV71x\app\Project_2_Dynamic_Memory_Allocation\SAMV71_Xplained_Ultra\Debug\main.o
 .debug_macro   0x00016bf5       0x28 C:\SAMV7x\SAMV71x\app\Project_2_Dynamic_Memory_Allocation\SAMV71_Xplained_Ultra\Debug\main.o
 .debug_macro   0x00016c1d       0x1c C:\SAMV7x\SAMV71x\app\Project_2_Dynamic_Memory_Allocation\SAMV71_Xplained_Ultra\Debug\main.o
 .debug_macro   0x00016c39       0x16 C:\SAMV7x\SAMV71x\app\Project_2_Dynamic_Memory_Allocation\SAMV71_Xplained_Ultra\Debug\main.o
 .debug_macro   0x00016c4f       0x16 C:\SAMV7x\SAMV71x\app\Project_2_Dynamic_Memory_Allocation\SAMV71_Xplained_Ultra\Debug\main.o
 .debug_macro   0x00016c65       0x1c C:\SAMV7x\SAMV71x\app\Project_2_Dynamic_Memory_Allocation\SAMV71_Xplained_Ultra\Debug\main.o
 .debug_macro   0x00016c81       0x6f C:\SAMV7x\SAMV71x\app\Project_2_Dynamic_Memory_Allocation\SAMV71_Xplained_Ultra\Debug\main.o
 .debug_macro   0x00016cf0       0xa0 C:\SAMV7x\SAMV71x\app\Project_2_Dynamic_Memory_Allocation\SAMV71_Xplained_Ultra\Debug\main.o
 .debug_macro   0x00016d90       0x10 C:\SAMV7x\SAMV71x\app\Project_2_Dynamic_Memory_Allocation\SAMV71_Xplained_Ultra\Debug\main.o
 .debug_macro   0x00016da0      0x148 C:\SAMV7x\SAMV71x\app\Project_2_Dynamic_Memory_Allocation\SAMV71_Xplained_Ultra\Debug\main.o
 .debug_macro   0x00016ee8       0x16 C:\SAMV7x\SAMV71x\app\Project_2_Dynamic_Memory_Allocation\SAMV71_Xplained_Ultra\Debug\main.o
 .debug_macro   0x00016efe       0x52 C:\SAMV7x\SAMV71x\app\Project_2_Dynamic_Memory_Allocation\SAMV71_Xplained_Ultra\Debug\main.o
 .debug_macro   0x00016f50      0x240 C:\SAMV7x\SAMV71x\app\Project_2_Dynamic_Memory_Allocation\SAMV71_Xplained_Ultra\Debug\main.o
 .debug_macro   0x00017190       0x34 C:\SAMV7x\SAMV71x\app\Project_2_Dynamic_Memory_Allocation\SAMV71_Xplained_Ultra\Debug\main.o
 .debug_macro   0x000171c4      0x13c C:\SAMV7x\SAMV71x\app\Project_2_Dynamic_Memory_Allocation\SAMV71_Xplained_Ultra\Debug\main.o
 .debug_macro   0x00017300       0x10 C:\SAMV7x\SAMV71x\app\Project_2_Dynamic_Memory_Allocation\SAMV71_Xplained_Ultra\Debug\main.o
 .debug_macro   0x00017310      0x102 C:\SAMV7x\SAMV71x\app\Project_2_Dynamic_Memory_Allocation\SAMV71_Xplained_Ultra\Debug\main.o
 .debug_macro   0x00017412       0x52 C:\SAMV7x\SAMV71x\app\Project_2_Dynamic_Memory_Allocation\SAMV71_Xplained_Ultra\Debug\main.o
 .debug_macro   0x00017464      0x1f3 C:\SAMV7x\SAMV71x\app\Project_2_Dynamic_Memory_Allocation\SAMV71_Xplained_Ultra\Debug\main.o
 .debug_macro   0x00017657       0x2e C:\SAMV7x\SAMV71x\app\Project_2_Dynamic_Memory_Allocation\SAMV71_Xplained_Ultra\Debug\main.o
 .debug_macro   0x00017685       0x16 C:\SAMV7x\SAMV71x\app\Project_2_Dynamic_Memory_Allocation\SAMV71_Xplained_Ultra\Debug\main.o
 .debug_macro   0x0001769b       0x52 C:\SAMV7x\SAMV71x\app\Project_2_Dynamic_Memory_Allocation\SAMV71_Xplained_Ultra\Debug\main.o
 .debug_macro   0x000176ed       0x16 C:\SAMV7x\SAMV71x\app\Project_2_Dynamic_Memory_Allocation\SAMV71_Xplained_Ultra\Debug\main.o
 .debug_macro   0x00017703       0x10 C:\SAMV7x\SAMV71x\app\Project_2_Dynamic_Memory_Allocation\SAMV71_Xplained_Ultra\Debug\main.o
 .debug_macro   0x00017713       0x10 C:\SAMV7x\SAMV71x\app\Project_2_Dynamic_Memory_Allocation\SAMV71_Xplained_Ultra\Debug\main.o
 .debug_macro   0x00017723       0x10 C:\SAMV7x\SAMV71x\app\Project_2_Dynamic_Memory_Allocation\SAMV71_Xplained_Ultra\Debug\main.o
 .debug_macro   0x00017733       0x35 C:\SAMV7x\SAMV71x\app\Project_2_Dynamic_Memory_Allocation\SAMV71_Xplained_Ultra\Debug\main.o
 .debug_macro   0x00017768      0x122 C:\SAMV7x\SAMV71x\app\Project_2_Dynamic_Memory_Allocation\SAMV71_Xplained_Ultra\Debug\main.o
 .debug_macro   0x0001788a      0x456 C:\SAMV7x\SAMV71x\app\Project_2_Dynamic_Memory_Allocation\SAMV71_Xplained_Ultra\Debug\main.o
 .debug_macro   0x00017ce0      0xdab C:\SAMV7x\SAMV71x\app\Project_2_Dynamic_Memory_Allocation\SAMV71_Xplained_Ultra\Debug\system_sam.o
 .debug_macro   0x00018a8b     0x12db C:\SAMV7x\SAMV71x\app\Project_2_Dynamic_Memory_Allocation\SAMV71_Xplained_Ultra\Debug\syscalls.o
 .debug_macro   0x00019d66       0x10 C:\SAMV7x\SAMV71x\app\Project_2_Dynamic_Memory_Allocation\SAMV71_Xplained_Ultra\Debug\syscalls.o
 .debug_macro   0x00019d76      0x241 C:\SAMV7x\SAMV71x\app\Project_2_Dynamic_Memory_Allocation\SAMV71_Xplained_Ultra\Debug\syscalls.o
 .debug_macro   0x00019fb7      0xa72 C:\SAMV7x\SAMV71x\app\Project_2_Dynamic_Memory_Allocation\SAMV71_Xplained_Ultra\Debug\Mem_Alloc.o
 .debug_macro   0x0001aa29      0x10e C:\SAMV7x\SAMV71x\app\Project_2_Dynamic_Memory_Allocation\SAMV71_Xplained_Ultra\Debug\Mem_Alloc.o
 .debug_macro   0x0001ab37       0x7f C:\SAMV7x\SAMV71x\app\Project_2_Dynamic_Memory_Allocation\SAMV71_Xplained_Ultra\Debug\Mem_Alloc.o
 .debug_macro   0x0001abb6      0xd93 C:\SAMV7x\SAMV71x\app\Project_2_Dynamic_Memory_Allocation\SAMV71_Xplained_Ultra\Debug\startup_sam.o
 .debug_macro   0x0001b949     0x12bd C:\SAMV7x\SAMV71x\app\Project_2_Dynamic_Memory_Allocation\SAMV71_Xplained_Ultra\Debug\board_lowlevel.o
 .debug_macro   0x0001cc06     0x12f2 C:\SAMV7x\SAMV71x\app\Project_2_Dynamic_Memory_Allocation\SAMV71_Xplained_Ultra\Debug\dbg_console.o
 .debug_macro   0x0001def8     0x12bc C:\SAMV7x\SAMV71x\app\Project_2_Dynamic_Memory_Allocation\SAMV71_Xplained_Ultra\Debug\led.o
 .debug_macro   0x0001f1b4     0x111f C:\SAMV7x\SAMV71x\app\Project_2_Dynamic_Memory_Allocation\SAMV71_Xplained_Ultra\Debug\pmc.o
 .debug_macro   0x000202d3     0x1109 C:\SAMV7x\SAMV71x\app\Project_2_Dynamic_Memory_Allocation\SAMV71_Xplained_Ultra\Debug\pio.o
 .debug_macro   0x000213dc     0x110a C:\SAMV7x\SAMV71x\app\Project_2_Dynamic_Memory_Allocation\SAMV71_Xplained_Ultra\Debug\mpu.o
 .debug_macro   0x000224e6     0x110a C:\SAMV7x\SAMV71x\app\Project_2_Dynamic_Memory_Allocation\SAMV71_Xplained_Ultra\Debug\exceptions.o
 .debug_macro   0x000235f0      0xe89 C:\SAMV7x\SAMV71x\app\Project_2_Dynamic_Memory_Allocation\SAMV71_Xplained_Ultra\Debug\systick.o
 .debug_macro   0x00024479       0x52 C:\SAMV7x\SAMV71x\app\Project_2_Dynamic_Memory_Allocation\SAMV71_Xplained_Ultra\Debug\systick.o
 .debug_macro   0x000244cb     0x1118 C:\SAMV7x\SAMV71x\app\Project_2_Dynamic_Memory_Allocation\SAMV71_Xplained_Ultra\Debug\pio_it.o
 .debug_macro   0x000255e3     0x110a C:\SAMV7x\SAMV71x\app\Project_2_Dynamic_Memory_Allocation\SAMV71_Xplained_Ultra\Debug\wdt.o

.debug_line     0x00000000     0xccc6
 .debug_line    0x00000000     0x10cf C:\SAMV7x\SAMV71x\app\Project_2_Dynamic_Memory_Allocation\SAMV71_Xplained_Ultra\Debug\main.o
 .debug_line    0x000010cf      0xaf2 C:\SAMV7x\SAMV71x\app\Project_2_Dynamic_Memory_Allocation\SAMV71_Xplained_Ultra\Debug\system_sam.o
 .debug_line    0x00001bc1     0x105b C:\SAMV7x\SAMV71x\app\Project_2_Dynamic_Memory_Allocation\SAMV71_Xplained_Ultra\Debug\syscalls.o
 .debug_line    0x00002c1c      0x278 C:\SAMV7x\SAMV71x\app\Project_2_Dynamic_Memory_Allocation\SAMV71_Xplained_Ultra\Debug\Mem_Alloc.o
 .debug_line    0x00002e94      0xa5f C:\SAMV7x\SAMV71x\app\Project_2_Dynamic_Memory_Allocation\SAMV71_Xplained_Ultra\Debug\startup_sam.o
 .debug_line    0x000038f3     0x1068 C:\SAMV7x\SAMV71x\app\Project_2_Dynamic_Memory_Allocation\SAMV71_Xplained_Ultra\Debug\board_lowlevel.o
 .debug_line    0x0000495b     0x11aa C:\SAMV7x\SAMV71x\app\Project_2_Dynamic_Memory_Allocation\SAMV71_Xplained_Ultra\Debug\dbg_console.o
 .debug_line    0x00005b05     0x1024 C:\SAMV7x\SAMV71x\app\Project_2_Dynamic_Memory_Allocation\SAMV71_Xplained_Ultra\Debug\led.o
 .debug_line    0x00006b29      0xf63 C:\SAMV7x\SAMV71x\app\Project_2_Dynamic_Memory_Allocation\SAMV71_Xplained_Ultra\Debug\pmc.o
 .debug_line    0x00007a8c      0xe62 C:\SAMV7x\SAMV71x\app\Project_2_Dynamic_Memory_Allocation\SAMV71_Xplained_Ultra\Debug\pio.o
 .debug_line    0x000088ee      0xde9 C:\SAMV7x\SAMV71x\app\Project_2_Dynamic_Memory_Allocation\SAMV71_Xplained_Ultra\Debug\mpu.o
 .debug_line    0x000096d7      0xe17 C:\SAMV7x\SAMV71x\app\Project_2_Dynamic_Memory_Allocation\SAMV71_Xplained_Ultra\Debug\exceptions.o
 .debug_line    0x0000a4ee      0xbbb C:\SAMV7x\SAMV71x\app\Project_2_Dynamic_Memory_Allocation\SAMV71_Xplained_Ultra\Debug\systick.o
 .debug_line    0x0000b0a9      0xe61 C:\SAMV7x\SAMV71x\app\Project_2_Dynamic_Memory_Allocation\SAMV71_Xplained_Ultra\Debug\pio_it.o
 .debug_line    0x0000bf0a      0xdbc C:\SAMV7x\SAMV71x\app\Project_2_Dynamic_Memory_Allocation\SAMV71_Xplained_Ultra\Debug\wdt.o

.debug_str      0x00000000    0x7db00
 .debug_str     0x00000000    0x7b0cf C:\SAMV7x\SAMV71x\app\Project_2_Dynamic_Memory_Allocation\SAMV71_Xplained_Ultra\Debug\main.o
                              0x7b672 (size before relaxing)
 .debug_str     0x0007b0cf      0x3f2 C:\SAMV7x\SAMV71x\app\Project_2_Dynamic_Memory_Allocation\SAMV71_Xplained_Ultra\Debug\system_sam.o
                              0x6e207 (size before relaxing)
 .debug_str     0x0007b4c1      0x60f C:\SAMV7x\SAMV71x\app\Project_2_Dynamic_Memory_Allocation\SAMV71_Xplained_Ultra\Debug\syscalls.o
                              0x7ba6c (size before relaxing)
 .debug_str     0x0007bad0       0xe3 C:\SAMV7x\SAMV71x\app\Project_2_Dynamic_Memory_Allocation\SAMV71_Xplained_Ultra\Debug\Mem_Alloc.o
                               0x5751 (size before relaxing)
 .debug_str     0x0007bbb3      0x5df C:\SAMV7x\SAMV71x\app\Project_2_Dynamic_Memory_Allocation\SAMV71_Xplained_Ultra\Debug\startup_sam.o
                              0x6e5cc (size before relaxing)
 .debug_str     0x0007c192       0x84 C:\SAMV7x\SAMV71x\app\Project_2_Dynamic_Memory_Allocation\SAMV71_Xplained_Ultra\Debug\board_lowlevel.o
                              0x7b649 (size before relaxing)
 .debug_str     0x0007c216      0xa59 C:\SAMV7x\SAMV71x\app\Project_2_Dynamic_Memory_Allocation\SAMV71_Xplained_Ultra\Debug\dbg_console.o
                              0x7bf7f (size before relaxing)
 .debug_str     0x0007cc6f       0x77 C:\SAMV7x\SAMV71x\app\Project_2_Dynamic_Memory_Allocation\SAMV71_Xplained_Ultra\Debug\led.o
                              0x7b7e9 (size before relaxing)
 .debug_str     0x0007cce6      0x2be C:\SAMV7x\SAMV71x\app\Project_2_Dynamic_Memory_Allocation\SAMV71_Xplained_Ultra\Debug\pmc.o
                              0x760f3 (size before relaxing)
 .debug_str     0x0007cfa4      0x18f C:\SAMV7x\SAMV71x\app\Project_2_Dynamic_Memory_Allocation\SAMV71_Xplained_Ultra\Debug\pio.o
                              0x7613d (size before relaxing)
 .debug_str     0x0007d133      0x143 C:\SAMV7x\SAMV71x\app\Project_2_Dynamic_Memory_Allocation\SAMV71_Xplained_Ultra\Debug\mpu.o
                              0x75df7 (size before relaxing)
 .debug_str     0x0007d276       0x53 C:\SAMV7x\SAMV71x\app\Project_2_Dynamic_Memory_Allocation\SAMV71_Xplained_Ultra\Debug\exceptions.o
                              0x75e9e (size before relaxing)
 .debug_str     0x0007d2c9      0x68d C:\SAMV7x\SAMV71x\app\Project_2_Dynamic_Memory_Allocation\SAMV71_Xplained_Ultra\Debug\systick.o
                              0x714f9 (size before relaxing)
 .debug_str     0x0007d956      0x129 C:\SAMV7x\SAMV71x\app\Project_2_Dynamic_Memory_Allocation\SAMV71_Xplained_Ultra\Debug\pio_it.o
                              0x765f4 (size before relaxing)
 .debug_str     0x0007da7f       0x81 C:\SAMV7x\SAMV71x\app\Project_2_Dynamic_Memory_Allocation\SAMV71_Xplained_Ultra\Debug\wdt.o
                              0x75d20 (size before relaxing)

.comment        0x00000000       0x70
 .comment       0x00000000       0x70 C:\SAMV7x\SAMV71x\app\Project_2_Dynamic_Memory_Allocation\SAMV71_Xplained_Ultra\Debug\main.o
                                 0x71 (size before relaxing)
 .comment       0x00000000       0x71 C:\SAMV7x\SAMV71x\app\Project_2_Dynamic_Memory_Allocation\SAMV71_Xplained_Ultra\Debug\system_sam.o
 .comment       0x00000000       0x71 C:\SAMV7x\SAMV71x\app\Project_2_Dynamic_Memory_Allocation\SAMV71_Xplained_Ultra\Debug\syscalls.o
 .comment       0x00000000       0x71 C:\SAMV7x\SAMV71x\app\Project_2_Dynamic_Memory_Allocation\SAMV71_Xplained_Ultra\Debug\Mem_Alloc.o
 .comment       0x00000000       0x71 C:\SAMV7x\SAMV71x\app\Project_2_Dynamic_Memory_Allocation\SAMV71_Xplained_Ultra\Debug\startup_sam.o
 .comment       0x00000000       0x71 C:\SAMV7x\SAMV71x\app\Project_2_Dynamic_Memory_Allocation\SAMV71_Xplained_Ultra\Debug\board_lowlevel.o
 .comment       0x00000000       0x71 C:\SAMV7x\SAMV71x\app\Project_2_Dynamic_Memory_Allocation\SAMV71_Xplained_Ultra\Debug\dbg_console.o
 .comment       0x00000000       0x71 C:\SAMV7x\SAMV71x\app\Project_2_Dynamic_Memory_Allocation\SAMV71_Xplained_Ultra\Debug\led.o
 .comment       0x00000000       0x71 C:\SAMV7x\SAMV71x\app\Project_2_Dynamic_Memory_Allocation\SAMV71_Xplained_Ultra\Debug\pmc.o
 .comment       0x00000000       0x71 C:\SAMV7x\SAMV71x\app\Project_2_Dynamic_Memory_Allocation\SAMV71_Xplained_Ultra\Debug\pio.o
 .comment       0x00000000       0x71 C:\SAMV7x\SAMV71x\app\Project_2_Dynamic_Memory_Allocation\SAMV71_Xplained_Ultra\Debug\mpu.o
 .comment       0x00000000       0x71 C:\SAMV7x\SAMV71x\app\Project_2_Dynamic_Memory_Allocation\SAMV71_Xplained_Ultra\Debug\exceptions.o
 .comment       0x00000000       0x71 C:\SAMV7x\SAMV71x\app\Project_2_Dynamic_Memory_Allocation\SAMV71_Xplained_Ultra\Debug\systick.o
 .comment       0x00000000       0x71 C:\SAMV7x\SAMV71x\app\Project_2_Dynamic_Memory_Allocation\SAMV71_Xplained_Ultra\Debug\pio_it.o
 .comment       0x00000000       0x71 C:\SAMV7x\SAMV71x\app\Project_2_Dynamic_Memory_Allocation\SAMV71_Xplained_Ultra\Debug\wdt.o

.ARM.attributes
                0x00000000       0x35
 .ARM.attributes
                0x00000000       0x37 C:\SAMV7x\SAMV71x\app\Project_2_Dynamic_Memory_Allocation\SAMV71_Xplained_Ultra\Debug\main.o
 .ARM.attributes
                0x00000037       0x37 C:\SAMV7x\SAMV71x\app\Project_2_Dynamic_Memory_Allocation\SAMV71_Xplained_Ultra\Debug\system_sam.o
 .ARM.attributes
                0x0000006e       0x37 C:\SAMV7x\SAMV71x\app\Project_2_Dynamic_Memory_Allocation\SAMV71_Xplained_Ultra\Debug\syscalls.o
 .ARM.attributes
                0x000000a5       0x37 C:\SAMV7x\SAMV71x\app\Project_2_Dynamic_Memory_Allocation\SAMV71_Xplained_Ultra\Debug\Mem_Alloc.o
 .ARM.attributes
                0x000000dc       0x37 C:\SAMV7x\SAMV71x\app\Project_2_Dynamic_Memory_Allocation\SAMV71_Xplained_Ultra\Debug\startup_sam.o
 .ARM.attributes
                0x00000113       0x37 C:\SAMV7x\SAMV71x\app\Project_2_Dynamic_Memory_Allocation\SAMV71_Xplained_Ultra\Debug\board_lowlevel.o
 .ARM.attributes
                0x0000014a       0x37 C:\SAMV7x\SAMV71x\app\Project_2_Dynamic_Memory_Allocation\SAMV71_Xplained_Ultra\Debug\dbg_console.o
 .ARM.attributes
                0x00000181       0x37 C:\SAMV7x\SAMV71x\app\Project_2_Dynamic_Memory_Allocation\SAMV71_Xplained_Ultra\Debug\led.o
 .ARM.attributes
                0x000001b8       0x37 C:\SAMV7x\SAMV71x\app\Project_2_Dynamic_Memory_Allocation\SAMV71_Xplained_Ultra\Debug\pmc.o
 .ARM.attributes
                0x000001ef       0x37 C:\SAMV7x\SAMV71x\app\Project_2_Dynamic_Memory_Allocation\SAMV71_Xplained_Ultra\Debug\pio.o
 .ARM.attributes
                0x00000226       0x37 C:\SAMV7x\SAMV71x\app\Project_2_Dynamic_Memory_Allocation\SAMV71_Xplained_Ultra\Debug\mpu.o
 .ARM.attributes
                0x0000025d       0x37 C:\SAMV7x\SAMV71x\app\Project_2_Dynamic_Memory_Allocation\SAMV71_Xplained_Ultra\Debug\exceptions.o
 .ARM.attributes
                0x00000294       0x37 C:\SAMV7x\SAMV71x\app\Project_2_Dynamic_Memory_Allocation\SAMV71_Xplained_Ultra\Debug\systick.o
 .ARM.attributes
                0x000002cb       0x37 C:\SAMV7x\SAMV71x\app\Project_2_Dynamic_Memory_Allocation\SAMV71_Xplained_Ultra\Debug\pio_it.o
 .ARM.attributes
                0x00000302       0x37 C:\SAMV7x\SAMV71x\app\Project_2_Dynamic_Memory_Allocation\SAMV71_Xplained_Ultra\Debug\wdt.o
 .ARM.attributes
                0x00000339       0x33 c:/isystem/winidea9/gcc/arm/bin/../lib/gcc/arm-none-eabi/4.9.3/../../../../arm-none-eabi/lib/cortex-m7\libc.a(lib_a-assert.o)
 .ARM.attributes
                0x0000036c       0x33 c:/isystem/winidea9/gcc/arm/bin/../lib/gcc/arm-none-eabi/4.9.3/../../../../arm-none-eabi/lib/cortex-m7\libc.a(lib_a-fiprintf.o)
 .ARM.attributes
                0x0000039f       0x33 c:/isystem/winidea9/gcc/arm/bin/../lib/gcc/arm-none-eabi/4.9.3/../../../../arm-none-eabi/lib/cortex-m7\libc.a(lib_a-impure.o)
 .ARM.attributes
                0x000003d2       0x33 c:/isystem/winidea9/gcc/arm/bin/../lib/gcc/arm-none-eabi/4.9.3/../../../../arm-none-eabi/lib/cortex-m7\libc.a(lib_a-printf.o)
 .ARM.attributes
                0x00000405       0x33 c:/isystem/winidea9/gcc/arm/bin/../lib/gcc/arm-none-eabi/4.9.3/../../../../arm-none-eabi/lib/cortex-m7\libc.a(lib_a-putchar.o)
 .ARM.attributes
                0x00000438       0x33 c:/isystem/winidea9/gcc/arm/bin/../lib/gcc/arm-none-eabi/4.9.3/../../../../arm-none-eabi/lib/cortex-m7\libc.a(lib_a-setvbuf.o)
 .ARM.attributes
                0x0000046b       0x33 c:/isystem/winidea9/gcc/arm/bin/../lib/gcc/arm-none-eabi/4.9.3/../../../../arm-none-eabi/lib/cortex-m7\libc.a(lib_a-vfiprintf.o)
 .ARM.attributes
                0x0000049e       0x33 c:/isystem/winidea9/gcc/arm/bin/../lib/gcc/arm-none-eabi/4.9.3/../../../../arm-none-eabi/lib/cortex-m7\libc.a(lib_a-vfprintf.o)
 .ARM.attributes
                0x000004d1       0x33 c:/isystem/winidea9/gcc/arm/bin/../lib/gcc/arm-none-eabi/4.9.3/../../../../arm-none-eabi/lib/cortex-m7\libc.a(lib_a-wsetup.o)
 .ARM.attributes
                0x00000504       0x33 c:/isystem/winidea9/gcc/arm/bin/../lib/gcc/arm-none-eabi/4.9.3/../../../../arm-none-eabi/lib/cortex-m7\libc.a(lib_a-abort.o)
 .ARM.attributes
                0x00000537       0x33 c:/isystem/winidea9/gcc/arm/bin/../lib/gcc/arm-none-eabi/4.9.3/../../../../arm-none-eabi/lib/cortex-m7\libc.a(lib_a-dtoa.o)
 .ARM.attributes
                0x0000056a       0x33 c:/isystem/winidea9/gcc/arm/bin/../lib/gcc/arm-none-eabi/4.9.3/../../../../arm-none-eabi/lib/cortex-m7\libc.a(lib_a-fflush.o)
 .ARM.attributes
                0x0000059d       0x33 c:/isystem/winidea9/gcc/arm/bin/../lib/gcc/arm-none-eabi/4.9.3/../../../../arm-none-eabi/lib/cortex-m7\libc.a(lib_a-findfp.o)
 .ARM.attributes
                0x000005d0       0x33 c:/isystem/winidea9/gcc/arm/bin/../lib/gcc/arm-none-eabi/4.9.3/../../../../arm-none-eabi/lib/cortex-m7\libc.a(lib_a-fputwc.o)
 .ARM.attributes
                0x00000603       0x33 c:/isystem/winidea9/gcc/arm/bin/../lib/gcc/arm-none-eabi/4.9.3/../../../../arm-none-eabi/lib/cortex-m7\libc.a(lib_a-freer.o)
 .ARM.attributes
                0x00000636       0x33 c:/isystem/winidea9/gcc/arm/bin/../lib/gcc/arm-none-eabi/4.9.3/../../../../arm-none-eabi/lib/cortex-m7\libc.a(lib_a-fvwrite.o)
 .ARM.attributes
                0x00000669       0x33 c:/isystem/winidea9/gcc/arm/bin/../lib/gcc/arm-none-eabi/4.9.3/../../../../arm-none-eabi/lib/cortex-m7\libc.a(lib_a-fwalk.o)
 .ARM.attributes
                0x0000069c       0x33 c:/isystem/winidea9/gcc/arm/bin/../lib/gcc/arm-none-eabi/4.9.3/../../../../arm-none-eabi/lib/cortex-m7\libc.a(lib_a-locale.o)
 .ARM.attributes
                0x000006cf       0x33 c:/isystem/winidea9/gcc/arm/bin/../lib/gcc/arm-none-eabi/4.9.3/../../../../arm-none-eabi/lib/cortex-m7\libc.a(lib_a-makebuf.o)
 .ARM.attributes
                0x00000702       0x33 c:/isystem/winidea9/gcc/arm/bin/../lib/gcc/arm-none-eabi/4.9.3/../../../../arm-none-eabi/lib/cortex-m7\libc.a(lib_a-malloc.o)
 .ARM.attributes
                0x00000735       0x33 c:/isystem/winidea9/gcc/arm/bin/../lib/gcc/arm-none-eabi/4.9.3/../../../../arm-none-eabi/lib/cortex-m7\libc.a(lib_a-mallocr.o)
 .ARM.attributes
                0x00000768       0x33 c:/isystem/winidea9/gcc/arm/bin/../lib/gcc/arm-none-eabi/4.9.3/../../../../arm-none-eabi/lib/cortex-m7\libc.a(lib_a-memchr.o)
 .ARM.attributes
                0x0000079b       0x21 c:/isystem/winidea9/gcc/arm/bin/../lib/gcc/arm-none-eabi/4.9.3/../../../../arm-none-eabi/lib/cortex-m7\libc.a(lib_a-memcpy.o)
 .ARM.attributes
                0x000007bc       0x33 c:/isystem/winidea9/gcc/arm/bin/../lib/gcc/arm-none-eabi/4.9.3/../../../../arm-none-eabi/lib/cortex-m7\libc.a(lib_a-memmove.o)
 .ARM.attributes
                0x000007ef       0x33 c:/isystem/winidea9/gcc/arm/bin/../lib/gcc/arm-none-eabi/4.9.3/../../../../arm-none-eabi/lib/cortex-m7\libc.a(lib_a-memset.o)
 .ARM.attributes
                0x00000822       0x33 c:/isystem/winidea9/gcc/arm/bin/../lib/gcc/arm-none-eabi/4.9.3/../../../../arm-none-eabi/lib/cortex-m7\libc.a(lib_a-mlock.o)
 .ARM.attributes
                0x00000855       0x33 c:/isystem/winidea9/gcc/arm/bin/../lib/gcc/arm-none-eabi/4.9.3/../../../../arm-none-eabi/lib/cortex-m7\libc.a(lib_a-mprec.o)
 .ARM.attributes